<html>
<body>
<pre>
<h1>µVision Build Log</h1>
<h2>Tool Versions:</h2>
IDE-Version: ¦ÌVision V5.20.0.0
Copyright (C) 2016 ARM Ltd and ARM Germany GmbH. All rights reserved.
License Information: paul hach hach Flex license: MDK-ARM Plus: 5 user(s) (mdk_std) Support: Jul 2016
 
Tool Versions:
Toolchain:       MDK-ARM Plus: 5 user(s)  Version: 5.20
Toolchain Path:  C:\Keil_v5\ARM\ARMCC\Bin
C Compiler:      Armcc.exe V5.06 update 2 (build 183)
Assembler:       Armasm.exe V5.06 update 2 (build 183)
Linker/Locator:  ArmLink.exe V5.06 update 2 (build 183)
Library Manager: ArmAr.exe V5.06 update 2 (build 183)
Hex Converter:   FromElf.exe V5.06 update 2 (build 183)
CPU DLL:         SARMCM3.DLL V5.20
Dialog DLL:      DARMCM1.DLL V1.14.0.0
Target DLL:      STLink\ST-LINKIII-KEIL_SWO.dll V2.0.18.0
Dialog DLL:      TARMCM1.DLL V1.10.0.0
 
<h2>Project:</h2>
C:\Users\pli\Downloads\CANopen\2.6.7\example\slave1_stm32f0_keil\slave1_stm32f0.uvprojx
Project File Date:  03/05/2015

<h2>Output:</h2>
*** Using Compiler 'V5.06 update 2 (build 183)', folder: 'C:\Keil_v5\ARM\ARMCC\Bin'
Build target 'slave1_stm32f0'
compiling co_commtask.c...
compiling co_emcy.c...
compiling co_cobhandler.c...
compiling co_event.c...
compiling co_led.c...
compiling co_errctrl.c...
compiling co_nmt.c...
compiling co_queue.c...
compiling co_pdo.c...
compiling co_odaccess.c...
..\..\colib\src\co_odaccess.c(2542): warning:  #111-D: statement is unreachable
  			break;
..\..\colib\src\co_odaccess.c: 1 warning, 0 errors
compiling co_store.c...
compiling co_stackinit.c...
compiling co_sdoserv.c...
compiling co_sync.c...
compiling co_timer.c...
compiling codrv_bxcan.c...
compiling codrv_canbittiming.c...
compiling codrv_error.c...
compiling gen_objdict.c...
compiling main.c...
compiling cpu_stm32f0_keil.c...
compiling stm32f0xx_hal.c...
compiling stm32f0xx_hal_cortex.c...
compiling stm32f0xx_hal_gpio.c...
compiling stm32f0xx_hal_rcc.c...
assembling startup_stm32f072xb.s...
compiling stm32f0xx_hal_rcc_ex.c...
compiling system_stm32f0xx.c...
linking...
Program Size: Code=27160 RO-data=1392 RW-data=380 ZI-data=2484  
".\Objects\slave1_stm32f0.axf" - 0 Error(s), 1 Warning(s).

<h2>Software Packages used:</h2>

Package Vendor: ARM
                http://www.keil.com/pack/ARM.CMSIS.5.0.0-Beta4.pack
                ARM::CMSIS:CORE:5.0.0
                CMSIS (Cortex Microcontroller Software Interface Standard)
   * Component: CORE Version: 5.0.0

<h2>Collection of Component include folders:</h2>
  C:\Users\pli\Downloads\CANopen\2.6.7\example\slave1_stm32f0_keil\RTE
  C:\Keil_v5\ARM\PACK\ARM\CMSIS\5.0.0-Beta4\CMSIS\Include
  C:\Keil_v5\ARM\PACK\Keil\STM32F0xx_DFP\1.5.0\Device\Include

<h2>Collection of Component Files used:</h2>

   * Component: ARM::CMSIS:CORE:5.0.0
Build Time Elapsed:  00:00:04
</pre>
</body>
</html>
