Component: ARM Compiler 5.06 update 2 (build 183) Tool: armlink [4d35b7]

==============================================================================

Section Cross References

    co_cobhandler.o(i.icoCheckRestrictedCobs) refers to co_cobhandler.o(.constdata) for restrictCobs
    co_cobhandler.o(i.icoCobChangeType) refers to co_cobhandler.o(i.icoCobFilterSet) for icoCobFilterSet
    co_cobhandler.o(i.icoCobChangeType) refers to co_cobhandler.o(.data) for cobRefCnt
    co_cobhandler.o(i.icoCobChangeType) refers to co_cobhandler.o(.bss) for cobData
    co_cobhandler.o(i.icoCobCheck) refers to co_cobhandler.o(.bss) for cobData
    co_cobhandler.o(i.icoCobCheck) refers to co_cobhandler.o(.data) for cobRefCnt
    co_cobhandler.o(i.icoCobCreate) refers to co_cobhandler.o(.data) for cobRefCnt
    co_cobhandler.o(i.icoCobCreate) refers to co_cobhandler.o(.bss) for cobData
    co_cobhandler.o(i.icoCobDisable) refers to co_cobhandler.o(i.icoCobFilterSet) for icoCobFilterSet
    co_cobhandler.o(i.icoCobDisable) refers to co_cobhandler.o(.data) for cobRefCnt
    co_cobhandler.o(i.icoCobDisable) refers to co_cobhandler.o(.bss) for cobData
    co_cobhandler.o(i.icoCobDisableAll) refers to co_cobhandler.o(i.icoCobDisable) for icoCobDisable
    co_cobhandler.o(i.icoCobDisableAll) refers to co_cobhandler.o(.data) for cobRefCnt
    co_cobhandler.o(i.icoCobEnable) refers to co_cobhandler.o(i.icoCobFilterSet) for icoCobFilterSet
    co_cobhandler.o(i.icoCobEnable) refers to co_cobhandler.o(.data) for cobRefCnt
    co_cobhandler.o(i.icoCobEnable) refers to co_cobhandler.o(.bss) for cobData
    co_cobhandler.o(i.icoCobFilterSet) refers to codrv_bxcan.o(i.codrvCanSetFilter) for codrvCanSetFilter
    co_cobhandler.o(i.icoCobFilterSet) refers to co_cobhandler.o(.bss) for cobData
    co_cobhandler.o(i.icoCobGet) refers to co_cobhandler.o(.data) for cobRefCnt
    co_cobhandler.o(i.icoCobGet) refers to co_cobhandler.o(.bss) for cobData
    co_cobhandler.o(i.icoCobGetPointer) refers to co_cobhandler.o(.data) for cobRefCnt
    co_cobhandler.o(i.icoCobGetPointer) refers to co_cobhandler.o(.bss) for cobData
    co_cobhandler.o(i.icoCobHandlerVarInit) refers to co_cobhandler.o(.data) for cobRefCnt
    co_cobhandler.o(i.icoCobSet) refers to co_cobhandler.o(i.icoCobFilterSet) for icoCobFilterSet
    co_cobhandler.o(i.icoCobSet) refers to co_cobhandler.o(.data) for cobRefCnt
    co_cobhandler.o(i.icoCobSet) refers to co_cobhandler.o(.bss) for cobData
    co_cobhandler.o(i.icoCobSetIgnore) refers to co_cobhandler.o(.data) for cobRefCnt
    co_cobhandler.o(i.icoCobSetIgnore) refers to co_cobhandler.o(.bss) for cobData
    co_cobhandler.o(i.icoCobSetInhibit) refers to co_queue.o(i.icoQueueDeleteInhibit) for icoQueueDeleteInhibit
    co_cobhandler.o(i.icoCobSetInhibit) refers to co_cobhandler.o(.data) for cobRefCnt
    co_cobhandler.o(i.icoCobSetInhibit) refers to co_cobhandler.o(.bss) for cobData
    co_commtask.o(i.coCommStateEvent) refers to co_errctrl.o(i.icoErrorBehavior) for icoErrorBehavior
    co_commtask.o(i.coCommStateEvent) refers to co_led.o(i.coLedSetState) for coLedSetState
    co_commtask.o(i.coCommStateEvent) refers to co_commtask.o(.constdata) for commTable
    co_commtask.o(i.coCommStateEvent) refers to co_commtask.o(.data) for canState
    co_commtask.o(i.coCommTask) refers to co_commtask.o(i.serviceManagement) for serviceManagement
    co_commtask.o(i.coCommTask) refers to co_queue.o(i.icoQueueHandler) for icoQueueHandler
    co_commtask.o(i.coCommTask) refers to codrv_bxcan.o(i.codrvCanDriverHandler) for codrvCanDriverHandler
    co_commtask.o(i.coCommTaskSet) refers to co_commtask.o(.data) for eventFlagTimer
    co_commtask.o(i.coEventRegister_CAN_STATE) refers to co_commtask.o(.data) for canStateTableCnt
    co_commtask.o(i.coEventRegister_COMM_EVENT) refers to co_commtask.o(.data) for commEventTableCnt
    co_commtask.o(i.icoCommTaskVarInit) refers to co_commtask.o(.data) for eventFlagMsg
    co_commtask.o(i.receiveMessageHandler) refers to co_queue.o(i.icoQueueGetReceiveMessage) for icoQueueGetReceiveMessage
    co_commtask.o(i.receiveMessageHandler) refers to co_commtask.o(i.__ARM_common_switch8) for __ARM_common_switch8
    co_commtask.o(i.receiveMessageHandler) refers to co_nmt.o(i.icoNmtMsgHandler) for icoNmtMsgHandler
    co_commtask.o(i.receiveMessageHandler) refers to co_pdo.o(i.icoPdoReceiveHandler) for icoPdoReceiveHandler
    co_commtask.o(i.receiveMessageHandler) refers to co_errctrl.o(i.icoNmtErrorCtrlHandler) for icoNmtErrorCtrlHandler
    co_commtask.o(i.receiveMessageHandler) refers to co_sdoserv.o(i.icoSdoServerHandler) for icoSdoServerHandler
    co_commtask.o(i.receiveMessageHandler) refers to co_pdo.o(i.icoPdoRtrHandler) for icoPdoRtrHandler
    co_commtask.o(i.serviceManagement) refers to co_commtask.o(i.receiveMessageHandler) for receiveMessageHandler
    co_commtask.o(i.serviceManagement) refers to co_timer.o(i.icoTimerCheck) for icoTimerCheck
[...]
    i.icoOdReset                             0x08004248   Section        0  co_odaccess.o(i.icoOdReset)
    i.icoPdoOperational                      0x080044b4   Section        0  co_pdo.o(i.icoPdoOperational)
    i.icoPdoPreOperational                   0x080044e8   Section        0  co_pdo.o(i.icoPdoPreOperational)
    i.icoPdoReceiveHandler                   0x08004514   Section        0  co_pdo.o(i.icoPdoReceiveHandler)
    i.icoPdoReset                            0x080045b8   Section        0  co_pdo.o(i.icoPdoReset)
    i.icoPdoRtrHandler                       0x08004660   Section        0  co_pdo.o(i.icoPdoRtrHandler)
    i.icoPdoSearchTrPdoIndex                 0x080046b0   Section        0  co_pdo.o(i.icoPdoSearchTrPdoIndex)
    i.icoPdoSetDefaultValue                  0x080046dc   Section        0  co_pdo.o(i.icoPdoSetDefaultValue)
    i.icoPdoVarInit                          0x080048e4   Section        0  co_pdo.o(i.icoPdoVarInit)
    i.icoQueueDeleteInhibit                  0x08004910   Section        0  co_queue.o(i.icoQueueDeleteInhibit)
    i.icoQueueGetReceiveMessage              0x08004938   Section        0  co_queue.o(i.icoQueueGetReceiveMessage)
    i.icoQueueHandler                        0x080049f4   Section        0  co_queue.o(i.icoQueueHandler)
    i.icoQueueVarInit                        0x08004aac   Section        0  co_queue.o(i.icoQueueVarInit)
    i.icoRecMapCheckObjLimitMapEntry         0x08004ae4   Section        0  co_pdo.o(i.icoRecMapCheckObjLimitMapEntry)
    i.icoRecMapCheckObjLimitMapTable         0x08004b40   Section        0  co_pdo.o(i.icoRecMapCheckObjLimitMapTable)
    i.icoRecMapGetObjectAddr                 0x08004bc8   Section        0  co_pdo.o(i.icoRecMapGetObjectAddr)
    i.icoRecMapGetObjectAddr_R               0x08004bfe   Section        0  co_pdo.o(i.icoRecMapGetObjectAddr_R)
    i.icoRecPdoCheckObjLimitCobid            0x08004c34   Section        0  co_pdo.o(i.icoRecPdoCheckObjLimitCobid)
    i.icoRecPdoCheckObjLimit_u16             0x08004c84   Section        0  co_pdo.o(i.icoRecPdoCheckObjLimit_u16)
    i.icoRecPdoCheckObjLimit_u8              0x08004cba   Section        0  co_pdo.o(i.icoRecPdoCheckObjLimit_u8)
    i.icoRecPdoGetObjectAddr                 0x08004d00   Section        0  co_pdo.o(i.icoRecPdoGetObjectAddr)
    i.icoRecPdoObjChanged                    0x08004d46   Section        0  co_pdo.o(i.icoRecPdoObjChanged)
    i.icoSdoCheckObjLimitCobId               0x08004da0   Section        0  co_sdoserv.o(i.icoSdoCheckObjLimitCobId)
    i.icoSdoCheckObjLimitNode                0x08004e40   Section        0  co_sdoserv.o(i.icoSdoCheckObjLimitNode)
    i.icoSdoCheckUserCheckWriteInd           0x08004e60   Section        0  co_sdoserv.o(i.icoSdoCheckUserCheckWriteInd)
    i.icoSdoCheckUserReadInd                 0x08004ec4   Section        0  co_sdoserv.o(i.icoSdoCheckUserReadInd)
    i.icoSdoCheckUserWriteInd                0x08004f3c   Section        0  co_sdoserv.o(i.icoSdoCheckUserWriteInd)
    i.icoSdoDeCodeMultiplexer                0x08004fb8   Section        0  co_sdoserv.o(i.icoSdoDeCodeMultiplexer)
    i.icoSdoGetObjectAddr                    0x08004fc8   Section        0  co_sdoserv.o(i.icoSdoGetObjectAddr)
    i.icoSdoObjChanged                       0x08005028   Section        0  co_sdoserv.o(i.icoSdoObjChanged)
    i.icoSdoServerAbort                      0x08005098   Section        0  co_sdoserv.o(i.icoSdoServerAbort)
    i.icoSdoServerHandler                    0x08005104   Section        0  co_sdoserv.o(i.icoSdoServerHandler)
    i.icoSdoServerReset                      0x080051b8   Section        0  co_sdoserv.o(i.icoSdoServerReset)
    i.icoSdoServerSetDefaultValue            0x08005240   Section        0  co_sdoserv.o(i.icoSdoServerSetDefaultValue)
    i.icoSdoServerVarInit                    0x080052c8   Section        0  co_sdoserv.o(i.icoSdoServerVarInit)
    i.icoStoreLoadReq                        0x08005300   Section        0  co_store.o(i.icoStoreLoadReq)
    i.icoTimerCheck                          0x08005308   Section        0  co_timer.o(i.icoTimerCheck)
    i.icoTrMapCheckObjLimitMapEntry          0x08005394   Section        0  co_pdo.o(i.icoTrMapCheckObjLimitMapEntry)
    i.icoTrMapCheckObjLimitMapTable          0x080053e4   Section        0  co_pdo.o(i.icoTrMapCheckObjLimitMapTable)
    i.icoTrMapGetObjectAddr                  0x08005432   Section        0  co_pdo.o(i.icoTrMapGetObjectAddr)
    i.icoTrMapGetObjectAddr_R                0x08005468   Section        0  co_pdo.o(i.icoTrMapGetObjectAddr_R)
    i.icoTrPdoCheckObjLimitCobid             0x0800549e   Section        0  co_pdo.o(i.icoTrPdoCheckObjLimitCobid)
    i.icoTrPdoCheckObjLimit_u16              0x080054ee   Section        0  co_pdo.o(i.icoTrPdoCheckObjLimit_u16)
    i.icoTrPdoCheckObjLimit_u8               0x08005524   Section        0  co_pdo.o(i.icoTrPdoCheckObjLimit_u8)
    i.icoTrPdoGetObjectAddr                  0x0800556c   Section        0  co_pdo.o(i.icoTrPdoGetObjectAddr)
    i.icoTrPdoObjChanged                     0x080055b6   Section        0  co_pdo.o(i.icoTrPdoObjChanged)
    i.icoTransmitMessage                     0x0800564c   Section        0  co_queue.o(i.icoTransmitMessage)
    i.inhibitTimer                           0x080057b8   Section        0  co_queue.o(i.inhibitTimer)
    inhibitTimer                             0x080057b9   Thumb Code    14  co_queue.o(i.inhibitTimer)
    i.ledGreenInd                            0x080057c8   Section        0  co_led.o(i.ledGreenInd)
    ledGreenInd                              0x080057c9   Thumb Code    30  co_led.o(i.ledGreenInd)
    i.ledGreenInd                            0x080057f0   Section        0  main.o(i.ledGreenInd)
    ledGreenInd                              0x080057f1   Thumb Code     2  main.o(i.ledGreenInd)
    i.ledRedInd                              0x080057f4   Section        0  co_led.o(i.ledRedInd)
    ledRedInd                                0x080057f5   Thumb Code    30  co_led.o(i.ledRedInd)
    i.ledRedInd                              0x0800581c   Section        0  main.o(i.ledRedInd)
    ledRedInd                                0x0800581d   Thumb Code     2  main.o(i.ledRedInd)
    i.ledTimerInd                            0x08005820   Section        0  co_led.o(i.ledTimerInd)
    ledTimerInd                              0x08005821   Thumb Code   148  co_led.o(i.ledTimerInd)
    i.main                                   0x080058c0   Section        0  main.o(i.main)
    i.moveInhibitToTransmitList              0x08005a14   Section        0  co_queue.o(i.moveInhibitToTransmitList)
    moveInhibitToTransmitList                0x08005a15   Thumb Code    96  co_queue.o(i.moveInhibitToTransmitList)
    i.nmtInd                                 0x08005a7c   Section        0  main.o(i.nmtInd)
    nmtInd                                   0x08005a7d   Thumb Code     6  main.o(i.nmtInd)
    i.nmtReset                               0x08005a84   Section        0  co_nmt.o(i.nmtReset)
    nmtReset                                 0x08005a85   Thumb Code    24  co_nmt.o(i.nmtReset)
    i.nmtResetAppl                           0x08005aa4   Section        0  co_nmt.o(i.nmtResetAppl)
    nmtResetAppl                             0x08005aa5   Thumb Code    28  co_nmt.o(i.nmtResetAppl)
    i.nmtResetComm                           0x08005ac4   Section        0  co_nmt.o(i.nmtResetComm)
    nmtResetComm                             0x08005ac5   Thumb Code   112  co_nmt.o(i.nmtResetComm)
    i.odCheckObjLimitsOther                  0x08005b3c   Section        0  co_odaccess.o(i.odCheckObjLimitsOther)
    odCheckObjLimitsOther                    0x08005b3d   Thumb Code   104  co_odaccess.o(i.odCheckObjLimitsOther)
    i.odGetObjAddr                           0x08005ba4   Section        0  co_odaccess.o(i.odGetObjAddr)
    odGetObjAddr                             0x08005ba5   Thumb Code   692  co_odaccess.o(i.odGetObjAddr)
    i.odGetObjAddr_R                         0x08005ea0   Section        0  co_odaccess.o(i.odGetObjAddr_R)
    odGetObjAddr_R                           0x08005ea1   Thumb Code   252  co_odaccess.o(i.odGetObjAddr_R)
    i.odGetObjDescIdx                        0x08005fb8   Section        0  co_odaccess.o(i.odGetObjDescIdx)
    odGetObjDescIdx                          0x08005fb9   Thumb Code   238  co_odaccess.o(i.odGetObjDescIdx)
    i.pdoEventTimer                          0x080060b4   Section        0  co_pdo.o(i.pdoEventTimer)
    pdoEventTimer                            0x080060b5   Thumb Code    16  co_pdo.o(i.pdoEventTimer)
    i.pdoInd                                 0x080060c4   Section        0  co_pdo.o(i.pdoInd)
    pdoInd                                   0x080060c5   Thumb Code    36  co_pdo.o(i.pdoInd)
    i.pdoInd                                 0x080060f0   Section        0  main.o(i.pdoInd)
    pdoInd                                   0x080060f1   Thumb Code     2  main.o(i.pdoInd)
    i.pdoRecEvent                            0x080060f2   Section        0  main.o(i.pdoRecEvent)
    pdoRecEvent                              0x080060f3   Thumb Code     2  main.o(i.pdoRecEvent)
    i.pdoRecEventInd                         0x080060f4   Section        0  co_pdo.o(i.pdoRecEventInd)
    pdoRecEventInd                           0x080060f5   Thumb Code    30  co_pdo.o(i.pdoRecEventInd)
    i.pdoReceiveData                         0x0800611c   Section        0  co_pdo.o(i.pdoReceiveData)
    pdoReceiveData                           0x0800611d   Thumb Code   148  co_pdo.o(i.pdoReceiveData)
    i.pdoReceiveEventTimer                   0x080061b4   Section        0  co_pdo.o(i.pdoReceiveEventTimer)
    pdoReceiveEventTimer                     0x080061b5   Thumb Code    14  co_pdo.o(i.pdoReceiveEventTimer)
    i.pdoTransmitData                        0x080061c2   Section        0  co_pdo.o(i.pdoTransmitData)
    pdoTransmitData                          0x080061c3   Thumb Code   118  co_pdo.o(i.pdoTransmitData)
    i.receiveMessageHandler                  0x08006238   Section        0  co_commtask.o(i.receiveMessageHandler)
    receiveMessageHandler                    0x08006239   Thumb Code    88  co_commtask.o(i.receiveMessageHandler)
    i.sdoCodeMultiplexer                     0x08006290   Section        0  co_sdoserv.o(i.sdoCodeMultiplexer)
    sdoCodeMultiplexer                       0x08006291   Thumb Code    16  co_sdoserv.o(i.sdoCodeMultiplexer)
    i.sdoServerCheckWriteInd                 0x080062a0   Section        0  main.o(i.sdoServerCheckWriteInd)
    sdoServerCheckWriteInd                   0x080062a1   Thumb Code    10  main.o(i.sdoServerCheckWriteInd)
    i.sdoServerReadInd                       0x080062aa   Section        0  main.o(i.sdoServerReadInd)
    sdoServerReadInd                         0x080062ab   Thumb Code     8  main.o(i.sdoServerReadInd)
    i.sdoServerReadIndCont                   0x080062b2   Section        0  co_sdoserv.o(i.sdoServerReadIndCont)
    sdoServerReadIndCont                     0x080062b3   Thumb Code   144  co_sdoserv.o(i.sdoServerReadIndCont)
    i.sdoServerReadInit                      0x08006342   Section        0  co_sdoserv.o(i.sdoServerReadInit)
    sdoServerReadInit                        0x08006343   Thumb Code   114  co_sdoserv.o(i.sdoServerReadInit)
    i.sdoServerReadSegment                   0x080063b4   Section        0  co_sdoserv.o(i.sdoServerReadSegment)
    sdoServerReadSegment                     0x080063b5   Thumb Code   184  co_sdoserv.o(i.sdoServerReadSegment)
    i.sdoServerWriteInd                      0x0800646c   Section        0  main.o(i.sdoServerWriteInd)
    sdoServerWriteInd                        0x0800646d   Thumb Code     8  main.o(i.sdoServerWriteInd)
    i.sdoServerWriteIndCont                  0x08006474   Section        0  co_sdoserv.o(i.sdoServerWriteIndCont)
    sdoServerWriteIndCont                    0x08006475   Thumb Code   114  co_sdoserv.o(i.sdoServerWriteIndCont)
    i.sdoServerWriteInit                     0x080064e6   Section        0  co_sdoserv.o(i.sdoServerWriteInit)
    sdoServerWriteInit                       0x080064e7   Thumb Code   464  co_sdoserv.o(i.sdoServerWriteInit)
    i.sdoServerWriteSegment                  0x080066b6   Section        0  co_sdoserv.o(i.sdoServerWriteSegment)
    sdoServerWriteSegment                    0x080066b7   Thumb Code   246  co_sdoserv.o(i.sdoServerWriteSegment)
    i.searchLastMessage                      0x080067ac   Section        0  co_queue.o(i.searchLastMessage)
    searchLastMessage                        0x080067ad   Thumb Code    82  co_queue.o(i.searchLastMessage)
    i.searchRecPdo                           0x08006808   Section        0  co_pdo.o(i.searchRecPdo)
    searchRecPdo                             0x08006809   Thumb Code    40  co_pdo.o(i.searchRecPdo)
    i.searchSdoServerIndex                   0x08006834   Section        0  co_sdoserv.o(i.searchSdoServerIndex)
    searchSdoServerIndex                     0x08006835   Thumb Code    40  co_sdoserv.o(i.searchSdoServerIndex)
    i.serviceManagement                      0x08006868   Section        0  co_commtask.o(i.serviceManagement)
    serviceManagement                        0x08006869   Thumb Code    68  co_commtask.o(i.serviceManagement)
    i.setPdoCob                              0x080068b8   Section        0  co_pdo.o(i.setPdoCob)
    setPdoCob                                0x080068b9   Thumb Code    52  co_pdo.o(i.setPdoCob)
    i.setupHbConsumer                        0x080068ec   Section        0  co_errctrl.o(i.setupHbConsumer)
    setupHbConsumer                          0x080068ed   Thumb Code   104  co_errctrl.o(i.setupHbConsumer)
    i.setupPdoTrMapTable                     0x0800695c   Section        0  co_pdo.o(i.setupPdoTrMapTable)
    setupPdoTrMapTable                       0x0800695d   Thumb Code   162  co_pdo.o(i.setupPdoTrMapTable)
    i.setupTrPdoTimer                        0x08006a04   Section        0  co_pdo.o(i.setupTrPdoTimer)
    setupTrPdoTimer                          0x08006a05   Thumb Code    92  co_pdo.o(i.setupTrPdoTimer)
    i.startLedTimer                          0x08006a64   Section        0  co_led.o(i.startLedTimer)
    startLedTimer                            0x08006a65   Thumb Code    44  co_led.o(i.startLedTimer)
    i.stopLedTimer                           0x08006aa8   Section        0  co_led.o(i.stopLedTimer)
    stopLedTimer                             0x08006aa9   Thumb Code    20  co_led.o(i.stopLedTimer)
    i.stopRecPdoTimer                        0x08006ac8   Section        0  co_pdo.o(i.stopRecPdoTimer)
    stopRecPdoTimer                          0x08006ac9   Thumb Code    14  co_pdo.o(i.stopRecPdoTimer)
    .constdata                               0x08006ad8   Section       64  co_cobhandler.o(.constdata)
    restrictCobs                             0x08006ad8   Data          64  co_cobhandler.o(.constdata)
    .constdata                               0x08006b18   Section       36  co_commtask.o(.constdata)
    commTable                                0x08006b18   Data          36  co_commtask.o(.constdata)
    .constdata                               0x08006b3c   Section       49  co_led.o(.constdata)
    ledBlinkTables                           0x08006b3c   Data          42  co_led.o(.constdata)
    priority                                 0x08006b66   Data           7  co_led.o(.constdata)
    .constdata                               0x08006b70   Section      208  co_sdoserv.o(.constdata)
    abortCodeTable                           0x08006b70   Data         208  co_sdoserv.o(.constdata)
    .constdata                               0x08006c40   Section       72  codrv_canbittiming.o(.constdata)
    .constdata                               0x08006c88   Section      688  gen_objdict.o(.constdata)
    od_const_u8                              0x08006c88   Data           6  gen_objdict.o(.constdata)
    od_const_u16                             0x08006c8e   Data           6  gen_objdict.o(.constdata)
    od_const_u32                             0x08006c94   Data          40  gen_objdict.o(.constdata)
    od_const_i16                             0x08006cbc   Data           4  gen_objdict.o(.constdata)
    od_const_i32                             0x08006cc0   Data           4  gen_objdict.o(.constdata)
    mapTableRPDO0                            0x08006e94   Data          28  gen_objdict.o(.constdata)
    .constdata                               0x08006f38   Section       16  stm32f0xx_hal_rcc.o(.constdata)
    .constdata                               0x08006f48   Section       32  stm32f0xx_hal_rcc_ex.o(.constdata)
    .data                                    0x20000000   Section        2  co_cobhandler.o(.data)
    cobRefCnt                                0x20000000   Data           2  co_cobhandler.o(.data)
    .data                                    0x20000004   Section       16  co_commtask.o(.data)
    eventFlagMsg                             0x20000004   Data           1  co_commtask.o(.data)
    eventFlagTimer                           0x20000005   Data           1  co_commtask.o(.data)
    eventFlagEventHandler                    0x20000006   Data           1  co_commtask.o(.data)
    canState                                 0x20000007   Data           1  co_commtask.o(.data)
    recQuState                               0x20000008   Data           1  co_commtask.o(.data)
    trQuState                                0x20000009   Data           1  co_commtask.o(.data)
    canStateTableCnt                         0x2000000a   Data           1  co_commtask.o(.data)
    commEventTableCnt                        0x2000000b   Data           1  co_commtask.o(.data)
    canStateTable                            0x2000000c   Data           4  co_commtask.o(.data)
    commEventTable                           0x20000010   Data           4  co_commtask.o(.data)
    .data                                    0x20000014   Section       21  co_emcy.o(.data)
    emcyCobId                                0x20000014   Data           4  co_emcy.o(.data)
    emcyCob                                  0x20000018   Data           2  co_emcy.o(.data)
    errorHistory                             0x2000001c   Data           4  co_emcy.o(.data)
    errorHistoryCnt                          0x20000020   Data           1  co_emcy.o(.data)
    inhibit                                  0x20000022   Data           2  co_emcy.o(.data)
    emcyTable                                0x20000024   Data           4  co_emcy.o(.data)
    emcyTableCnt                             0x20000028   Data           1  co_emcy.o(.data)
    .data                                    0x2000002c   Section       11  co_errctrl.o(.data)
    errCtrlTable                             0x2000002c   Data           4  co_errctrl.o(.data)
    errCtrlTableCnt                          0x20000030   Data           1  co_errctrl.o(.data)
    errCtrlCob                               0x20000032   Data           2  co_errctrl.o(.data)
    hbProdTime                               0x20000034   Data           2  co_errctrl.o(.data)
    errorBehavior                            0x20000036   Data           1  co_errctrl.o(.data)
    .data                                    0x20000038   Section        4  co_event.o(.data)
    pCoEvent                                 0x20000038   Data           4  co_event.o(.data)
    .data                                    0x2000003c   Section       36  co_led.o(.data)
    ledGreen                                 0x2000003c   Data           8  co_led.o(.data)
    ledRed                                   0x20000044   Data           8  co_led.o(.data)
    ledTimerOn                               0x2000004c   Data           1  co_led.o(.data)
    ledCnt                                   0x2000004d   Data           1  co_led.o(.data)
    ledGreenTable                            0x20000050   Data           4  co_led.o(.data)
    ledRedTable                              0x20000054   Data           4  co_led.o(.data)
    ledGreenTableCnt                         0x20000058   Data           1  co_led.o(.data)
    ledRedTableCnt                           0x20000059   Data           1  co_led.o(.data)
    saveStates                               0x2000005c   Data           4  co_led.o(.data)
    .data                                    0x20000060   Section       20  co_nmt.o(.data)
    nodeId                                   0x20000060   Data           1  co_nmt.o(.data)
    nmtState                                 0x20000061   Data           1  co_nmt.o(.data)
    nmtTable                                 0x20000064   Data           4  co_nmt.o(.data)
    nmtTableCnt                              0x20000068   Data           1  co_nmt.o(.data)
    nmtCob                                   0x2000006a   Data           2  co_nmt.o(.data)
    persistantNodeId                         0x2000006c   Data           1  co_nmt.o(.data)
    nodeIdFunction                           0x20000070   Data           4  co_nmt.o(.data)
    .data                                    0x20000074   Section      128  co_odaccess.o(.data)
    pOdAssingTable                           0x20000074   Data           4  co_odaccess.o(.data)
    odAssignCnt                              0x20000078   Data           2  co_odaccess.o(.data)
    pObjDescTable                            0x2000007c   Data           4  co_odaccess.o(.data)
    pOdConst_u8                              0x20000080   Data           4  co_odaccess.o(.data)
    pOdConst_u16                             0x20000084   Data           4  co_odaccess.o(.data)
    pOdConst_u32                             0x20000088   Data           4  co_odaccess.o(.data)
    pOdConst_r32                             0x2000008c   Data           4  co_odaccess.o(.data)
    pOdVar_u8                                0x20000090   Data           4  co_odaccess.o(.data)
    pOdVar_u16                               0x20000094   Data           4  co_odaccess.o(.data)
    pOdVar_u32                               0x20000098   Data           4  co_odaccess.o(.data)
    pOdVar_r32                               0x2000009c   Data           4  co_odaccess.o(.data)
    pOdConst_i8                              0x200000a0   Data           4  co_odaccess.o(.data)
    pOdConst_i16                             0x200000a4   Data           4  co_odaccess.o(.data)
    pOdConst_i32                             0x200000a8   Data           4  co_odaccess.o(.data)
    pOdVar_i8                                0x200000ac   Data           4  co_odaccess.o(.data)
    pOdVar_i16                               0x200000b0   Data           4  co_odaccess.o(.data)
    pOdVar_i32                               0x200000b4   Data           4  co_odaccess.o(.data)
    pOdPtr_u8                                0x200000b8   Data           4  co_odaccess.o(.data)
    pOdPtr_u16                               0x200000bc   Data           4  co_odaccess.o(.data)
    pOdPtr_u32                               0x200000c0   Data           4  co_odaccess.o(.data)
    pOdPtr_i8                                0x200000c4   Data           4  co_odaccess.o(.data)
    pOdPtr_i16                               0x200000c8   Data           4  co_odaccess.o(.data)
    pOdPtr_i32                               0x200000cc   Data           4  co_odaccess.o(.data)
    pOdPtr_r32                               0x200000d0   Data           4  co_odaccess.o(.data)
    pOdConst_VS                              0x200000d4   Data           4  co_odaccess.o(.data)
    pOdConst_VS_Len                          0x200000d8   Data           4  co_odaccess.o(.data)
    pOdPtr_VS                                0x200000dc   Data           4  co_odaccess.o(.data)
    pOdPtr_VS_Len                            0x200000e0   Data           4  co_odaccess.o(.data)
    pOdPtr_OS                                0x200000e4   Data           4  co_odaccess.o(.data)
    pOdLen_OS                                0x200000e8   Data           4  co_odaccess.o(.data)
    pOdPtr_Domain                            0x200000ec   Data           4  co_odaccess.o(.data)
    pOdLen_Domain                            0x200000f0   Data           4  co_odaccess.o(.data)
    .data                                    0x200000f4   Section       20  co_pdo.o(.data)
    pdoTrCnt                                 0x200000f4   Data           2  co_pdo.o(.data)
    pdoRecCnt                                0x200000f6   Data           2  co_pdo.o(.data)
    pdoEventTable                            0x200000f8   Data           4  co_pdo.o(.data)
    pdoEventTableCnt                         0x200000fc   Data           2  co_pdo.o(.data)
    pdoRecEventTable                         0x20000100   Data           4  co_pdo.o(.data)
    pdoRecEventTableCnt                      0x20000104   Data           2  co_pdo.o(.data)
    mapTableTrPdoCnt                         0x20000106   Data           2  co_pdo.o(.data)
    .data                                    0x20000108   Section       17  co_queue.o(.data)
    recBufferWrCnt                           0x20000108   Data           2  co_queue.o(.data)
    recBufferRdCnt                           0x2000010a   Data           2  co_queue.o(.data)
    drvBufAccess                             0x2000010c   Data           1  co_queue.o(.data)
    pInhibitList                             0x20000110   Data           4  co_queue.o(.data)
    pTransmitList                            0x20000114   Data           4  co_queue.o(.data)
    recBufFull                               0x20000118   Data           1  co_queue.o(.data)
    .data                                    0x2000011c   Section       20  co_sdoserv.o(.data)
    sdoServerCnt                             0x2000011c   Data           1  co_sdoserv.o(.data)
    sdoServerReadTableCnt                    0x2000011d   Data           1  co_sdoserv.o(.data)
    sdoServerReadTable                       0x20000120   Data           4  co_sdoserv.o(.data)
    sdoServerWriteTable                      0x20000124   Data           4  co_sdoserv.o(.data)
    sdoServerWriteTableCnt                   0x20000128   Data           1  co_sdoserv.o(.data)
    sdoServerCheckWriteTableCnt              0x20000129   Data           1  co_sdoserv.o(.data)
    sdoServerCheckWriteTable                 0x2000012c   Data           4  co_sdoserv.o(.data)
    .data                                    0x20000130   Section       12  co_timer.o(.data)
    timerInterVal                            0x20000130   Data           4  co_timer.o(.data)
    pCoTimer                                 0x20000134   Data           4  co_timer.o(.data)
    actTick                                  0x20000138   Data           4  co_timer.o(.data)
    .data                                    0x2000013c   Section       16  codrv_bxcan.o(.data)
    canEnabled                               0x2000013c   Data           1  codrv_bxcan.o(.data)
    transmissionIsActive                     0x2000013d   Data           1  codrv_bxcan.o(.data)
    oldEsrValue                              0x20000140   Data           4  codrv_bxcan.o(.data)
    pTxBuf                                   0x20000144   Data           4  codrv_bxcan.o(.data)
    nextAccEntry                             0x20000148   Data           2  codrv_bxcan.o(.data)
    errorWaitCounter                         0x2000014a   Data           2  codrv_bxcan.o(.data)
    .data                                    0x2000014c   Section        6  codrv_error.o(.data)
    canErrorFlags                            0x2000014c   Data           6  codrv_error.o(.data)
    .data                                    0x20000154   Section       16  gen_objdict.o(.data)
    od_u8                                    0x20000154   Data           4  gen_objdict.o(.data)
    od_u16                                   0x20000158   Data           2  gen_objdict.o(.data)
    od_i16                                   0x2000015a   Data           4  gen_objdict.o(.data)
    od_i32                                   0x20000160   Data           4  gen_objdict.o(.data)
    .data                                    0x20000164   Section        4  stm32f0xx_hal.o(.data)
    uwTick                                   0x20000164   Data           4  stm32f0xx_hal.o(.data)
    .data                                    0x20000168   Section       20  system_stm32f0xx.o(.data)
    .bss                                     0x2000017c   Section      416  co_cobhandler.o(.bss)
    cobData                                  0x2000017c   Data         416  co_cobhandler.o(.bss)
    .bss                                     0x2000031c   Section       64  co_errctrl.o(.bss)
    hbProdTimer                              0x2000031c   Data          24  co_errctrl.o(.bss)
    hbConsumer                               0x20000334   Data          40  co_errctrl.o(.bss)
    .bss                                     0x2000035c   Section       24  co_led.o(.bss)
    ledTimer                                 0x2000035c   Data          24  co_led.o(.bss)
    .bss                                     0x20000374   Section      144  co_pdo.o(.bss)
    pdoTransmit                              0x20000374   Data          56  co_pdo.o(.bss)
    pdoReceive                               0x200003ac   Data          60  co_pdo.o(.bss)
    mapTablesTrPDO                           0x200003e8   Data          28  co_pdo.o(.bss)
    .bss                                     0x20000404   Section      760  co_queue.o(.bss)
    recDataBuffer                            0x20000404   Data         360  co_queue.o(.bss)
    trDataBuffer                             0x2000056c   Data         400  co_queue.o(.bss)
    .bss                                     0x200006fc   Section       36  co_sdoserv.o(.bss)
    sdoServer                                0x200006fc   Data          36  co_sdoserv.o(.bss)
    .bss                                     0x20000720   Section       12  gen_objdict.o(.bss)
    od_u32                                   0x20000720   Data          12  gen_objdict.o(.bss)
    STACK                                    0x20000730   Section     1024  startup_stm32f072xb.o(STACK)

    Global Symbols

    Symbol Name                              Value     Ov Type        Size  Object(Section)

    BuildAttributes$$THM_ISAv3M$S$PE$A:L22$X:L11$S22$IEEE1$IW$USESV6$~STKCKD$USESV7$~SHL$OSPACE$EBA8$MICROLIB$REQ8$PRES8$EABIv2 0x00000000   Number         0  anon$$obj.o ABSOLUTE
    __ARM_use_no_argv                        0x00000000   Number         0  main.o ABSOLUTE
    __cpp_initialize__aeabi_                  - Undefined Weak Reference
    __cxa_finalize                            - Undefined Weak Reference
    _clock_init                               - Undefined Weak Reference
    _microlib_exit                            - Undefined Weak Reference
    __Vectors_Size                           0x000000c0   Number         0  startup_stm32f072xb.o ABSOLUTE
    __Vectors                                0x08000000   Data           4  startup_stm32f072xb.o(RESET)
    __Vectors_End                            0x080000c0   Data           0  startup_stm32f072xb.o(RESET)
    __main                                   0x080000c1   Thumb Code     0  entry.o(.ARM.Collect$$$$00000000)
    _main_stk                                0x080000c1   Thumb Code     0  entry2.o(.ARM.Collect$$$$00000001)
    _main_scatterload                        0x080000c5   Thumb Code     0  entry5.o(.ARM.Collect$$$$00000004)
    __main_after_scatterload                 0x080000c9   Thumb Code     0  entry5.o(.ARM.Collect$$$$00000004)
    _main_clock                              0x080000c9   Thumb Code     0  entry7b.o(.ARM.Collect$$$$00000008)
    _main_cpp_init                           0x080000c9   Thumb Code     0  entry8b.o(.ARM.Collect$$$$0000000A)
    _main_init                               0x080000c9   Thumb Code     0  entry9a.o(.ARM.Collect$$$$0000000B)
    __rt_final_cpp                           0x080000d1   Thumb Code     0  entry10a.o(.ARM.Collect$$$$0000000D)
    __rt_final_exit                          0x080000d1   Thumb Code     0  entry11a.o(.ARM.Collect$$$$0000000F)
    Reset_Handler                            0x080000d5   Thumb Code     8  startup_stm32f072xb.o(.text)
    NMI_Handler                              0x080000dd   Thumb Code     2  startup_stm32f072xb.o(.text)
    HardFault_Handler                        0x080000df   Thumb Code     2  startup_stm32f072xb.o(.text)
    SVC_Handler                              0x080000e1   Thumb Code     2  startup_stm32f072xb.o(.text)
    PendSV_Handler                           0x080000e3   Thumb Code     2  startup_stm32f072xb.o(.text)
    ADC1_COMP_IRQHandler                     0x080000e7   Thumb Code     0  startup_stm32f072xb.o(.text)
    DMA1_Channel1_IRQHandler                 0x080000e7   Thumb Code     0  startup_stm32f072xb.o(.text)
    DMA1_Channel2_3_IRQHandler               0x080000e7   Thumb Code     0  startup_stm32f072xb.o(.text)
    DMA1_Channel4_5_6_7_IRQHandler           0x080000e7   Thumb Code     0  startup_stm32f072xb.o(.text)
    EXTI0_1_IRQHandler                       0x080000e7   Thumb Code     0  startup_stm32f072xb.o(.text)
    EXTI2_3_IRQHandler                       0x080000e7   Thumb Code     0  startup_stm32f072xb.o(.text)
    EXTI4_15_IRQHandler                      0x080000e7   Thumb Code     0  startup_stm32f072xb.o(.text)
    FLASH_IRQHandler                         0x080000e7   Thumb Code     0  startup_stm32f072xb.o(.text)
    I2C1_IRQHandler                          0x080000e7   Thumb Code     0  startup_stm32f072xb.o(.text)
    I2C2_IRQHandler                          0x080000e7   Thumb Code     0  startup_stm32f072xb.o(.text)
    PVD_VDDIO2_IRQHandler                    0x080000e7   Thumb Code     0  startup_stm32f072xb.o(.text)
    RCC_CRS_IRQHandler                       0x080000e7   Thumb Code     0  startup_stm32f072xb.o(.text)
    RTC_IRQHandler                           0x080000e7   Thumb Code     0  startup_stm32f072xb.o(.text)
    SPI1_IRQHandler                          0x080000e7   Thumb Code     0  startup_stm32f072xb.o(.text)
    SPI2_IRQHandler                          0x080000e7   Thumb Code     0  startup_stm32f072xb.o(.text)
    TIM14_IRQHandler                         0x080000e7   Thumb Code     0  startup_stm32f072xb.o(.text)
    TIM15_IRQHandler                         0x080000e7   Thumb Code     0  startup_stm32f072xb.o(.text)
    TIM16_IRQHandler                         0x080000e7   Thumb Code     0  startup_stm32f072xb.o(.text)
    TIM17_IRQHandler                         0x080000e7   Thumb Code     0  startup_stm32f072xb.o(.text)
    TIM1_BRK_UP_TRG_COM_IRQHandler           0x080000e7   Thumb Code     0  startup_stm32f072xb.o(.text)
    TIM1_CC_IRQHandler                       0x080000e7   Thumb Code     0  startup_stm32f072xb.o(.text)
    TIM2_IRQHandler                          0x080000e7   Thumb Code     0  startup_stm32f072xb.o(.text)
    TIM3_IRQHandler                          0x080000e7   Thumb Code     0  startup_stm32f072xb.o(.text)
    TIM6_DAC_IRQHandler                      0x080000e7   Thumb Code     0  startup_stm32f072xb.o(.text)
    TIM7_IRQHandler                          0x080000e7   Thumb Code     0  startup_stm32f072xb.o(.text)
    TSC_IRQHandler                           0x080000e7   Thumb Code     0  startup_stm32f072xb.o(.text)
    USART1_IRQHandler                        0x080000e7   Thumb Code     0  startup_stm32f072xb.o(.text)
    USART2_IRQHandler                        0x080000e7   Thumb Code     0  startup_stm32f072xb.o(.text)
    USART3_4_IRQHandler                      0x080000e7   Thumb Code     0  startup_stm32f072xb.o(.text)
    USB_IRQHandler                           0x080000e7   Thumb Code     0  startup_stm32f072xb.o(.text)
    WWDG_IRQHandler                          0x080000e7   Thumb Code     0  startup_stm32f072xb.o(.text)
    __aeabi_uidiv                            0x080000f1   Thumb Code     0  uidiv.o(.text)
    __aeabi_uidivmod                         0x080000f1   Thumb Code    44  uidiv.o(.text)
    __aeabi_memcpy                           0x0800011d   Thumb Code    36  memcpya.o(.text)
    __aeabi_memcpy4                          0x0800011d   Thumb Code     0  memcpya.o(.text)
    __aeabi_memcpy8                          0x0800011d   Thumb Code     0  memcpya.o(.text)
    __aeabi_memset                           0x08000141   Thumb Code    14  memseta.o(.text)
    __aeabi_memset4                          0x08000141   Thumb Code     0  memseta.o(.text)
    __aeabi_memset8                          0x08000141   Thumb Code     0  memseta.o(.text)
    __aeabi_memclr                           0x0800014f   Thumb Code     4  memseta.o(.text)
    __aeabi_memclr4                          0x0800014f   Thumb Code     0  memseta.o(.text)
    __aeabi_memclr8                          0x0800014f   Thumb Code     0  memseta.o(.text)
    _memset$wrapper                          0x08000153   Thumb Code    18  memseta.o(.text)
    __scatterload                            0x08000165   Thumb Code    28  init.o(.text)
    __scatterload_rt2                        0x08000165   Thumb Code     0  init.o(.text)
    __decompress                             0x08000189   Thumb Code     0  __dczerorl.o(.text)
    __decompress0                            0x08000189   Thumb Code    58  __dczerorl.o(.text)
    CEC_CAN_IRQHandler                       0x080001c3   Thumb Code    16  cpu_stm32f0_keil.o(i.CEC_CAN_IRQHandler)
    HAL_GPIO_Init                            0x080001d5   Thumb Code   462  stm32f0xx_hal_gpio.o(i.HAL_GPIO_Init)
    HAL_GetTick                              0x080003c1   Thumb Code     6  stm32f0xx_hal.o(i.HAL_GetTick)
    HAL_IncTick                              0x080003cd   Thumb Code    12  stm32f0xx_hal.o(i.HAL_IncTick)
    HAL_Init                                 0x080003dd   Thumb Code    28  stm32f0xx_hal.o(i.HAL_Init)
    HAL_InitTick                             0x080003fd   Thumb Code    38  stm32f0xx_hal.o(i.HAL_InitTick)
    HAL_MspInit                              0x08000423   Thumb Code     2  stm32f0xx_hal.o(i.HAL_MspInit)
    HAL_NVIC_EnableIRQ                       0x08000425   Thumb Code    22  stm32f0xx_hal_cortex.o(i.HAL_NVIC_EnableIRQ)
    HAL_NVIC_SetPendingIRQ                   0x08000441   Thumb Code    22  stm32f0xx_hal_cortex.o(i.HAL_NVIC_SetPendingIRQ)
    HAL_NVIC_SetPriority                     0x0800045d   Thumb Code    18  stm32f0xx_hal_cortex.o(i.HAL_NVIC_SetPriority)
    HAL_RCC_ClockConfig                      0x08000471   Thumb Code   702  stm32f0xx_hal_rcc_ex.o(i.HAL_RCC_ClockConfig)
    HAL_RCC_GetHCLKFreq                      0x0800073d   Thumb Code    32  stm32f0xx_hal_rcc.o(i.HAL_RCC_GetHCLKFreq)
    HAL_RCC_GetSysClockFreq                  0x08000769   Thumb Code   162  stm32f0xx_hal_rcc_ex.o(i.HAL_RCC_GetSysClockFreq)
    HAL_RCC_OscConfig                        0x08000821   Thumb Code  1352  stm32f0xx_hal_rcc_ex.o(i.HAL_RCC_OscConfig)
    HAL_SYSTICK_Callback                     0x08000d6d   Thumb Code     2  stm32f0xx_hal_cortex.o(i.HAL_SYSTICK_Callback)
    HAL_SYSTICK_Config                       0x08000d71   Thumb Code    46  stm32f0xx_hal_cortex.o(i.HAL_SYSTICK_Config)
    HAL_SYSTICK_IRQHandler                   0x08000da9   Thumb Code     8  stm32f0xx_hal_cortex.o(i.HAL_SYSTICK_IRQHandler)
    NVIC_Configuration                       0x08000db1   Thumb Code    20  cpu_stm32f0_keil.o(i.NVIC_Configuration)
    SysTick_Handler                          0x08000eb5   Thumb Code    16  cpu_stm32f0_keil.o(i.SysTick_Handler)
    SystemClock_Config                       0x08000ec5   Thumb Code    78  cpu_stm32f0_keil.o(i.SystemClock_Config)
    SystemInit                               0x08000f15   Thumb Code   102  system_stm32f0xx.o(i.SystemInit)
    __ARM_common_switch8                     0x08000f8d   Thumb Code    28  co_commtask.o(i.__ARM_common_switch8)
    __scatterload_copy                       0x08000fa9   Thumb Code    14  handlers.o(i.__scatterload_copy)
    __scatterload_null                       0x08000fb7   Thumb Code     2  handlers.o(i.__scatterload_null)
    __scatterload_zeroinit                   0x08000fb9   Thumb Code    14  handlers.o(i.__scatterload_zeroinit)
    coCanOpenStackInit                       0x080013fd   Thumb Code   194  gen_objdict.o(i.coCanOpenStackInit)
    coCanOpenStackVarInit                    0x080014e1   Thumb Code    74  co_stackinit.o(i.coCanOpenStackVarInit)
    coCommStateEvent                         0x0800152d   Thumb Code   262  co_commtask.o(i.coCommStateEvent)
    coCommTask                               0x08001655   Thumb Code    16  co_commtask.o(i.coCommTask)
    coCommTaskSet                            0x08001665   Thumb Code    42  co_commtask.o(i.coCommTaskSet)
    coEmcyProducerInit                       0x0800169d   Thumb Code    34  co_emcy.o(i.coEmcyProducerInit)
    coEmcyWriteReq                           0x080016c9   Thumb Code   280  co_emcy.o(i.coEmcyWriteReq)
    coErrorCtrlInit                          0x080017f1   Thumb Code   110  co_errctrl.o(i.coErrorCtrlInit)
    coEventRegister_CAN_STATE                0x08001879   Thumb Code    38  co_commtask.o(i.coEventRegister_CAN_STATE)
    coEventRegister_COMM_EVENT               0x080018a9   Thumb Code    38  co_commtask.o(i.coEventRegister_COMM_EVENT)
    coEventRegister_ERRCTRL                  0x080018d9   Thumb Code    38  co_errctrl.o(i.coEventRegister_ERRCTRL)
    coEventRegister_LED_GREEN                0x08001909   Thumb Code    48  co_led.o(i.coEventRegister_LED_GREEN)
    coEventRegister_LED_RED                  0x08001945   Thumb Code    48  co_led.o(i.coEventRegister_LED_RED)
    coEventRegister_NMT                      0x08001981   Thumb Code    38  co_nmt.o(i.coEventRegister_NMT)
    coEventRegister_PDO                      0x080019b1   Thumb Code    38  co_pdo.o(i.coEventRegister_PDO)
    coEventRegister_PDO_REC_EVENT            0x080019e1   Thumb Code    38  co_pdo.o(i.coEventRegister_PDO_REC_EVENT)
    coEventRegister_SDO_SERVER_CHECK_WRITE   0x08001a11   Thumb Code    38  co_sdoserv.o(i.coEventRegister_SDO_SERVER_CHECK_WRITE)
    coEventRegister_SDO_SERVER_READ          0x08001a41   Thumb Code    38  co_sdoserv.o(i.coEventRegister_SDO_SERVER_READ)
    coEventRegister_SDO_SERVER_WRITE         0x08001a71   Thumb Code    38  co_sdoserv.o(i.coEventRegister_SDO_SERVER_WRITE)
    coLedInit                                0x08001aa1   Thumb Code    16  co_led.o(i.coLedInit)
    coLedSetGreen                            0x08001ab1   Thumb Code   112  co_led.o(i.coLedSetGreen)
    coLedSetRed                              0x08001b31   Thumb Code   112  co_led.o(i.coLedSetRed)
    coLedSetState                            0x08001bb1   Thumb Code   100  co_led.o(i.coLedSetState)
    coNmtGetNodeId                           0x08001c1d   Thumb Code     6  co_nmt.o(i.coNmtGetNodeId)
    coNmtGetState                            0x08001c29   Thumb Code     6  co_nmt.o(i.coNmtGetState)
    coNmtInit                                0x08001c35   Thumb Code    74  co_nmt.o(i.coNmtInit)
    coNumMemcpy                              0x08001c89   Thumb Code    28  co_odaccess.o(i.coNumMemcpy)
    coNumMemcpyPack                          0x08001ca5   Thumb Code    44  co_odaccess.o(i.coNumMemcpyPack)
    coNumMemcpyUnpack                        0x08001cd1   Thumb Code    38  co_odaccess.o(i.coNumMemcpyUnpack)
    coOdGetDefaultVal_u16                    0x08001cf9   Thumb Code   126  co_odaccess.o(i.coOdGetDefaultVal_u16)
    coOdGetDefaultVal_u32                    0x08001d7d   Thumb Code   166  co_odaccess.o(i.coOdGetDefaultVal_u32)
    coOdGetDefaultVal_u8                     0x08001e29   Thumb Code   158  co_odaccess.o(i.coOdGetDefaultVal_u8)
    coOdGetObjAddr                           0x08001ecd   Thumb Code    38  co_odaccess.o(i.coOdGetObjAddr)
    coOdGetObjAttribute                      0x08001ef3   Thumb Code     6  co_odaccess.o(i.coOdGetObjAttribute)
    coOdGetObjDescPtr                        0x08001ef9   Thumb Code    50  co_odaccess.o(i.coOdGetObjDescPtr)
    coOdGetObjSize                           0x08001f31   Thumb Code   588  co_odaccess.o(i.coOdGetObjSize)
    coOdInitOdPtr                            0x080021e1   Thumb Code   208  co_odaccess.o(i.coOdInitOdPtr)
    coPdoReceiveInit                         0x08002335   Thumb Code   166  co_pdo.o(i.coPdoReceiveInit)
    coPdoReqNr                               0x080023e9   Thumb Code   106  co_pdo.o(i.coPdoReqNr)
    coPdoTransmitInit                        0x08002455   Thumb Code   266  co_pdo.o(i.coPdoTransmitInit)
    coQueueGetNextTransmitMessage            0x08002571   Thumb Code    48  co_queue.o(i.coQueueGetNextTransmitMessage)
    coQueueGetReceiveBuffer                  0x080025a9   Thumb Code    42  co_queue.o(i.coQueueGetReceiveBuffer)
    coQueueInit                              0x080025e5   Thumb Code    74  co_queue.o(i.coQueueInit)
    coQueueMsgTransmitted                    0x0800264d   Thumb Code    10  co_queue.o(i.coQueueMsgTransmitted)
    coQueueReceiveBufferIsFilled             0x08002659   Thumb Code    40  co_queue.o(i.coQueueReceiveBufferIsFilled)
    coSdoServerInit                          0x08002689   Thumb Code   128  co_sdoserv.o(i.coSdoServerInit)
    coTimerInit                              0x08002715   Thumb Code    16  co_timer.o(i.coTimerInit)
    coTimerIsActive                          0x08002731   Thumb Code    26  co_timer.o(i.coTimerIsActive)
    coTimerStart                             0x08002751   Thumb Code    98  co_timer.o(i.coTimerStart)
    coTimerStop                              0x080027b9   Thumb Code    50  co_timer.o(i.coTimerStop)
    coTimerTick                              0x080027f1   Thumb Code    20  co_timer.o(i.coTimerTick)
    codrvCanDisable                          0x08002809   Thumb Code    74  codrv_bxcan.o(i.codrvCanDisable)
    codrvCanDriverHandler                    0x0800285d   Thumb Code    12  codrv_bxcan.o(i.codrvCanDriverHandler)
    codrvCanEnable                           0x08002869   Thumb Code    60  codrv_bxcan.o(i.codrvCanEnable)
    codrvCanEnableInterrupt                  0x080028a9   Thumb Code    10  cpu_stm32f0_keil.o(i.codrvCanEnableInterrupt)
    codrvCanErrorGetFlags                    0x080028b5   Thumb Code     4  codrv_error.o(i.codrvCanErrorGetFlags)
    codrvCanErrorInformStack                 0x080029a9   Thumb Code   198  codrv_error.o(i.codrvCanErrorInformStack)
    codrvCanErrorInit                        0x08002a6f   Thumb Code    22  codrv_error.o(i.codrvCanErrorInit)
    codrvCanErrorInterrupt                   0x08002a85   Thumb Code    52  codrv_bxcan.o(i.codrvCanErrorInterrupt)
    codrvCanInit                             0x08002b2d   Thumb Code    22  codrv_bxcan.o(i.codrvCanInit)
    codrvCanReceiveInterrupt                 0x08002c6d   Thumb Code   216  codrv_bxcan.o(i.codrvCanReceiveInterrupt)
    codrvCanSetBitRate                       0x08002d4d   Thumb Code    54  codrv_bxcan.o(i.codrvCanSetBitRate)
    codrvCanSetFilter                        0x08002d89   Thumb Code   112  codrv_bxcan.o(i.codrvCanSetFilter)
    codrvCanSetTxInterrupt                   0x08002e89   Thumb Code    10  cpu_stm32f0_keil.o(i.codrvCanSetTxInterrupt)
    codrvCanStartTransmission                0x08002e95   Thumb Code    30  codrv_bxcan.o(i.codrvCanStartTransmission)
    codrvCanTransmitInterrupt                0x08002f51   Thumb Code    76  codrv_bxcan.o(i.codrvCanTransmitInterrupt)
    codrvHardwareCanInit                     0x08002fad   Thumb Code   122  cpu_stm32f0_keil.o(i.codrvHardwareCanInit)
    codrvHardwareInit                        0x08003031   Thumb Code    20  cpu_stm32f0_keil.o(i.codrvHardwareInit)
    codrvTimerISR                            0x08003045   Thumb Code     8  cpu_stm32f0_keil.o(i.codrvTimerISR)
    codrvTimerSetup                          0x0800304d   Thumb Code    56  cpu_stm32f0_keil.o(i.codrvTimerSetup)
    icoCheckRestrictedCobs                   0x0800318d   Thumb Code    54  co_cobhandler.o(i.icoCheckRestrictedCobs)
    icoCobCheck                              0x080031c9   Thumb Code    92  co_cobhandler.o(i.icoCobCheck)
    icoCobCreate                             0x0800322d   Thumb Code   126  co_cobhandler.o(i.icoCobCreate)
    icoCobDisable                            0x080032b9   Thumb Code    48  co_cobhandler.o(i.icoCobDisable)
    icoCobDisableAll                         0x080032f1   Thumb Code    26  co_cobhandler.o(i.icoCobDisableAll)
    icoCobGetPointer                         0x080033b9   Thumb Code    24  co_cobhandler.o(i.icoCobGetPointer)
    icoCobHandlerVarInit                     0x080033d9   Thumb Code     8  co_cobhandler.o(i.icoCobHandlerVarInit)
    icoCobSet                                0x080033e5   Thumb Code   132  co_cobhandler.o(i.icoCobSet)
    icoCobSetInhibit                         0x08003471   Thumb Code    42  co_cobhandler.o(i.icoCobSetInhibit)
    icoCommTaskVarInit                       0x080034a5   Thumb Code    42  co_commtask.o(i.icoCommTaskVarInit)
    icoEmcyCheckObjLimitCobid                0x080034f1   Thumb Code    72  co_emcy.o(i.icoEmcyCheckObjLimitCobid)
    icoEmcyCheckObjLimitHist                 0x08003541   Thumb Code    24  co_emcy.o(i.icoEmcyCheckObjLimitHist)
    icoEmcyGetObjectAddr                     0x0800355d   Thumb Code    68  co_emcy.o(i.icoEmcyGetObjectAddr)
    icoEmcyObjChanged                        0x080035b5   Thumb Code    78  co_emcy.o(i.icoEmcyObjChanged)
    icoEmcyProducerSetDefaultValue           0x08003619   Thumb Code    92  co_emcy.o(i.icoEmcyProducerSetDefaultValue)
    icoEmcyReset                             0x08003685   Thumb Code    20  co_emcy.o(i.icoEmcyReset)
    icoEmcyVarInit                           0x080036a1   Thumb Code    28  co_emcy.o(i.icoEmcyVarInit)
    icoEmcyWriteReq                          0x080036d1   Thumb Code    56  co_emcy.o(i.icoEmcyWriteReq)
    icoErrCtrlCheckObjLimit                  0x08003711   Thumb Code    92  co_errctrl.o(i.icoErrCtrlCheckObjLimit)
    icoErrCtrlGetObjectAddr                  0x08003771   Thumb Code    56  co_errctrl.o(i.icoErrCtrlGetObjectAddr)
    icoErrCtrlInd                            0x080037b9   Thumb Code    38  co_errctrl.o(i.icoErrCtrlInd)
    icoErrCtrlObjChanged                     0x080037e9   Thumb Code    52  co_errctrl.o(i.icoErrCtrlObjChanged)
    icoErrorBehavior                         0x08003821   Thumb Code    46  co_errctrl.o(i.icoErrorBehavior)
    icoErrorCtrlReset                        0x08003855   Thumb Code    78  co_errctrl.o(i.icoErrorCtrlReset)
    icoErrorCtrlSetDefaultValue              0x080038a9   Thumb Code   100  co_errctrl.o(i.icoErrorCtrlSetDefaultValue)
    icoErrorCtrlVarInit                      0x08003921   Thumb Code    52  co_errctrl.o(i.icoErrorCtrlVarInit)
    icoEventCheck                            0x08003965   Thumb Code    42  co_event.o(i.icoEventCheck)
    icoEventInit                             0x08003995   Thumb Code     8  co_event.o(i.icoEventInit)
    icoEventObjectChanged                    0x080039a1   Thumb Code   146  co_odaccess.o(i.icoEventObjectChanged)
    icoHbProdStart                           0x08003a35   Thumb Code    64  co_errctrl.o(i.icoHbProdStart)
    icoLedVarInit                            0x08003a81   Thumb Code    20  co_led.o(i.icoLedVarInit)
    icoNmtErrorCtrlHandler                   0x08003aa5   Thumb Code   268  co_errctrl.o(i.icoNmtErrorCtrlHandler)
    icoNmtMsgHandler                         0x08003bb9   Thumb Code   176  co_nmt.o(i.icoNmtMsgHandler)
    icoNmtPersistantNodeIdGet                0x08003c6d   Thumb Code    24  co_nmt.o(i.icoNmtPersistantNodeIdGet)
    icoNmtStateChange                        0x08003c8d   Thumb Code   184  co_nmt.o(i.icoNmtStateChange)
    icoNmtVarInit                            0x08003d55   Thumb Code    40  co_nmt.o(i.icoNmtVarInit)
    icoOdAccessVarInit                       0x08003d95   Thumb Code   120  co_odaccess.o(i.icoOdAccessVarInit)
    icoOdCheckObjLimits                      0x08003e81   Thumb Code   278  co_odaccess.o(i.icoOdCheckObjLimits)
    icoOdGetNumberOfSubs                     0x08003f99   Thumb Code    46  co_odaccess.o(i.icoOdGetNumberOfSubs)
    icoOdGetObj                              0x08003fd1   Thumb Code   124  co_odaccess.o(i.icoOdGetObj)
    icoOdGetObjRecMapData                    0x0800404d   Thumb Code   180  co_odaccess.o(i.icoOdGetObjRecMapData)
    icoOdGetObjTrMapData                     0x08004101   Thumb Code   116  co_odaccess.o(i.icoOdGetObjTrMapData)
    icoOdPutObj                              0x08004175   Thumb Code   212  co_odaccess.o(i.icoOdPutObj)
    icoOdReset                               0x08004249   Thumb Code   522  co_odaccess.o(i.icoOdReset)
    icoPdoOperational                        0x080044b5   Thumb Code    42  co_pdo.o(i.icoPdoOperational)
    icoPdoPreOperational                     0x080044e9   Thumb Code    34  co_pdo.o(i.icoPdoPreOperational)
    icoPdoReceiveHandler                     0x08004515   Thumb Code   148  co_pdo.o(i.icoPdoReceiveHandler)
    icoPdoReset                              0x080045b9   Thumb Code   152  co_pdo.o(i.icoPdoReset)
    icoPdoRtrHandler                         0x08004661   Thumb Code    72  co_pdo.o(i.icoPdoRtrHandler)
    icoPdoSearchTrPdoIndex                   0x080046b1   Thumb Code    40  co_pdo.o(i.icoPdoSearchTrPdoIndex)
    icoPdoSetDefaultValue                    0x080046dd   Thumb Code   502  co_pdo.o(i.icoPdoSetDefaultValue)
    icoPdoVarInit                            0x080048e5   Thumb Code    24  co_pdo.o(i.icoPdoVarInit)
    icoQueueDeleteInhibit                    0x08004911   Thumb Code    38  co_queue.o(i.icoQueueDeleteInhibit)
    icoQueueGetReceiveMessage                0x08004939   Thumb Code   176  co_queue.o(i.icoQueueGetReceiveMessage)
    icoQueueHandler                          0x080049f5   Thumb Code   168  co_queue.o(i.icoQueueHandler)
    icoQueueVarInit                          0x08004aad   Thumb Code    32  co_queue.o(i.icoQueueVarInit)
    icoRecMapCheckObjLimitMapEntry           0x08004ae5   Thumb Code    92  co_pdo.o(i.icoRecMapCheckObjLimitMapEntry)
    icoRecMapCheckObjLimitMapTable           0x08004b41   Thumb Code   136  co_pdo.o(i.icoRecMapCheckObjLimitMapTable)
    icoRecMapGetObjectAddr                   0x08004bc9   Thumb Code    54  co_pdo.o(i.icoRecMapGetObjectAddr)
    icoRecMapGetObjectAddr_R                 0x08004bff   Thumb Code    54  co_pdo.o(i.icoRecMapGetObjectAddr_R)
    icoRecPdoCheckObjLimitCobid              0x08004c35   Thumb Code    80  co_pdo.o(i.icoRecPdoCheckObjLimitCobid)
    icoRecPdoCheckObjLimit_u16               0x08004c85   Thumb Code    54  co_pdo.o(i.icoRecPdoCheckObjLimit_u16)
    icoRecPdoCheckObjLimit_u8                0x08004cbb   Thumb Code    70  co_pdo.o(i.icoRecPdoCheckObjLimit_u8)
    icoRecPdoGetObjectAddr                   0x08004d01   Thumb Code    70  co_pdo.o(i.icoRecPdoGetObjectAddr)
    icoRecPdoObjChanged                      0x08004d47   Thumb Code    88  co_pdo.o(i.icoRecPdoObjChanged)
    icoSdoCheckObjLimitCobId                 0x08004da1   Thumb Code   150  co_sdoserv.o(i.icoSdoCheckObjLimitCobId)
    icoSdoCheckObjLimitNode                  0x08004e41   Thumb Code    28  co_sdoserv.o(i.icoSdoCheckObjLimitNode)
    icoSdoCheckUserCheckWriteInd             0x08004e61   Thumb Code    92  co_sdoserv.o(i.icoSdoCheckUserCheckWriteInd)
    icoSdoCheckUserReadInd                   0x08004ec5   Thumb Code   112  co_sdoserv.o(i.icoSdoCheckUserReadInd)
    icoSdoCheckUserWriteInd                  0x08004f3d   Thumb Code   116  co_sdoserv.o(i.icoSdoCheckUserWriteInd)
    icoSdoDeCodeMultiplexer                  0x08004fb9   Thumb Code    16  co_sdoserv.o(i.icoSdoDeCodeMultiplexer)
    icoSdoGetObjectAddr                      0x08004fc9   Thumb Code    88  co_sdoserv.o(i.icoSdoGetObjectAddr)
    icoSdoObjChanged                         0x08005029   Thumb Code   104  co_sdoserv.o(i.icoSdoObjChanged)
    icoSdoServerAbort                        0x08005099   Thumb Code   104  co_sdoserv.o(i.icoSdoServerAbort)
    icoSdoServerHandler                      0x08005105   Thumb Code   172  co_sdoserv.o(i.icoSdoServerHandler)
    icoSdoServerReset                        0x080051b9   Thumb Code   126  co_sdoserv.o(i.icoSdoServerReset)
    icoSdoServerSetDefaultValue              0x08005241   Thumb Code   128  co_sdoserv.o(i.icoSdoServerSetDefaultValue)
    icoSdoServerVarInit                      0x080052c9   Thumb Code    34  co_sdoserv.o(i.icoSdoServerVarInit)
    icoStoreLoadReq                          0x08005301   Thumb Code     6  co_store.o(i.icoStoreLoadReq)
    icoTimerCheck                            0x08005309   Thumb Code   130  co_timer.o(i.icoTimerCheck)
    icoTrMapCheckObjLimitMapEntry            0x08005395   Thumb Code    80  co_pdo.o(i.icoTrMapCheckObjLimitMapEntry)
    icoTrMapCheckObjLimitMapTable            0x080053e5   Thumb Code    78  co_pdo.o(i.icoTrMapCheckObjLimitMapTable)
    icoTrMapGetObjectAddr                    0x08005433   Thumb Code    54  co_pdo.o(i.icoTrMapGetObjectAddr)
    icoTrMapGetObjectAddr_R                  0x08005469   Thumb Code    54  co_pdo.o(i.icoTrMapGetObjectAddr_R)
    icoTrPdoCheckObjLimitCobid               0x0800549f   Thumb Code    80  co_pdo.o(i.icoTrPdoCheckObjLimitCobid)
    icoTrPdoCheckObjLimit_u16                0x080054ef   Thumb Code    54  co_pdo.o(i.icoTrPdoCheckObjLimit_u16)
    icoTrPdoCheckObjLimit_u8                 0x08005525   Thumb Code    72  co_pdo.o(i.icoTrPdoCheckObjLimit_u8)
    icoTrPdoGetObjectAddr                    0x0800556d   Thumb Code    74  co_pdo.o(i.icoTrPdoGetObjectAddr)
    icoTrPdoObjChanged                       0x080055b7   Thumb Code   150  co_pdo.o(i.icoTrPdoObjChanged)
    icoTransmitMessage                       0x0800564d   Thumb Code   358  co_queue.o(i.icoTransmitMessage)
    main                                     0x080058c1   Thumb Code   280  main.o(i.main)
    codrvCanBittimingTable                   0x08006c40   Data          72  codrv_canbittiming.o(.constdata)
    od_description                           0x08006cc4   Data         336  gen_objdict.o(.constdata)
    od_assign                                0x08006e14   Data         128  gen_objdict.o(.constdata)
    od_data_variables                        0x08006eb0   Data         116  gen_objdict.o(.constdata)
    APBAHBPrescTable                         0x08006f38   Data          16  stm32f0xx_hal_rcc.o(.constdata)
    PLLMULFactorTable                        0x08006f48   Data          16  stm32f0xx_hal_rcc_ex.o(.constdata)
    PredivFactorTable                        0x08006f58   Data          16  stm32f0xx_hal_rcc_ex.o(.constdata)
    Region$$Table$$Base                      0x08006f68   Number         0  anon$$obj.o(Region$$Table)
    Region$$Table$$Limit                     0x08006f88   Number         0  anon$$obj.o(Region$$Table)
    SystemCoreClock                          0x20000168   Data           4  system_stm32f0xx.o(.data)
    AHBPrescTable                            0x2000016c   Data          16  system_stm32f0xx.o(.data)
    __initial_sp                             0x20000b30   Data           0  startup_stm32f072xb.o(STACK)



==============================================================================

Memory Map of the image

  Image Entry point : 0x080000c1

  Load Region LR_IROM1 (Base: 0x08000000, Size: 0x00007104, Max: 0x00020000, ABSOLUTE, COMPRESSED[0x00006fa0])

    Execution Region ER_IROM1 (Base: 0x08000000, Size: 0x00006f88, Max: 0x00020000, ABSOLUTE)

    Base Addr    Size         Type   Attr      Idx    E Section Name        Object

    0x08000000   0x000000c0   Data   RO         2480    RESET               startup_stm32f072xb.o
    0x080000c0   0x00000000   Code   RO         2485  * .ARM.Collect$$$$00000000  mc_p.l(entry.o)
    0x080000c0   0x00000004   Code   RO         2496    .ARM.Collect$$$$00000001  mc_p.l(entry2.o)
    0x080000c4   0x00000004   Code   RO         2499    .ARM.Collect$$$$00000004  mc_p.l(entry5.o)
    0x080000c8   0x00000000   Code   RO         2501    .ARM.Collect$$$$00000008  mc_p.l(entry7b.o)
    0x080000c8   0x00000000   Code   RO         2503    .ARM.Collect$$$$0000000A  mc_p.l(entry8b.o)
    0x080000c8   0x00000008   Code   RO         2504    .ARM.Collect$$$$0000000B  mc_p.l(entry9a.o)
    0x080000d0   0x00000000   Code   RO         2506    .ARM.Collect$$$$0000000D  mc_p.l(entry10a.o)
    0x080000d0   0x00000000   Code   RO         2508    .ARM.Collect$$$$0000000F  mc_p.l(entry11a.o)
    0x080000d0   0x00000004   Code   RO         2497    .ARM.Collect$$$$00002712  mc_p.l(entry2.o)
    0x080000d4   0x0000001c   Code   RO         2481    .text               startup_stm32f072xb.o
    0x080000f0   0x0000002c   Code   RO         2488    .text               mc_p.l(uidiv.o)
    0x0800011c   0x00000024   Code   RO         2490    .text               mc_p.l(memcpya.o)
    0x08000140   0x00000024   Code   RO         2492    .text               mc_p.l(memseta.o)
    0x08000164   0x00000024   Code   RO         2510    .text               mc_p.l(init.o)
    0x08000188   0x0000003a   Code   RO         2520    .text               mc_p.l(__dczerorl.o)
    0x080001c2   0x00000010   Code   RO         1751    i.CEC_CAN_IRQHandler  cpu_stm32f0_keil.o
    0x080001d2   0x00000002   PAD
    0x080001d4   0x000001ec   Code   RO         2223    i.HAL_GPIO_Init     stm32f0xx_hal_gpio.o
    0x080003c0   0x0000000c   Code   RO         2008    i.HAL_GetTick       stm32f0xx_hal.o
    0x080003cc   0x00000010   Code   RO         2009    i.HAL_IncTick       stm32f0xx_hal.o
    0x080003dc   0x00000020   Code   RO         2010    i.HAL_Init          stm32f0xx_hal.o
    0x080003fc   0x00000026   Code   RO         2011    i.HAL_InitTick      stm32f0xx_hal.o
    0x08000422   0x00000002   Code   RO         2013    i.HAL_MspInit       stm32f0xx_hal.o
    0x08000424   0x0000001c   Code   RO         2128    i.HAL_NVIC_EnableIRQ  stm32f0xx_hal_cortex.o
    0x08000440   0x0000001c   Code   RO         2131    i.HAL_NVIC_SetPendingIRQ  stm32f0xx_hal_cortex.o
    0x0800045c   0x00000012   Code   RO         2132    i.HAL_NVIC_SetPriority  stm32f0xx_hal_cortex.o
    0x0800046e   0x00000002   PAD
    0x08000470   0x000002cc   Code   RO         2383    i.HAL_RCC_ClockConfig  stm32f0xx_hal_rcc_ex.o
    0x0800073c   0x0000002c   Code   RO         2288    i.HAL_RCC_GetHCLKFreq  stm32f0xx_hal_rcc.o
    0x08000768   0x000000b8   Code   RO         2384    i.HAL_RCC_GetSysClockFreq  stm32f0xx_hal_rcc_ex.o
    0x08000820   0x0000054c   Code   RO         2385    i.HAL_RCC_OscConfig  stm32f0xx_hal_rcc_ex.o
    0x08000d6c   0x00000002   Code   RO         2135    i.HAL_SYSTICK_Callback  stm32f0xx_hal_cortex.o
    0x08000d6e   0x00000002   PAD
    0x08000d70   0x00000038   Code   RO         2136    i.HAL_SYSTICK_Config  stm32f0xx_hal_cortex.o
    0x08000da8   0x00000008   Code   RO         2137    i.HAL_SYSTICK_IRQHandler  stm32f0xx_hal_cortex.o
    0x08000db0   0x00000014   Code   RO         1752    i.NVIC_Configuration  cpu_stm32f0_keil.o
    0x08000dc4   0x00000078   Code   RO         1753    i.NVIC_SetPriority  cpu_stm32f0_keil.o
    0x08000e3c   0x00000078   Code   RO         2138    i.NVIC_SetPriority  stm32f0xx_hal_cortex.o
    0x08000eb4   0x00000010   Code   RO         1754    i.SysTick_Handler   cpu_stm32f0_keil.o
    0x08000ec4   0x0000004e   Code   RO         1755    i.SystemClock_Config  cpu_stm32f0_keil.o
    0x08000f12   0x00000002   PAD
    0x08000f14   0x00000078   Code   RO         2449    i.SystemInit        system_stm32f0xx.o
    0x08000f8c   0x0000001c   Code   RO          172    i.__ARM_common_switch8  co_commtask.o
    0x08000fa8   0x0000000e   Code   RO         2514    i.__scatterload_copy  mc_p.l(handlers.o)
    0x08000fb6   0x00000002   Code   RO         2515    i.__scatterload_null  mc_p.l(handlers.o)
    0x08000fb8   0x0000000e   Code   RO         2516    i.__scatterload_zeroinit  mc_p.l(handlers.o)
    0x08000fc6   0x00000002   PAD
    0x08000fc8   0x00000070   Code   RO         1535    i.addTimer          co_timer.o
    0x08001038   0x00000014   Code   RO         1185    i.addToInhibitList  co_queue.o
    0x0800104c   0x00000028   Code   RO         1186    i.addToTransmitList  co_queue.o
    0x08001074   0x00000020   Code   RO         1919    i.canInd            main.o
    0x08001094   0x00000006   Code   RO          626    i.checkObjLimits_u16  co_odaccess.o
    0x0800109a   0x0000008e   Code   RO          627    i.checkObjValue_u16  co_odaccess.o
    0x08001128   0x000000bc   Code   RO          628    i.checkObjValue_u32  co_odaccess.o
    0x080011e4   0x000000c0   Code   RO          629    i.checkObjValue_u8  co_odaccess.o
    0x080012a4   0x0000009e   Code   RO          902    i.checkRecPdoMappingTable  co_pdo.o
    0x08001342   0x00000002   PAD
    0x08001344   0x000000b8   Code   RO          903    i.checkTrPdoMappingTable  co_pdo.o
    0x080013fc   0x000000e4   Code   RO         1899    i.coCanOpenStackInit  gen_objdict.o
    0x080014e0   0x0000004a   Code   RO         1466    i.coCanOpenStackVarInit  co_stackinit.o
    0x0800152a   0x00000002   PAD
    0x0800152c   0x00000128   Code   RO          120    i.coCommStateEvent  co_commtask.o
    0x08001654   0x00000010   Code   RO          121    i.coCommTask        co_commtask.o
    0x08001664   0x00000038   Code   RO          122    i.coCommTaskSet     co_commtask.o
    0x0800169c   0x0000002c   Code   RO          222    i.coEmcyProducerInit  co_emcy.o
    0x080016c8   0x00000128   Code   RO          223    i.coEmcyWriteReq    co_emcy.o
    0x080017f0   0x00000088   Code   RO          302    i.coErrorCtrlInit   co_errctrl.o
    0x08001878   0x00000030   Code   RO          123    i.coEventRegister_CAN_STATE  co_commtask.o
    0x080018a8   0x00000030   Code   RO          124    i.coEventRegister_COMM_EVENT  co_commtask.o
    0x080018d8   0x00000030   Code   RO          303    i.coEventRegister_ERRCTRL  co_errctrl.o
    0x08001908   0x0000003c   Code   RO          451    i.coEventRegister_LED_GREEN  co_led.o
    0x08001944   0x0000003c   Code   RO          452    i.coEventRegister_LED_RED  co_led.o
    0x08001980   0x00000030   Code   RO          531    i.coEventRegister_NMT  co_nmt.o
    0x080019b0   0x00000030   Code   RO          904    i.coEventRegister_PDO  co_pdo.o
    0x080019e0   0x00000030   Code   RO          905    i.coEventRegister_PDO_REC_EVENT  co_pdo.o
    0x08001a10   0x00000030   Code   RO         1296    i.coEventRegister_SDO_SERVER_CHECK_WRITE  co_sdoserv.o
    0x08001a40   0x00000030   Code   RO         1297    i.coEventRegister_SDO_SERVER_READ  co_sdoserv.o
    0x08001a70   0x00000030   Code   RO         1298    i.coEventRegister_SDO_SERVER_WRITE  co_sdoserv.o
    0x08001aa0   0x00000010   Code   RO          453    i.coLedInit         co_led.o
    0x08001ab0   0x00000080   Code   RO          454    i.coLedSetGreen     co_led.o
    0x08001b30   0x00000080   Code   RO          455    i.coLedSetRed       co_led.o
    0x08001bb0   0x0000006c   Code   RO          456    i.coLedSetState     co_led.o
    0x08001c1c   0x0000000c   Code   RO          532    i.coNmtGetNodeId    co_nmt.o
    0x08001c28   0x0000000c   Code   RO          533    i.coNmtGetState     co_nmt.o
    0x08001c34   0x00000054   Code   RO          534    i.coNmtInit         co_nmt.o
    0x08001c88   0x0000001c   Code   RO          630    i.coNumMemcpy       co_odaccess.o
    0x08001ca4   0x0000002c   Code   RO          631    i.coNumMemcpyPack   co_odaccess.o
    0x08001cd0   0x00000026   Code   RO          632    i.coNumMemcpyUnpack  co_odaccess.o
    0x08001cf6   0x00000002   PAD
    0x08001cf8   0x00000084   Code   RO          634    i.coOdGetDefaultVal_u16  co_odaccess.o
    0x08001d7c   0x000000ac   Code   RO          635    i.coOdGetDefaultVal_u32  co_odaccess.o
    0x08001e28   0x000000a4   Code   RO          636    i.coOdGetDefaultVal_u8  co_odaccess.o
    0x08001ecc   0x00000026   Code   RO          637    i.coOdGetObjAddr    co_odaccess.o
    0x08001ef2   0x00000006   Code   RO          638    i.coOdGetObjAttribute  co_odaccess.o
    0x08001ef8   0x00000038   Code   RO          639    i.coOdGetObjDescPtr  co_odaccess.o
    0x08001f30   0x000002b0   Code   RO          640    i.coOdGetObjSize    co_odaccess.o
    0x080021e0   0x00000154   Code   RO          648    i.coOdInitOdPtr     co_odaccess.o
    0x08002334   0x000000b4   Code   RO          907    i.coPdoReceiveInit  co_pdo.o
    0x080023e8   0x0000006a   Code   RO          908    i.coPdoReqNr        co_pdo.o
    0x08002452   0x00000002   PAD
    0x08002454   0x0000011c   Code   RO          910    i.coPdoTransmitInit  co_pdo.o
    0x08002570   0x00000038   Code   RO         1187    i.coQueueGetNextTransmitMessage  co_queue.o
    0x080025a8   0x0000003c   Code   RO         1188    i.coQueueGetReceiveBuffer  co_queue.o
    0x080025e4   0x00000068   Code   RO         1189    i.coQueueInit       co_queue.o
    0x0800264c   0x0000000a   Code   RO         1190    i.coQueueMsgTransmitted  co_queue.o
    0x08002656   0x00000002   PAD
    0x08002658   0x00000030   Code   RO         1191    i.coQueueReceiveBufferIsFilled  co_queue.o
    0x08002688   0x0000008c   Code   RO         1299    i.coSdoServerInit   co_sdoserv.o
    0x08002714   0x0000001c   Code   RO         1537    i.coTimerInit       co_timer.o
    0x08002730   0x00000020   Code   RO         1538    i.coTimerIsActive   co_timer.o
    0x08002750   0x00000068   Code   RO         1539    i.coTimerStart      co_timer.o
    0x080027b8   0x00000038   Code   RO         1540    i.coTimerStop       co_timer.o
    0x080027f0   0x00000018   Code   RO         1541    i.coTimerTick       co_timer.o
    0x08002808   0x00000054   Code   RO         1590    i.codrvCanDisable   codrv_bxcan.o
    0x0800285c   0x0000000c   Code   RO         1591    i.codrvCanDriverHandler  codrv_bxcan.o
    0x08002868   0x00000040   Code   RO         1592    i.codrvCanEnable    codrv_bxcan.o
    0x080028a8   0x0000000a   Code   RO         1757    i.codrvCanEnableInterrupt  cpu_stm32f0_keil.o
    0x080028b2   0x00000002   PAD
    0x080028b4   0x00000008   Code   RO         1719    i.codrvCanErrorGetFlags  codrv_error.o
    0x080028bc   0x000000ec   Code   RO         1593    i.codrvCanErrorHandler  codrv_bxcan.o
    0x080029a8   0x000000c6   Code   RO         1720    i.codrvCanErrorInformStack  codrv_error.o
    0x08002a6e   0x00000016   Code   RO         1721    i.codrvCanErrorInit  codrv_error.o
    0x08002a84   0x00000038   Code   RO         1594    i.codrvCanErrorInterrupt  codrv_bxcan.o
    0x08002abc   0x00000030   Code   RO         1595    i.codrvCanGetBtrSettings  codrv_bxcan.o
    0x08002aec   0x00000040   Code   RO         1596    i.codrvCanGetChan   codrv_bxcan.o
    0x08002b2c   0x0000001c   Code   RO         1597    i.codrvCanInit      codrv_bxcan.o
    0x08002b48   0x00000124   Code   RO         1598    i.codrvCanInitController  codrv_bxcan.o
    0x08002c6c   0x000000e0   Code   RO         1600    i.codrvCanReceiveInterrupt  codrv_bxcan.o
    0x08002d4c   0x0000003c   Code   RO         1601    i.codrvCanSetBitRate  codrv_bxcan.o
    0x08002d88   0x00000078   Code   RO         1602    i.codrvCanSetFilter  codrv_bxcan.o
    0x08002e00   0x00000088   Code   RO         1603    i.codrvCanSetIdFilter  codrv_bxcan.o
    0x08002e88   0x0000000a   Code   RO         1758    i.codrvCanSetTxInterrupt  cpu_stm32f0_keil.o
    0x08002e92   0x00000002   PAD
    0x08002e94   0x00000028   Code   RO         1604    i.codrvCanStartTransmission  codrv_bxcan.o
    0x08002ebc   0x00000094   Code   RO         1605    i.codrvCanTransmit  codrv_bxcan.o
    0x08002f50   0x0000005c   Code   RO         1606    i.codrvCanTransmitInterrupt  codrv_bxcan.o
    0x08002fac   0x00000084   Code   RO         1759    i.codrvHardwareCanInit  cpu_stm32f0_keil.o
    0x08003030   0x00000014   Code   RO         1760    i.codrvHardwareInit  cpu_stm32f0_keil.o
    0x08003044   0x00000008   Code   RO         1762    i.codrvTimerISR     cpu_stm32f0_keil.o
    0x0800304c   0x00000048   Code   RO         1763    i.codrvTimerSetup   cpu_stm32f0_keil.o
    0x08003094   0x00000028   Code   RO         1920    i.commInd           main.o
    0x080030bc   0x0000003c   Code   RO          911    i.createPdoTrMapTable  co_pdo.o
    0x080030f8   0x00000004   Code   RO         1921    i.exit              main.o
    0x080030fc   0x0000003c   Code   RO         1193    i.getNextTransBuf   co_queue.o
    0x08003138   0x00000030   Code   RO          307    i.hbConsFailure     co_errctrl.o
    0x08003168   0x00000020   Code   RO          308    i.hbProdSendMessage  co_errctrl.o
    0x08003188   0x00000002   Code   RO         1922    i.hbState           main.o
    0x0800318a   0x00000002   PAD
    0x0800318c   0x0000003c   Code   RO            1    i.icoCheckRestrictedCobs  co_cobhandler.o
    0x080031c8   0x00000064   Code   RO            3    i.icoCobCheck       co_cobhandler.o
    0x0800322c   0x0000008c   Code   RO            4    i.icoCobCreate      co_cobhandler.o
    0x080032b8   0x00000038   Code   RO            5    i.icoCobDisable     co_cobhandler.o
    0x080032f0   0x00000020   Code   RO            6    i.icoCobDisableAll  co_cobhandler.o
    0x08003310   0x000000a8   Code   RO            8    i.icoCobFilterSet   co_cobhandler.o
    0x080033b8   0x00000020   Code   RO           10    i.icoCobGetPointer  co_cobhandler.o
    0x080033d8   0x0000000c   Code   RO           11    i.icoCobHandlerVarInit  co_cobhandler.o
    0x080033e4   0x0000008c   Code   RO           12    i.icoCobSet         co_cobhandler.o
    0x08003470   0x00000034   Code   RO           14    i.icoCobSetInhibit  co_cobhandler.o
    0x080034a4   0x0000004c   Code   RO          125    i.icoCommTaskVarInit  co_commtask.o
    0x080034f0   0x00000050   Code   RO          225    i.icoEmcyCheckObjLimitCobid  co_emcy.o
    0x08003540   0x0000001c   Code   RO          226    i.icoEmcyCheckObjLimitHist  co_emcy.o
    0x0800355c   0x00000058   Code   RO          227    i.icoEmcyGetObjectAddr  co_emcy.o
    0x080035b4   0x00000064   Code   RO          228    i.icoEmcyObjChanged  co_emcy.o
    0x08003618   0x0000006c   Code   RO          229    i.icoEmcyProducerSetDefaultValue  co_emcy.o
    0x08003684   0x0000001c   Code   RO          230    i.icoEmcyReset      co_emcy.o
    0x080036a0   0x00000030   Code   RO          231    i.icoEmcyVarInit    co_emcy.o
    0x080036d0   0x00000040   Code   RO          232    i.icoEmcyWriteReq   co_emcy.o
    0x08003710   0x00000060   Code   RO          309    i.icoErrCtrlCheckObjLimit  co_errctrl.o
    0x08003770   0x00000048   Code   RO          310    i.icoErrCtrlGetObjectAddr  co_errctrl.o
    0x080037b8   0x00000030   Code   RO          311    i.icoErrCtrlInd     co_errctrl.o
    0x080037e8   0x00000038   Code   RO          312    i.icoErrCtrlObjChanged  co_errctrl.o
    0x08003820   0x00000034   Code   RO          313    i.icoErrorBehavior  co_errctrl.o
    0x08003854   0x00000054   Code   RO          314    i.icoErrorCtrlReset  co_errctrl.o
    0x080038a8   0x00000078   Code   RO          315    i.icoErrorCtrlSetDefaultValue  co_errctrl.o
    0x08003920   0x00000044   Code   RO          316    i.icoErrorCtrlVarInit  co_errctrl.o
    0x08003964   0x00000030   Code   RO          416    i.icoEventCheck     co_event.o
    0x08003994   0x0000000c   Code   RO          417    i.icoEventInit      co_event.o
    0x080039a0   0x00000092   Code   RO          658    i.icoEventObjectChanged  co_odaccess.o
    0x08003a32   0x00000002   PAD
    0x08003a34   0x0000004c   Code   RO          317    i.icoHbProdStart    co_errctrl.o
    0x08003a80   0x00000024   Code   RO          457    i.icoLedVarInit     co_led.o
    0x08003aa4   0x00000114   Code   RO          318    i.icoNmtErrorCtrlHandler  co_errctrl.o
    0x08003bb8   0x000000b4   Code   RO          537    i.icoNmtMsgHandler  co_nmt.o
    0x08003c6c   0x00000020   Code   RO          538    i.icoNmtPersistantNodeIdGet  co_nmt.o
    0x08003c8c   0x000000c8   Code   RO          539    i.icoNmtStateChange  co_nmt.o
    0x08003d54   0x00000040   Code   RO          540    i.icoNmtVarInit     co_nmt.o
    0x08003d94   0x000000ec   Code   RO          659    i.icoOdAccessVarInit  co_odaccess.o
    0x08003e80   0x00000116   Code   RO          661    i.icoOdCheckObjLimits  co_odaccess.o
    0x08003f96   0x00000002   PAD
    0x08003f98   0x00000038   Code   RO          662    i.icoOdGetNumberOfSubs  co_odaccess.o
    0x08003fd0   0x0000007c   Code   RO          663    i.icoOdGetObj       co_odaccess.o
    0x0800404c   0x000000b4   Code   RO          664    i.icoOdGetObjRecMapData  co_odaccess.o
    0x08004100   0x00000074   Code   RO          665    i.icoOdGetObjTrMapData  co_odaccess.o
    0x08004174   0x000000d4   Code   RO          666    i.icoOdPutObj       co_odaccess.o
    0x08004248   0x0000026c   Code   RO          667    i.icoOdReset        co_odaccess.o
    0x080044b4   0x00000034   Code   RO          912    i.icoPdoOperational  co_pdo.o
    0x080044e8   0x0000002c   Code   RO          913    i.icoPdoPreOperational  co_pdo.o
    0x08004514   0x000000a4   Code   RO          914    i.icoPdoReceiveHandler  co_pdo.o
    0x080045b8   0x000000a8   Code   RO          915    i.icoPdoReset       co_pdo.o
    0x08004660   0x00000050   Code   RO          916    i.icoPdoRtrHandler  co_pdo.o
    0x080046b0   0x0000002c   Code   RO          917    i.icoPdoSearchTrPdoIndex  co_pdo.o
    0x080046dc   0x00000208   Code   RO          918    i.icoPdoSetDefaultValue  co_pdo.o
    0x080048e4   0x0000002c   Code   RO          919    i.icoPdoVarInit     co_pdo.o
    0x08004910   0x00000026   Code   RO         1194    i.icoQueueDeleteInhibit  co_queue.o
    0x08004936   0x00000002   PAD
    0x08004938   0x000000bc   Code   RO         1195    i.icoQueueGetReceiveMessage  co_queue.o
    0x080049f4   0x000000b8   Code   RO         1196    i.icoQueueHandler   co_queue.o
    0x08004aac   0x00000038   Code   RO         1198    i.icoQueueVarInit   co_queue.o
    0x08004ae4   0x0000005c   Code   RO          920    i.icoRecMapCheckObjLimitMapEntry  co_pdo.o
    0x08004b40   0x00000088   Code   RO          921    i.icoRecMapCheckObjLimitMapTable  co_pdo.o
    0x08004bc8   0x00000036   Code   RO          922    i.icoRecMapGetObjectAddr  co_pdo.o
    0x08004bfe   0x00000036   Code   RO          923    i.icoRecMapGetObjectAddr_R  co_pdo.o
    0x08004c34   0x00000050   Code   RO          924    i.icoRecPdoCheckObjLimitCobid  co_pdo.o
    0x08004c84   0x00000036   Code   RO          925    i.icoRecPdoCheckObjLimit_u16  co_pdo.o
    0x08004cba   0x00000046   Code   RO          926    i.icoRecPdoCheckObjLimit_u8  co_pdo.o
    0x08004d00   0x00000046   Code   RO          927    i.icoRecPdoGetObjectAddr  co_pdo.o
    0x08004d46   0x00000058   Code   RO          928    i.icoRecPdoObjChanged  co_pdo.o
    0x08004d9e   0x00000002   PAD
    0x08004da0   0x000000a0   Code   RO         1300    i.icoSdoCheckObjLimitCobId  co_sdoserv.o
    0x08004e40   0x00000020   Code   RO         1301    i.icoSdoCheckObjLimitNode  co_sdoserv.o
    0x08004e60   0x00000064   Code   RO         1302    i.icoSdoCheckUserCheckWriteInd  co_sdoserv.o
    0x08004ec4   0x00000078   Code   RO         1303    i.icoSdoCheckUserReadInd  co_sdoserv.o
    0x08004f3c   0x0000007c   Code   RO         1304    i.icoSdoCheckUserWriteInd  co_sdoserv.o
    0x08004fb8   0x00000010   Code   RO         1305    i.icoSdoDeCodeMultiplexer  co_sdoserv.o
    0x08004fc8   0x00000060   Code   RO         1307    i.icoSdoGetObjectAddr  co_sdoserv.o
    0x08005028   0x00000070   Code   RO         1308    i.icoSdoObjChanged  co_sdoserv.o
    0x08005098   0x0000006c   Code   RO         1309    i.icoSdoServerAbort  co_sdoserv.o
    0x08005104   0x000000b4   Code   RO         1310    i.icoSdoServerHandler  co_sdoserv.o
    0x080051b8   0x00000088   Code   RO         1312    i.icoSdoServerReset  co_sdoserv.o
    0x08005240   0x00000088   Code   RO         1313    i.icoSdoServerSetDefaultValue  co_sdoserv.o
    0x080052c8   0x00000038   Code   RO         1314    i.icoSdoServerVarInit  co_sdoserv.o
    0x08005300   0x00000006   Code   RO         1517    i.icoStoreLoadReq   co_store.o
    0x08005306   0x00000002   PAD
    0x08005308   0x0000008c   Code   RO         1542    i.icoTimerCheck     co_timer.o
    0x08005394   0x00000050   Code   RO          929    i.icoTrMapCheckObjLimitMapEntry  co_pdo.o
    0x080053e4   0x0000004e   Code   RO          930    i.icoTrMapCheckObjLimitMapTable  co_pdo.o
    0x08005432   0x00000036   Code   RO          931    i.icoTrMapGetObjectAddr  co_pdo.o
    0x08005468   0x00000036   Code   RO          932    i.icoTrMapGetObjectAddr_R  co_pdo.o
    0x0800549e   0x00000050   Code   RO          933    i.icoTrPdoCheckObjLimitCobid  co_pdo.o
    0x080054ee   0x00000036   Code   RO          934    i.icoTrPdoCheckObjLimit_u16  co_pdo.o
    0x08005524   0x00000048   Code   RO          935    i.icoTrPdoCheckObjLimit_u8  co_pdo.o
    0x0800556c   0x0000004a   Code   RO          936    i.icoTrPdoGetObjectAddr  co_pdo.o
    0x080055b6   0x00000096   Code   RO          938    i.icoTrPdoObjChanged  co_pdo.o
    0x0800564c   0x0000016c   Code   RO         1199    i.icoTransmitMessage  co_queue.o
    0x080057b8   0x0000000e   Code   RO         1200    i.inhibitTimer      co_queue.o
    0x080057c6   0x00000002   PAD
    0x080057c8   0x00000028   Code   RO          458    i.ledGreenInd       co_led.o
    0x080057f0   0x00000002   Code   RO         1923    i.ledGreenInd       main.o
    0x080057f2   0x00000002   PAD
    0x080057f4   0x00000028   Code   RO          459    i.ledRedInd         co_led.o
    0x0800581c   0x00000002   Code   RO         1924    i.ledRedInd         main.o
    0x0800581e   0x00000002   PAD
    0x08005820   0x000000a0   Code   RO          460    i.ledTimerInd       co_led.o
    0x080058c0   0x00000154   Code   RO         1925    i.main              main.o
    0x08005a14   0x00000068   Code   RO         1201    i.moveInhibitToTransmitList  co_queue.o
    0x08005a7c   0x00000006   Code   RO         1926    i.nmtInd            main.o
    0x08005a82   0x00000002   PAD
    0x08005a84   0x00000020   Code   RO          541    i.nmtReset          co_nmt.o
    0x08005aa4   0x00000020   Code   RO          542    i.nmtResetAppl      co_nmt.o
    0x08005ac4   0x00000078   Code   RO          543    i.nmtResetComm      co_nmt.o
    0x08005b3c   0x00000068   Code   RO          668    i.odCheckObjLimitsOther  co_odaccess.o
    0x08005ba4   0x000002fc   Code   RO          669    i.odGetObjAddr      co_odaccess.o
    0x08005ea0   0x00000118   Code   RO          670    i.odGetObjAddr_R    co_odaccess.o
    0x08005fb8   0x000000fc   Code   RO          671    i.odGetObjDescIdx   co_odaccess.o
    0x080060b4   0x00000010   Code   RO          939    i.pdoEventTimer     co_pdo.o
    0x080060c4   0x0000002c   Code   RO          940    i.pdoInd            co_pdo.o
    0x080060f0   0x00000002   Code   RO         1927    i.pdoInd            main.o
    0x080060f2   0x00000002   Code   RO         1928    i.pdoRecEvent       main.o
    0x080060f4   0x00000028   Code   RO          941    i.pdoRecEventInd    co_pdo.o
    0x0800611c   0x00000098   Code   RO          942    i.pdoReceiveData    co_pdo.o
    0x080061b4   0x0000000e   Code   RO          943    i.pdoReceiveEventTimer  co_pdo.o
    0x080061c2   0x00000076   Code   RO          944    i.pdoTransmitData   co_pdo.o
    0x08006238   0x00000058   Code   RO          126    i.receiveMessageHandler  co_commtask.o
    0x08006290   0x00000010   Code   RO         1315    i.sdoCodeMultiplexer  co_sdoserv.o
    0x080062a0   0x0000000a   Code   RO         1929    i.sdoServerCheckWriteInd  main.o
    0x080062aa   0x00000008   Code   RO         1930    i.sdoServerReadInd  main.o
    0x080062b2   0x00000090   Code   RO         1316    i.sdoServerReadIndCont  co_sdoserv.o
    0x08006342   0x00000072   Code   RO         1317    i.sdoServerReadInit  co_sdoserv.o
    0x080063b4   0x000000b8   Code   RO         1318    i.sdoServerReadSegment  co_sdoserv.o
    0x0800646c   0x00000008   Code   RO         1931    i.sdoServerWriteInd  main.o
    0x08006474   0x00000072   Code   RO         1319    i.sdoServerWriteIndCont  co_sdoserv.o
    0x080064e6   0x000001d0   Code   RO         1320    i.sdoServerWriteInit  co_sdoserv.o
    0x080066b6   0x000000f6   Code   RO         1321    i.sdoServerWriteSegment  co_sdoserv.o
    0x080067ac   0x0000005c   Code   RO         1202    i.searchLastMessage  co_queue.o
    0x08006808   0x0000002c   Code   RO          945    i.searchRecPdo      co_pdo.o
    0x08006834   0x00000034   Code   RO         1322    i.searchSdoServerIndex  co_sdoserv.o
    0x08006868   0x00000050   Code   RO          127    i.serviceManagement  co_commtask.o
    0x080068b8   0x00000034   Code   RO          946    i.setPdoCob         co_pdo.o
    0x080068ec   0x00000070   Code   RO          319    i.setupHbConsumer   co_errctrl.o
    0x0800695c   0x000000a8   Code   RO          947    i.setupPdoTrMapTable  co_pdo.o
    0x08006a04   0x00000060   Code   RO          948    i.setupTrPdoTimer   co_pdo.o
    0x08006a64   0x00000044   Code   RO          461    i.startLedTimer     co_led.o
    0x08006aa8   0x00000020   Code   RO          462    i.stopLedTimer      co_led.o
    0x08006ac8   0x0000000e   Code   RO          949    i.stopRecPdoTimer   co_pdo.o
    0x08006ad6   0x00000002   PAD
    0x08006ad8   0x00000040   Data   RO           16    .constdata          co_cobhandler.o
    0x08006b18   0x00000024   Data   RO          128    .constdata          co_commtask.o
    0x08006b3c   0x00000031   Data   RO          464    .constdata          co_led.o
    0x08006b6d   0x00000003   PAD
    0x08006b70   0x000000d0   Data   RO         1324    .constdata          co_sdoserv.o
    0x08006c40   0x00000048   Data   RO         1710    .constdata          codrv_canbittiming.o
    0x08006c88   0x000002b0   Data   RO         1901    .constdata          gen_objdict.o
    0x08006f38   0x00000010   Data   RO         2295    .constdata          stm32f0xx_hal_rcc.o
    0x08006f48   0x00000020   Data   RO         2386    .constdata          stm32f0xx_hal_rcc_ex.o
    0x08006f68   0x00000020   Data   RO         2512    Region$$Table       anon$$obj.o


    Execution Region RW_IRAM1 (Base: 0x20000000, Size: 0x00000b30, Max: 0x00004000, ABSOLUTE, COMPRESSED[0x00000018])

    Base Addr    Size         Type   Attr      Idx    E Section Name        Object

    0x20000000   0x00000002   Data   RW           17    .data               co_cobhandler.o
    0x20000002   0x00000002   PAD
    0x20000004   0x00000010   Data   RW          129    .data               co_commtask.o
    0x20000014   0x00000015   Data   RW          233    .data               co_emcy.o
    0x20000029   0x00000003   PAD
    0x2000002c   0x0000000b   Data   RW          321    .data               co_errctrl.o
    0x20000037   0x00000001   PAD
    0x20000038   0x00000004   Data   RW          420    .data               co_event.o
    0x2000003c   0x00000024   Data   RW          465    .data               co_led.o
    0x20000060   0x00000014   Data   RW          544    .data               co_nmt.o
    0x20000074   0x00000080   Data   RW          672    .data               co_odaccess.o
    0x200000f4   0x00000014   Data   RW          951    .data               co_pdo.o
    0x20000108   0x00000011   Data   RW         1204    .data               co_queue.o
    0x20000119   0x00000003   PAD
    0x2000011c   0x00000014   Data   RW         1325    .data               co_sdoserv.o
    0x20000130   0x0000000c   Data   RW         1543    .data               co_timer.o
    0x2000013c   0x00000010   Data   RW         1608    .data               codrv_bxcan.o
    0x2000014c   0x00000006   Data   RW         1722    .data               codrv_error.o
    0x20000152   0x00000002   PAD
    0x20000154   0x00000010   Data   RW         1902    .data               gen_objdict.o
    0x20000164   0x00000004   Data   RW         2016    .data               stm32f0xx_hal.o
    0x20000168   0x00000014   Data   RW         2450    .data               system_stm32f0xx.o
    0x2000017c   0x000001a0   Zero   RW           15    .bss                co_cobhandler.o
    0x2000031c   0x00000040   Zero   RW          320    .bss                co_errctrl.o
    0x2000035c   0x00000018   Zero   RW          463    .bss                co_led.o
    0x20000374   0x00000090   Zero   RW          950    .bss                co_pdo.o
    0x20000404   0x000002f8   Zero   RW         1203    .bss                co_queue.o
    0x200006fc   0x00000024   Zero   RW         1323    .bss                co_sdoserv.o
    0x20000720   0x0000000c   Zero   RW         1900    .bss                gen_objdict.o
    0x2000072c   0x00000004   PAD
    0x20000730   0x00000400   Zero   RW         2478    STACK               startup_stm32f072xb.o


==============================================================================

Image component sizes


      Code (inc. data)   RO Data    RW Data    ZI Data      Debug   Object Name

       792         76         64          2        416      14318   co_cobhandler.o
       736        122         36         16          0      15298   co_commtask.o
       884        132          0         21          0       8123   co_emcy.o
      1324        154          0         11         64      10788   co_errctrl.o
        60         10          0          4          0       1611   co_event.o
       876        148         49         36         24       7712   co_led.o
       816        104          0         20          0       7686   co_nmt.o
      5602        890          0        128          0      24241   co_odaccess.o
      4336        216          0         20        144      33773   co_pdo.o
      1438        154          0         17        760      11156   co_queue.o
      2994        160        208         20         36      21444   co_sdoserv.o
        74          0          0          0          0       2472   co_stackinit.o
         6          0          0          0          0        526   co_store.o
       496         52          0         12          0       5135   co_timer.o
      1704        154          0         16          0      12146   codrv_bxcan.o
         0          0         72          0          0        645   codrv_canbittiming.o
       228          4          0          6          0       2371   codrv_error.o
       502         36          0          0          0     215973   cpu_stm32f0_keil.o
       228         34        688         16         12       1974   gen_objdict.o
       458         70          0          0          0       6379   main.o
        28          8        192          0       1024        600   startup_stm32f072xb.o
       100         14          0          4          0       4588   stm32f0xx_hal.o
       260         32          0          0          0      10862   stm32f0xx_hal_cortex.o
       492         30          0          0          0       1588   stm32f0xx_hal_gpio.o
        44         12         16          0          0       1317   stm32f0xx_hal_rcc.o
      2256         54         32          0          0       4310   stm32f0xx_hal_rcc_ex.o
       120         18          0         20          0       1045   system_stm32f0xx.o

    ----------------------------------------------------------------------
     26898       2684       1392        380       2484     428081   Object Totals
         0          0         32          0          0          0   (incl. Generated)
        44          0          3         11          4          0   (incl. Padding)

    ----------------------------------------------------------------------

      Code (inc. data)   RO Data    RW Data    ZI Data      Debug   Library Member Name

        58          0          0          0          0          0   __dczerorl.o
         0          0          0          0          0          0   entry.o
         0          0          0          0          0          0   entry10a.o
         0          0          0          0          0          0   entry11a.o
         8          4          0          0          0          0   entry2.o
         4          0          0          0          0          0   entry5.o
         0          0          0          0          0          0   entry7b.o
         0          0          0          0          0          0   entry8b.o
         8          4          0          0          0          0   entry9a.o
        30          0          0          0          0          0   handlers.o
        36          8          0          0          0         68   init.o
        36          0          0          0          0         60   memcpya.o
        36          0          0          0          0        100   memseta.o
        44          0          0          0          0         72   uidiv.o

    ----------------------------------------------------------------------
       262         16          0          0          0        300   Library Totals
         2          0          0          0          0          0   (incl. Padding)

    ----------------------------------------------------------------------

      Code (inc. data)   RO Data    RW Data    ZI Data      Debug   Library Name

       260         16          0          0          0        300   mc_p.l

    ----------------------------------------------------------------------
       262         16          0          0          0        300   Library Totals

    ----------------------------------------------------------------------

==============================================================================


      Code (inc. data)   RO Data    RW Data    ZI Data      Debug   

     27160       2700       1392        380       2484     417517   Grand Totals
     27160       2700       1392         24       2484     417517   ELF Image Totals (compressed)
     27160       2700       1392         24          0          0   ROM Totals

==============================================================================

    Total RO  Size (Code + RO Data)                28552 (  27.88kB)
    Total RW  Size (RW Data + ZI Data)              2864 (   2.80kB)
    Total ROM Size (Code + RO Data + RW Data)      28576 (  27.91kB)

==============================================================================

