Component: ARM Compiler 5.05 update 1 (build 106) Tool: armlink [4d0efa]

==============================================================================

Section Cross References

    setup.o(i.SetupKBD) refers to stm32f10x_rcc.o(i.RCC_APB2PeriphClockCmd) for RCC_APB2PeriphClockCmd
    setup.o(i.SetupKBD) refers to stm32f10x_gpio.o(i.GPIO_Init) for GPIO_Init
    setup.o(i.SetupLED) refers to stm32f10x_rcc.o(i.RCC_APB2PeriphClockCmd) for RCC_APB2PeriphClockCmd
    setup.o(i.SetupLED) refers to stm32f10x_gpio.o(i.GPIO_Init) for GPIO_Init
    main.o(i.main) refers to cpu_stm32.o(i.codrvHardwareInit) for codrvHardwareInit
    main.o(i.main) refers to codrv_bxcan.o(i.codrvCanInit) for codrvCanInit
    main.o(i.main) refers to cpu_stm32.o(i.codrvTimerSetup) for codrvTimerSetup
    main.o(i.main) refers to gen_objdict.o(i.coCanOpenStackInit) for coCanOpenStackInit
    main.o(i.main) refers to co_nmt.o(i.coEventRegister_NMT) for coEventRegister_NMT
    main.o(i.main) refers to co_errctrl.o(i.coEventRegister_ERRCTRL) for coEventRegister_ERRCTRL
    main.o(i.main) refers to co_sdoserv.o(i.coEventRegister_SDO_SERVER_READ) for coEventRegister_SDO_SERVER_READ
    main.o(i.main) refers to co_sdoserv.o(i.coEventRegister_SDO_SERVER_CHECK_WRITE) for coEventRegister_SDO_SERVER_CHECK_WRITE
    main.o(i.main) refers to co_sdoserv.o(i.coEventRegister_SDO_SERVER_WRITE) for coEventRegister_SDO_SERVER_WRITE
    main.o(i.main) refers to co_pdo.o(i.coEventRegister_PDO) for coEventRegister_PDO
    main.o(i.main) refers to co_pdo.o(i.coEventRegister_PDO_REC_EVENT) for coEventRegister_PDO_REC_EVENT
    main.o(i.main) refers to co_led.o(i.coEventRegister_LED_GREEN) for coEventRegister_LED_GREEN
    main.o(i.main) refers to co_led.o(i.coEventRegister_LED_RED) for coEventRegister_LED_RED
    main.o(i.main) refers to co_commtask.o(i.coEventRegister_CAN_STATE) for coEventRegister_CAN_STATE
    main.o(i.main) refers to co_commtask.o(i.coEventRegister_COMM_EVENT) for coEventRegister_COMM_EVENT
    main.o(i.main) refers to codrv_bxcan.o(i.codrvCanEnable) for codrvCanEnable
    main.o(i.main) refers to co_emcy.o(i.coEmcyWriteReq) for coEmcyWriteReq
    main.o(i.main) refers to co_commtask.o(i.coCommTask) for coCommTask
    main.o(i.main) refers to main.o(i.nmtInd) for nmtInd
    main.o(i.main) refers to main.o(i.hbState) for hbState
    main.o(i.main) refers to main.o(i.sdoServerReadInd) for sdoServerReadInd
    main.o(i.main) refers to main.o(i.sdoServerCheckWriteInd) for sdoServerCheckWriteInd
    main.o(i.main) refers to main.o(i.sdoServerWriteInd) for sdoServerWriteInd
    main.o(i.main) refers to main.o(i.pdoInd) for pdoInd
    main.o(i.main) refers to main.o(i.pdoRecEvent) for pdoRecEvent
    main.o(i.main) refers to main.o(i.ledGreenInd) for ledGreenInd
    main.o(i.main) refers to main.o(i.ledRedInd) for ledRedInd
    main.o(i.main) refers to main.o(i.canInd) for canInd
    main.o(i.main) refers to main.o(i.commInd) for commInd
    main.o(i.sdoServerWriteInd) refers to co_odaccess.o(i.coOdGetObj_u8) for coOdGetObj_u8
    main.o(i.sdoServerWriteInd) refers to fwupdate.o(i.jump2Bootloader) for jump2Bootloader
    gen_objdict.o(i.coCanOpenStackInit) refers to memcpya.o(.text) for __aeabi_memcpy4
    gen_objdict.o(i.coCanOpenStackInit) refers to co_stackinit.o(i.coCanOpenStackVarInit) for coCanOpenStackVarInit
    gen_objdict.o(i.coCanOpenStackInit) refers to co_odaccess.o(i.coOdInitOdPtr) for coOdInitOdPtr
    gen_objdict.o(i.coCanOpenStackInit) refers to co_timer.o(i.coTimerInit) for coTimerInit
    gen_objdict.o(i.coCanOpenStackInit) refers to co_led.o(i.coLedInit) for coLedInit
    gen_objdict.o(i.coCanOpenStackInit) refers to co_sdoserv.o(i.coSdoServerInit) for coSdoServerInit
    gen_objdict.o(i.coCanOpenStackInit) refers to co_errctrl.o(i.coErrorCtrlInit) for coErrorCtrlInit
    gen_objdict.o(i.coCanOpenStackInit) refers to co_emcy.o(i.coEmcyProducerInit) for coEmcyProducerInit
    gen_objdict.o(i.coCanOpenStackInit) refers to co_pdo.o(i.coPdoTransmitInit) for coPdoTransmitInit
    gen_objdict.o(i.coCanOpenStackInit) refers to co_pdo.o(i.coPdoReceiveInit) for coPdoReceiveInit
    gen_objdict.o(i.coCanOpenStackInit) refers to co_nmt.o(i.coNmtInit) for coNmtInit
    gen_objdict.o(i.coCanOpenStackInit) refers to gen_objdict.o(.constdata) for .constdata
    gen_objdict.o(.constdata) refers to gen_objdict.o(.data) for od_i16
    gen_objdict.o(.constdata) refers to gen_objdict.o(.data) for od_i32
    gen_objdict.o(.constdata) refers to gen_objdict.o(.constdata) for od_const_u8
    gen_objdict.o(.constdata) refers to gen_objdict.o(.constdata) for od_const_u16
    gen_objdict.o(.constdata) refers to gen_objdict.o(.constdata) for od_const_u32
    gen_objdict.o(.constdata) refers to gen_objdict.o(.data) for od_u8
    gen_objdict.o(.constdata) refers to gen_objdict.o(.data) for od_u16
    gen_objdict.o(.constdata) refers to gen_objdict.o(.data) for od_u32
    gen_objdict.o(.constdata) refers to gen_objdict.o(.constdata) for od_const_i16
[...]
    i.icoEmcyCheckObjLimitHist               0x08005ef4   Section        0  co_emcy.o(i.icoEmcyCheckObjLimitHist)
    i.icoEmcyGetObjectAddr                   0x08005f0c   Section        0  co_emcy.o(i.icoEmcyGetObjectAddr)
    i.icoEmcyObjChanged                      0x08005f58   Section        0  co_emcy.o(i.icoEmcyObjChanged)
    i.icoEmcyProducerSetDefaultValue         0x08005f98   Section        0  co_emcy.o(i.icoEmcyProducerSetDefaultValue)
    i.icoEmcyReset                           0x08005fe4   Section        0  co_emcy.o(i.icoEmcyReset)
    i.icoEmcyVarInit                         0x08005ff8   Section        0  co_emcy.o(i.icoEmcyVarInit)
    i.icoEmcyWriteReq                        0x08006014   Section        0  co_emcy.o(i.icoEmcyWriteReq)
    i.icoErrCtrlCheckObjLimit                0x08006050   Section        0  co_errctrl.o(i.icoErrCtrlCheckObjLimit)
    i.icoErrCtrlGetObjectAddr                0x08006098   Section        0  co_errctrl.o(i.icoErrCtrlGetObjectAddr)
    i.icoErrCtrlInd                          0x080060d0   Section        0  co_errctrl.o(i.icoErrCtrlInd)
    i.icoErrCtrlObjChanged                   0x08006100   Section        0  co_errctrl.o(i.icoErrCtrlObjChanged)
    i.icoErrorBehavior                       0x08006120   Section        0  co_errctrl.o(i.icoErrorBehavior)
    i.icoErrorCtrlReset                      0x0800614c   Section        0  co_errctrl.o(i.icoErrorCtrlReset)
    i.icoErrorCtrlSetDefaultValue            0x08006198   Section        0  co_errctrl.o(i.icoErrorCtrlSetDefaultValue)
    i.icoErrorCtrlVarInit                    0x08006200   Section        0  co_errctrl.o(i.icoErrorCtrlVarInit)
    i.icoEventCheck                          0x08006234   Section        0  co_event.o(i.icoEventCheck)
    i.icoEventInit                           0x08006258   Section        0  co_event.o(i.icoEventInit)
    i.icoEventObjectChanged                  0x08006264   Section        0  co_odaccess.o(i.icoEventObjectChanged)
    i.icoHbProdStart                         0x080062c0   Section        0  co_errctrl.o(i.icoHbProdStart)
    i.icoNmtErrorCtrlHandler                 0x08006300   Section        0  co_errctrl.o(i.icoNmtErrorCtrlHandler)
    i.icoNmtMsgHandler                       0x080063d4   Section        0  co_nmt.o(i.icoNmtMsgHandler)
    i.icoNmtPersistantNodeIdGet              0x08006450   Section        0  co_nmt.o(i.icoNmtPersistantNodeIdGet)
    i.icoNmtStateChange                      0x08006460   Section        0  co_nmt.o(i.icoNmtStateChange)
    i.icoNmtVarInit                          0x080064e8   Section        0  co_nmt.o(i.icoNmtVarInit)
    i.icoOdAccessVarInit                     0x0800650c   Section        0  co_odaccess.o(i.icoOdAccessVarInit)
    i.icoOdCheckObjLimits                    0x08006550   Section        0  co_odaccess.o(i.icoOdCheckObjLimits)
    i.icoOdGetNumberOfSubs                   0x0800668c   Section        0  co_odaccess.o(i.icoOdGetNumberOfSubs)
    i.icoOdGetObj                            0x080066b8   Section        0  co_odaccess.o(i.icoOdGetObj)
    i.icoOdGetObjRecMapData                  0x08006720   Section        0  co_odaccess.o(i.icoOdGetObjRecMapData)
    i.icoOdGetObjTrMapData                   0x080067a2   Section        0  co_odaccess.o(i.icoOdGetObjTrMapData)
    i.icoOdPutObj                            0x080067ec   Section        0  co_odaccess.o(i.icoOdPutObj)
    i.icoOdReset                             0x08006880   Section        0  co_odaccess.o(i.icoOdReset)
    i.icoPdoOperational                      0x08006a18   Section        0  co_pdo.o(i.icoPdoOperational)
    i.icoPdoPreOperational                   0x08006a50   Section        0  co_pdo.o(i.icoPdoPreOperational)
    i.icoPdoReceiveHandler                   0x08006a7c   Section        0  co_pdo.o(i.icoPdoReceiveHandler)
    i.icoPdoReset                            0x08006b10   Section        0  co_pdo.o(i.icoPdoReset)
    i.icoPdoRtrHandler                       0x08006bb0   Section        0  co_pdo.o(i.icoPdoRtrHandler)
    i.icoPdoSearchTrPdoIndex                 0x08006bf8   Section        0  co_pdo.o(i.icoPdoSearchTrPdoIndex)
    i.icoPdoSetDefaultValue                  0x08006c24   Section        0  co_pdo.o(i.icoPdoSetDefaultValue)
    i.icoPdoVarInit                          0x08006db4   Section        0  co_pdo.o(i.icoPdoVarInit)
    i.icoQueueDeleteInhibit                  0x08006dc8   Section        0  co_queue.o(i.icoQueueDeleteInhibit)
    i.icoQueueGetReceiveMessage              0x08006de0   Section        0  co_queue.o(i.icoQueueGetReceiveMessage)
    i.icoQueueHandler                        0x08006e70   Section        0  co_queue.o(i.icoQueueHandler)
    i.icoQueueVarInit                        0x08006ee4   Section        0  co_queue.o(i.icoQueueVarInit)
    i.icoRecMapCheckObjLimitMapEntry         0x08006efc   Section        0  co_pdo.o(i.icoRecMapCheckObjLimitMapEntry)
    i.icoRecMapCheckObjLimitMapTable         0x08006f34   Section        0  co_pdo.o(i.icoRecMapCheckObjLimitMapTable)
    i.icoRecMapGetObjectAddr                 0x08006f94   Section        0  co_pdo.o(i.icoRecMapGetObjectAddr)
    i.icoRecMapGetObjectAddr_R               0x08006fb0   Section        0  co_pdo.o(i.icoRecMapGetObjectAddr_R)
    i.icoRecPdoCheckObjLimitCobid            0x08006fcc   Section        0  co_pdo.o(i.icoRecPdoCheckObjLimitCobid)
    i.icoRecPdoCheckObjLimit_u16             0x08007002   Section        0  co_pdo.o(i.icoRecPdoCheckObjLimit_u16)
    i.icoRecPdoCheckObjLimit_u8              0x0800702a   Section        0  co_pdo.o(i.icoRecPdoCheckObjLimit_u8)
    i.icoRecPdoGetObjectAddr                 0x08007058   Section        0  co_pdo.o(i.icoRecPdoGetObjectAddr)
    i.icoRecPdoObjChanged                    0x0800708a   Section        0  co_pdo.o(i.icoRecPdoObjChanged)
    i.icoSdoCheckObjLimitCobId               0x080070d8   Section        0  co_sdoserv.o(i.icoSdoCheckObjLimitCobId)
    i.icoSdoCheckObjLimitNode                0x08007144   Section        0  co_sdoserv.o(i.icoSdoCheckObjLimitNode)
    i.icoSdoCheckUserCheckWriteInd           0x0800715c   Section        0  co_sdoserv.o(i.icoSdoCheckUserCheckWriteInd)
    i.icoSdoCheckUserReadInd                 0x080071bc   Section        0  co_sdoserv.o(i.icoSdoCheckUserReadInd)
    i.icoSdoCheckUserWriteInd                0x0800721c   Section        0  co_sdoserv.o(i.icoSdoCheckUserWriteInd)
    i.icoSdoGetObjectAddr                    0x08007284   Section        0  co_sdoserv.o(i.icoSdoGetObjectAddr)
    i.icoSdoObjChanged                       0x080072d4   Section        0  co_sdoserv.o(i.icoSdoObjChanged)
    i.icoSdoServerAbort                      0x08007324   Section        0  co_sdoserv.o(i.icoSdoServerAbort)
    i.icoSdoServerHandler                    0x08007390   Section        0  co_sdoserv.o(i.icoSdoServerHandler)
    i.icoSdoServerReset                      0x08007428   Section        0  co_sdoserv.o(i.icoSdoServerReset)
    i.icoSdoServerSetDefaultValue            0x08007480   Section        0  co_sdoserv.o(i.icoSdoServerSetDefaultValue)
    i.icoSdoServerVarInit                    0x080074d4   Section        0  co_sdoserv.o(i.icoSdoServerVarInit)
    i.icoStoreLoadReq                        0x080074f4   Section        0  co_store.o(i.icoStoreLoadReq)
    i.icoTimerCheck                          0x080074f8   Section        0  co_timer.o(i.icoTimerCheck)
    i.icoTrMapCheckObjLimitMapEntry          0x0800755c   Section        0  co_pdo.o(i.icoTrMapCheckObjLimitMapEntry)
    i.icoTrMapCheckObjLimitMapTable          0x08007590   Section        0  co_pdo.o(i.icoTrMapCheckObjLimitMapTable)
    i.icoTrMapGetObjectAddr                  0x080075c2   Section        0  co_pdo.o(i.icoTrMapGetObjectAddr)
    i.icoTrMapGetObjectAddr_R                0x080075de   Section        0  co_pdo.o(i.icoTrMapGetObjectAddr_R)
    i.icoTrPdoCheckObjLimitCobid             0x080075fa   Section        0  co_pdo.o(i.icoTrPdoCheckObjLimitCobid)
    i.icoTrPdoCheckObjLimit_u16              0x08007630   Section        0  co_pdo.o(i.icoTrPdoCheckObjLimit_u16)
    i.icoTrPdoCheckObjLimit_u8               0x08007658   Section        0  co_pdo.o(i.icoTrPdoCheckObjLimit_u8)
    i.icoTrPdoGetObjectAddr                  0x0800768a   Section        0  co_pdo.o(i.icoTrPdoGetObjectAddr)
    i.icoTrPdoObjChanged                     0x080076be   Section        0  co_pdo.o(i.icoTrPdoObjChanged)
    i.icoTransmitMessage                     0x0800772c   Section        0  co_queue.o(i.icoTransmitMessage)
    i.inhibitTimer                           0x08007888   Section        0  co_queue.o(i.inhibitTimer)
    inhibitTimer                             0x08007889   Thumb Code     4  co_queue.o(i.inhibitTimer)
    i.jump2Bootloader                        0x0800788c   Section        0  fwupdate.o(i.jump2Bootloader)
    i.ledGreenInd                            0x080078c4   Section        0  main.o(i.ledGreenInd)
    ledGreenInd                              0x080078c5   Thumb Code     2  main.o(i.ledGreenInd)
    i.ledGreenInd                            0x080078c8   Section        0  co_led.o(i.ledGreenInd)
    ledGreenInd                              0x080078c9   Thumb Code    32  co_led.o(i.ledGreenInd)
    i.ledRedInd                              0x080078ec   Section        0  main.o(i.ledRedInd)
    ledRedInd                                0x080078ed   Thumb Code     2  main.o(i.ledRedInd)
    i.ledRedInd                              0x080078f0   Section        0  co_led.o(i.ledRedInd)
    ledRedInd                                0x080078f1   Thumb Code    32  co_led.o(i.ledRedInd)
    i.ledTimerInd                            0x08007914   Section        0  co_led.o(i.ledTimerInd)
    ledTimerInd                              0x08007915   Thumb Code   144  co_led.o(i.ledTimerInd)
    i.main                                   0x080079a8   Section        0  main.o(i.main)
    i.moveInhibitToTransmitList              0x08007a98   Section        0  co_queue.o(i.moveInhibitToTransmitList)
    moveInhibitToTransmitList                0x08007a99   Thumb Code    82  co_queue.o(i.moveInhibitToTransmitList)
    i.nmtInd                                 0x08007af0   Section        0  main.o(i.nmtInd)
    nmtInd                                   0x08007af1   Thumb Code     4  main.o(i.nmtInd)
    i.nmtResetAppl                           0x08007af4   Section        0  co_nmt.o(i.nmtResetAppl)
    nmtResetAppl                             0x08007af5   Thumb Code    32  co_nmt.o(i.nmtResetAppl)
    i.nmtResetComm                           0x08007b14   Section        0  co_nmt.o(i.nmtResetComm)
    nmtResetComm                             0x08007b15   Thumb Code   116  co_nmt.o(i.nmtResetComm)
    i.odCheckObjLimitsOther                  0x08007b8c   Section        0  co_odaccess.o(i.odCheckObjLimitsOther)
    odCheckObjLimitsOther                    0x08007b8d   Thumb Code   114  co_odaccess.o(i.odCheckObjLimitsOther)
    i.odGetObjAddr                           0x08007c00   Section        0  co_odaccess.o(i.odGetObjAddr)
    odGetObjAddr                             0x08007c01   Thumb Code   300  co_odaccess.o(i.odGetObjAddr)
    i.odGetObjAddr_R                         0x08007d30   Section        0  co_odaccess.o(i.odGetObjAddr_R)
    odGetObjAddr_R                           0x08007d31   Thumb Code   144  co_odaccess.o(i.odGetObjAddr_R)
    i.odGetObjDescIdx                        0x08007dc4   Section        0  co_odaccess.o(i.odGetObjDescIdx)
    odGetObjDescIdx                          0x08007dc5   Thumb Code   172  co_odaccess.o(i.odGetObjDescIdx)
    i.pdoEventTimer                          0x08007e74   Section        0  co_pdo.o(i.pdoEventTimer)
    pdoEventTimer                            0x08007e75   Thumb Code     8  co_pdo.o(i.pdoEventTimer)
    i.pdoInd                                 0x08007e7c   Section        0  main.o(i.pdoInd)
    pdoInd                                   0x08007e7d   Thumb Code     2  main.o(i.pdoInd)
    i.pdoRecEvent                            0x08007e7e   Section        0  main.o(i.pdoRecEvent)
    pdoRecEvent                              0x08007e7f   Thumb Code     2  main.o(i.pdoRecEvent)
    i.pdoReceiveData                         0x08007e80   Section        0  co_pdo.o(i.pdoReceiveData)
    pdoReceiveData                           0x08007e81   Thumb Code   138  co_pdo.o(i.pdoReceiveData)
    i.pdoReceiveEventTimer                   0x08007f14   Section        0  co_pdo.o(i.pdoReceiveEventTimer)
    pdoReceiveEventTimer                     0x08007f15   Thumb Code    32  co_pdo.o(i.pdoReceiveEventTimer)
    i.pdoTransmitData                        0x08007f38   Section        0  co_pdo.o(i.pdoTransmitData)
    pdoTransmitData                          0x08007f39   Thumb Code   102  co_pdo.o(i.pdoTransmitData)
    i.sdoServerCheckWriteInd                 0x08007f9e   Section        0  main.o(i.sdoServerCheckWriteInd)
    sdoServerCheckWriteInd                   0x08007f9f   Thumb Code     4  main.o(i.sdoServerCheckWriteInd)
    i.sdoServerReadInd                       0x08007fa2   Section        0  main.o(i.sdoServerReadInd)
    sdoServerReadInd                         0x08007fa3   Thumb Code     4  main.o(i.sdoServerReadInd)
    i.sdoServerReadIndCont                   0x08007fa6   Section        0  co_sdoserv.o(i.sdoServerReadIndCont)
    sdoServerReadIndCont                     0x08007fa7   Thumb Code   126  co_sdoserv.o(i.sdoServerReadIndCont)
    i.sdoServerReadInit                      0x08008024   Section        0  co_sdoserv.o(i.sdoServerReadInit)
    sdoServerReadInit                        0x08008025   Thumb Code    82  co_sdoserv.o(i.sdoServerReadInit)
    i.sdoServerReadSegment                   0x08008076   Section        0  co_sdoserv.o(i.sdoServerReadSegment)
    sdoServerReadSegment                     0x08008077   Thumb Code   138  co_sdoserv.o(i.sdoServerReadSegment)
    i.sdoServerWriteInd                      0x08008100   Section        0  main.o(i.sdoServerWriteInd)
    sdoServerWriteInd                        0x08008101   Thumb Code    40  main.o(i.sdoServerWriteInd)
    i.sdoServerWriteIndCont                  0x08008128   Section        0  co_sdoserv.o(i.sdoServerWriteIndCont)
    sdoServerWriteIndCont                    0x08008129   Thumb Code   106  co_sdoserv.o(i.sdoServerWriteIndCont)
    i.sdoServerWriteInit                     0x08008192   Section        0  co_sdoserv.o(i.sdoServerWriteInit)
    sdoServerWriteInit                       0x08008193   Thumb Code   356  co_sdoserv.o(i.sdoServerWriteInit)
    i.sdoServerWriteSegment                  0x080082f6   Section        0  co_sdoserv.o(i.sdoServerWriteSegment)
    sdoServerWriteSegment                    0x080082f7   Thumb Code   188  co_sdoserv.o(i.sdoServerWriteSegment)
    i.searchLastMessage                      0x080083b4   Section        0  co_queue.o(i.searchLastMessage)
    searchLastMessage                        0x080083b5   Thumb Code    64  co_queue.o(i.searchLastMessage)
    i.searchRecPdo                           0x080083f8   Section        0  co_pdo.o(i.searchRecPdo)
    searchRecPdo                             0x080083f9   Thumb Code    40  co_pdo.o(i.searchRecPdo)
    i.searchSdoServerIndex                   0x08008424   Section        0  co_sdoserv.o(i.searchSdoServerIndex)
    searchSdoServerIndex                     0x08008425   Thumb Code    42  co_sdoserv.o(i.searchSdoServerIndex)
    i.serviceManagement                      0x08008458   Section        0  co_commtask.o(i.serviceManagement)
    serviceManagement                        0x08008459   Thumb Code   114  co_commtask.o(i.serviceManagement)
    i.setPdoCob                              0x080084d0   Section        0  co_pdo.o(i.setPdoCob)
    setPdoCob                                0x080084d1   Thumb Code    16  co_pdo.o(i.setPdoCob)
    i.setupHbConsumer                        0x080084e0   Section        0  co_errctrl.o(i.setupHbConsumer)
    setupHbConsumer                          0x080084e1   Thumb Code    90  co_errctrl.o(i.setupHbConsumer)
    i.setupPdoTrMapTable                     0x08008540   Section        0  co_pdo.o(i.setupPdoTrMapTable)
    setupPdoTrMapTable                       0x08008541   Thumb Code   118  co_pdo.o(i.setupPdoTrMapTable)
    i.setupTrPdoTimer                        0x080085bc   Section        0  co_pdo.o(i.setupTrPdoTimer)
    setupTrPdoTimer                          0x080085bd   Thumb Code    68  co_pdo.o(i.setupTrPdoTimer)
    i.startLedTimer                          0x08008604   Section        0  co_led.o(i.startLedTimer)
    startLedTimer                            0x08008605   Thumb Code    38  co_led.o(i.startLedTimer)
    i.stopLedTimer                           0x0800863c   Section        0  co_led.o(i.stopLedTimer)
    stopLedTimer                             0x0800863d   Thumb Code    18  co_led.o(i.stopLedTimer)
    .constdata                               0x08008658   Section        6  gen_objdict.o(.constdata)
    od_const_u8                              0x08008658   Data           6  gen_objdict.o(.constdata)
    .constdata                               0x0800865e   Section        6  gen_objdict.o(.constdata)
    od_const_u16                             0x0800865e   Data           6  gen_objdict.o(.constdata)
    .constdata                               0x08008664   Section       40  gen_objdict.o(.constdata)
    od_const_u32                             0x08008664   Data          40  gen_objdict.o(.constdata)
    .constdata                               0x0800868c   Section        4  gen_objdict.o(.constdata)
    od_const_i16                             0x0800868c   Data           4  gen_objdict.o(.constdata)
    .constdata                               0x08008690   Section        4  gen_objdict.o(.constdata)
    od_const_i32                             0x08008690   Data           4  gen_objdict.o(.constdata)
    .constdata                               0x08008694   Section      652  gen_objdict.o(.constdata)
    mapTableRPDO0                            0x0800887c   Data          28  gen_objdict.o(.constdata)
    .constdata                               0x08008920   Section       80  codrv_bxcan.o(.constdata)
    codrvCanBittimingTable                   0x08008920   Data          80  codrv_bxcan.o(.constdata)
    .constdata                               0x08008970   Section       64  co_cobhandler.o(.constdata)
    restrictCobs                             0x08008970   Data          64  co_cobhandler.o(.constdata)
    .constdata                               0x080089b0   Section       36  co_commtask.o(.constdata)
    commTable                                0x080089b0   Data          36  co_commtask.o(.constdata)
    .constdata                               0x080089d4   Section      208  co_sdoserv.o(.constdata)
    abortCodeTable                           0x080089d4   Data         208  co_sdoserv.o(.constdata)
    .constdata                               0x08008aa4   Section       49  co_led.o(.constdata)
    priority                                 0x08008aa4   Data           7  co_led.o(.constdata)
    ledBlinkTables                           0x08008aab   Data          42  co_led.o(.constdata)
    .ARM.__AT_0x20000000                     0x20000000   Section       16  fwupdate.o(.ARM.__AT_0x20000000)
    .data                                    0x20000010   Section        5  gen_objdict.o(.data)
    od_u8                                    0x20000010   Data           5  gen_objdict.o(.data)
    .data                                    0x20000016   Section        2  gen_objdict.o(.data)
    od_u16                                   0x20000016   Data           2  gen_objdict.o(.data)
    .data                                    0x20000018   Section        8  gen_objdict.o(.data)
    od_u32                                   0x20000018   Data           8  gen_objdict.o(.data)
    .data                                    0x20000020   Section        4  gen_objdict.o(.data)
    od_i16                                   0x20000020   Data           4  gen_objdict.o(.data)
    .data                                    0x20000024   Section        4  gen_objdict.o(.data)
    od_i32                                   0x20000024   Data           4  gen_objdict.o(.data)
    .data                                    0x20000028   Section       16  codrv_bxcan.o(.data)
    canEnabled                               0x20000028   Data           1  codrv_bxcan.o(.data)
    transmissionIsActive                     0x20000029   Data           1  codrv_bxcan.o(.data)
    errorWaitCounter                         0x2000002a   Data           2  codrv_bxcan.o(.data)
    nextAccEntry                             0x2000002c   Data           2  codrv_bxcan.o(.data)
    oldEsrValue                              0x20000030   Data           4  codrv_bxcan.o(.data)
    pTxBuf                                   0x20000034   Data           4  codrv_bxcan.o(.data)
    .data                                    0x20000038   Section        6  codrv_error.o(.data)
    canErrorFlags                            0x20000038   Data           6  codrv_error.o(.data)
    .data                                    0x2000003e   Section        2  co_cobhandler.o(.data)
    cobRefCnt                                0x2000003e   Data           2  co_cobhandler.o(.data)
    .data                                    0x20000040   Section       16  co_commtask.o(.data)
    eventFlagMsg                             0x20000040   Data           1  co_commtask.o(.data)
    eventFlagTimer                           0x20000041   Data           1  co_commtask.o(.data)
    eventFlagEventHandler                    0x20000042   Data           1  co_commtask.o(.data)
    canState                                 0x20000043   Data           1  co_commtask.o(.data)
    recQuState                               0x20000044   Data           1  co_commtask.o(.data)
    trQuState                                0x20000045   Data           1  co_commtask.o(.data)
    canStateTableCnt                         0x20000046   Data           1  co_commtask.o(.data)
    commEventTableCnt                        0x20000047   Data           1  co_commtask.o(.data)
    canStateTable                            0x20000048   Data           4  co_commtask.o(.data)
    commEventTable                           0x2000004c   Data           4  co_commtask.o(.data)
    .data                                    0x20000050   Section       20  co_emcy.o(.data)
    errorRegister                            0x20000050   Data           1  co_emcy.o(.data)
    errorHistoryCnt                          0x20000051   Data           1  co_emcy.o(.data)
    emcyTableCnt                             0x20000052   Data           1  co_emcy.o(.data)
    inhibit                                  0x20000054   Data           2  co_emcy.o(.data)
    emcyCob                                  0x20000056   Data           2  co_emcy.o(.data)
    emcyCobId                                0x20000058   Data           4  co_emcy.o(.data)
    errorHistory                             0x2000005c   Data           4  co_emcy.o(.data)
    emcyTable                                0x20000060   Data           4  co_emcy.o(.data)
    .data                                    0x20000064   Section       12  co_errctrl.o(.data)
    errCtrlTableCnt                          0x20000064   Data           1  co_errctrl.o(.data)
    errorBehavior                            0x20000065   Data           1  co_errctrl.o(.data)
    errCtrlCob                               0x20000066   Data           2  co_errctrl.o(.data)
    hbProdTime                               0x20000068   Data           2  co_errctrl.o(.data)
    errCtrlTable                             0x2000006c   Data           4  co_errctrl.o(.data)
    .data                                    0x20000070   Section       16  co_nmt.o(.data)
    nodeId                                   0x20000070   Data           1  co_nmt.o(.data)
    nmtState                                 0x20000071   Data           1  co_nmt.o(.data)
    nmtTableCnt                              0x20000072   Data           1  co_nmt.o(.data)
    persistantNodeId                         0x20000073   Data           1  co_nmt.o(.data)
    nmtCob                                   0x20000074   Data           2  co_nmt.o(.data)
    nmtTable                                 0x20000078   Data           4  co_nmt.o(.data)
    nodeIdFunction                           0x2000007c   Data           4  co_nmt.o(.data)
    .data                                    0x20000080   Section      128  co_odaccess.o(.data)
    odAssignCnt                              0x20000080   Data           2  co_odaccess.o(.data)
    pOdConst_u8                              0x20000084   Data           4  co_odaccess.o(.data)
    pOdConst_u16                             0x20000088   Data           4  co_odaccess.o(.data)
    pOdConst_u32                             0x2000008c   Data           4  co_odaccess.o(.data)
    pOdConst_r32                             0x20000090   Data           4  co_odaccess.o(.data)
    pOdVar_u8                                0x20000094   Data           4  co_odaccess.o(.data)
    pOdVar_u16                               0x20000098   Data           4  co_odaccess.o(.data)
    pOdVar_u32                               0x2000009c   Data           4  co_odaccess.o(.data)
    pOdVar_r32                               0x200000a0   Data           4  co_odaccess.o(.data)
    pOdConst_i8                              0x200000a4   Data           4  co_odaccess.o(.data)
    pOdConst_i16                             0x200000a8   Data           4  co_odaccess.o(.data)
    pOdConst_i32                             0x200000ac   Data           4  co_odaccess.o(.data)
    pOdVar_i8                                0x200000b0   Data           4  co_odaccess.o(.data)
    pOdVar_i16                               0x200000b4   Data           4  co_odaccess.o(.data)
    pOdVar_i32                               0x200000b8   Data           4  co_odaccess.o(.data)
    pOdPtr_u8                                0x200000bc   Data           4  co_odaccess.o(.data)
    pOdPtr_u16                               0x200000c0   Data           4  co_odaccess.o(.data)
    pOdPtr_u32                               0x200000c4   Data           4  co_odaccess.o(.data)
    pOdPtr_i8                                0x200000c8   Data           4  co_odaccess.o(.data)
    pOdPtr_i16                               0x200000cc   Data           4  co_odaccess.o(.data)
    pOdPtr_i32                               0x200000d0   Data           4  co_odaccess.o(.data)
    pOdPtr_r32                               0x200000d4   Data           4  co_odaccess.o(.data)
    pOdConst_VS                              0x200000d8   Data           4  co_odaccess.o(.data)
    pOdConst_VS_Len                          0x200000dc   Data           4  co_odaccess.o(.data)
    pOdPtr_VS                                0x200000e0   Data           4  co_odaccess.o(.data)
    pOdPtr_VS_Len                            0x200000e4   Data           4  co_odaccess.o(.data)
    pOdPtr_OS                                0x200000e8   Data           4  co_odaccess.o(.data)
    pOdLen_OS                                0x200000ec   Data           4  co_odaccess.o(.data)
    pOdPtr_Domain                            0x200000f0   Data           4  co_odaccess.o(.data)
    pOdLen_Domain                            0x200000f4   Data           4  co_odaccess.o(.data)
    pOdAssingTable                           0x200000f8   Data           4  co_odaccess.o(.data)
    pObjDescTable                            0x200000fc   Data           4  co_odaccess.o(.data)
    .data                                    0x20000100   Section       20  co_pdo.o(.data)
    pdoTrCnt                                 0x20000100   Data           2  co_pdo.o(.data)
    pdoRecCnt                                0x20000102   Data           2  co_pdo.o(.data)
    pdoEventTableCnt                         0x20000104   Data           2  co_pdo.o(.data)
    pdoRecEventTableCnt                      0x20000106   Data           2  co_pdo.o(.data)
    mapTableTrPdoCnt                         0x20000108   Data           2  co_pdo.o(.data)
    pdoEventTable                            0x2000010c   Data           4  co_pdo.o(.data)
    pdoRecEventTable                         0x20000110   Data           4  co_pdo.o(.data)
    .data                                    0x20000114   Section       16  co_queue.o(.data)
    drvBufAccess                             0x20000114   Data           1  co_queue.o(.data)
    recBufFull                               0x20000115   Data           1  co_queue.o(.data)
    recBufferWrCnt                           0x20000116   Data           2  co_queue.o(.data)
    recBufferRdCnt                           0x20000118   Data           2  co_queue.o(.data)
    pInhibitList                             0x2000011c   Data           4  co_queue.o(.data)
    pTransmitList                            0x20000120   Data           4  co_queue.o(.data)
    .data                                    0x20000124   Section       16  co_sdoserv.o(.data)
    sdoServerCnt                             0x20000124   Data           1  co_sdoserv.o(.data)
    sdoServerReadTableCnt                    0x20000125   Data           1  co_sdoserv.o(.data)
    sdoServerWriteTableCnt                   0x20000126   Data           1  co_sdoserv.o(.data)
    sdoServerCheckWriteTableCnt              0x20000127   Data           1  co_sdoserv.o(.data)
    sdoServerReadTable                       0x20000128   Data           4  co_sdoserv.o(.data)
    sdoServerWriteTable                      0x2000012c   Data           4  co_sdoserv.o(.data)
    sdoServerCheckWriteTable                 0x20000130   Data           4  co_sdoserv.o(.data)
    .data                                    0x20000134   Section       12  co_timer.o(.data)
    timerInterVal                            0x20000134   Data           4  co_timer.o(.data)
    pCoTimer                                 0x20000138   Data           4  co_timer.o(.data)
    actTick                                  0x2000013c   Data           4  co_timer.o(.data)
    .data                                    0x20000140   Section       32  co_led.o(.data)
    ledTimerOn                               0x20000140   Data           1  co_led.o(.data)
    ledCnt                                   0x20000141   Data           1  co_led.o(.data)
    ledGreenTableCnt                         0x20000142   Data           1  co_led.o(.data)
    ledRedTableCnt                           0x20000143   Data           1  co_led.o(.data)
    saveStates                               0x20000144   Data           4  co_led.o(.data)
    ledGreenTable                            0x20000148   Data           4  co_led.o(.data)
    ledRedTable                              0x2000014c   Data           4  co_led.o(.data)
    ledGreen                                 0x20000150   Data           8  co_led.o(.data)
    ledRed                                   0x20000158   Data           8  co_led.o(.data)
    .data                                    0x20000160   Section        4  co_event.o(.data)
    pCoEvent                                 0x20000160   Data           4  co_event.o(.data)
    .bss                                     0x20000164   Section      384  co_cobhandler.o(.bss)
    cobData                                  0x20000164   Data         384  co_cobhandler.o(.bss)
    .bss                                     0x200002e4   Section       64  co_errctrl.o(.bss)
    hbProdTimer                              0x200002e4   Data          24  co_errctrl.o(.bss)
    hbConsumer                               0x200002fc   Data          40  co_errctrl.o(.bss)
    .bss                                     0x20000324   Section      144  co_pdo.o(.bss)
    pdoTransmit                              0x20000324   Data          56  co_pdo.o(.bss)
    pdoReceive                               0x2000035c   Data          60  co_pdo.o(.bss)
    mapTablesTrPDO                           0x20000398   Data          28  co_pdo.o(.bss)
    .bss                                     0x200003b4   Section      680  co_queue.o(.bss)
    recDataBuffer                            0x200003b4   Data         320  co_queue.o(.bss)
    trDataBuffer                             0x200004f4   Data         360  co_queue.o(.bss)
    .bss                                     0x2000065c   Section       36  co_sdoserv.o(.bss)
    sdoServer                                0x2000065c   Data          36  co_sdoserv.o(.bss)
    .bss                                     0x20000680   Section       24  co_led.o(.bss)
    ledTimer                                 0x20000680   Data          24  co_led.o(.bss)
    STACK                                    0x20000698   Section     1024  startup_stm32f10x_md.o(STACK)

    Global Symbols

    Symbol Name                              Value     Ov Type        Size  Object(Section)

    BuildAttributes$$THM_ISAv4$P$D$K$B$S$PE$A:L22UL41UL21$X:L11$S22US41US21$IEEE1$IW$USESV6$~STKCKD$USESV7$~SHL$OSPACE$EBA8$MICROLIB$REQ8$PRES8$EABIv2 0x00000000   Number         0  anon$$obj.o ABSOLUTE
    __ARM_use_no_argv                        0x00000000   Number         0  main.o ABSOLUTE
    __cpp_initialize__aeabi_                  - Undefined Weak Reference
    __cxa_finalize                            - Undefined Weak Reference
    _clock_init                               - Undefined Weak Reference
    _microlib_exit                            - Undefined Weak Reference
    __Vectors_Size                           0x000000ec   Number         0  startup_stm32f10x_md.o ABSOLUTE
    __Vectors                                0x08004200   Data           4  startup_stm32f10x_md.o(RESET)
    __Vectors_End                            0x080042ec   Data           0  startup_stm32f10x_md.o(RESET)
    __main                                   0x080042ed   Thumb Code     0  entry.o(.ARM.Collect$$$$00000000)
    _main_stk                                0x080042ed   Thumb Code     0  entry2.o(.ARM.Collect$$$$00000001)
    _main_scatterload                        0x080042f1   Thumb Code     0  entry5.o(.ARM.Collect$$$$00000004)
    __main_after_scatterload                 0x080042f5   Thumb Code     0  entry5.o(.ARM.Collect$$$$00000004)
    _main_clock                              0x080042f5   Thumb Code     0  entry7b.o(.ARM.Collect$$$$00000008)
    _main_cpp_init                           0x080042f5   Thumb Code     0  entry8b.o(.ARM.Collect$$$$0000000A)
    _main_init                               0x080042f5   Thumb Code     0  entry9a.o(.ARM.Collect$$$$0000000B)
    __rt_final_cpp                           0x080042fd   Thumb Code     0  entry10a.o(.ARM.Collect$$$$0000000D)
    __rt_final_exit                          0x080042fd   Thumb Code     0  entry11a.o(.ARM.Collect$$$$0000000F)
    Reset_Handler                            0x08004301   Thumb Code     8  startup_stm32f10x_md.o(.text)
    NMI_Handler                              0x08004309   Thumb Code     2  startup_stm32f10x_md.o(.text)
    HardFault_Handler                        0x0800430b   Thumb Code     2  startup_stm32f10x_md.o(.text)
    MemManage_Handler                        0x0800430d   Thumb Code     2  startup_stm32f10x_md.o(.text)
    BusFault_Handler                         0x0800430f   Thumb Code     2  startup_stm32f10x_md.o(.text)
    UsageFault_Handler                       0x08004311   Thumb Code     2  startup_stm32f10x_md.o(.text)
    SVC_Handler                              0x08004313   Thumb Code     2  startup_stm32f10x_md.o(.text)
    DebugMon_Handler                         0x08004315   Thumb Code     2  startup_stm32f10x_md.o(.text)
    PendSV_Handler                           0x08004317   Thumb Code     2  startup_stm32f10x_md.o(.text)
    ADC1_2_IRQHandler                        0x0800431b   Thumb Code     0  startup_stm32f10x_md.o(.text)
    DMA1_Channel1_IRQHandler                 0x0800431b   Thumb Code     0  startup_stm32f10x_md.o(.text)
    DMA1_Channel2_IRQHandler                 0x0800431b   Thumb Code     0  startup_stm32f10x_md.o(.text)
    DMA1_Channel3_IRQHandler                 0x0800431b   Thumb Code     0  startup_stm32f10x_md.o(.text)
    DMA1_Channel4_IRQHandler                 0x0800431b   Thumb Code     0  startup_stm32f10x_md.o(.text)
    DMA1_Channel5_IRQHandler                 0x0800431b   Thumb Code     0  startup_stm32f10x_md.o(.text)
    DMA1_Channel6_IRQHandler                 0x0800431b   Thumb Code     0  startup_stm32f10x_md.o(.text)
    DMA1_Channel7_IRQHandler                 0x0800431b   Thumb Code     0  startup_stm32f10x_md.o(.text)
    EXTI0_IRQHandler                         0x0800431b   Thumb Code     0  startup_stm32f10x_md.o(.text)
    EXTI15_10_IRQHandler                     0x0800431b   Thumb Code     0  startup_stm32f10x_md.o(.text)
    EXTI1_IRQHandler                         0x0800431b   Thumb Code     0  startup_stm32f10x_md.o(.text)
    EXTI2_IRQHandler                         0x0800431b   Thumb Code     0  startup_stm32f10x_md.o(.text)
    EXTI3_IRQHandler                         0x0800431b   Thumb Code     0  startup_stm32f10x_md.o(.text)
    EXTI4_IRQHandler                         0x0800431b   Thumb Code     0  startup_stm32f10x_md.o(.text)
    EXTI9_5_IRQHandler                       0x0800431b   Thumb Code     0  startup_stm32f10x_md.o(.text)
    FLASH_IRQHandler                         0x0800431b   Thumb Code     0  startup_stm32f10x_md.o(.text)
    I2C1_ER_IRQHandler                       0x0800431b   Thumb Code     0  startup_stm32f10x_md.o(.text)
    I2C1_EV_IRQHandler                       0x0800431b   Thumb Code     0  startup_stm32f10x_md.o(.text)
    I2C2_ER_IRQHandler                       0x0800431b   Thumb Code     0  startup_stm32f10x_md.o(.text)
    I2C2_EV_IRQHandler                       0x0800431b   Thumb Code     0  startup_stm32f10x_md.o(.text)
    PVD_IRQHandler                           0x0800431b   Thumb Code     0  startup_stm32f10x_md.o(.text)
    RCC_IRQHandler                           0x0800431b   Thumb Code     0  startup_stm32f10x_md.o(.text)
    RTCAlarm_IRQHandler                      0x0800431b   Thumb Code     0  startup_stm32f10x_md.o(.text)
    RTC_IRQHandler                           0x0800431b   Thumb Code     0  startup_stm32f10x_md.o(.text)
    SPI1_IRQHandler                          0x0800431b   Thumb Code     0  startup_stm32f10x_md.o(.text)
    SPI2_IRQHandler                          0x0800431b   Thumb Code     0  startup_stm32f10x_md.o(.text)
    TAMPER_IRQHandler                        0x0800431b   Thumb Code     0  startup_stm32f10x_md.o(.text)
    TIM1_BRK_IRQHandler                      0x0800431b   Thumb Code     0  startup_stm32f10x_md.o(.text)
    TIM1_CC_IRQHandler                       0x0800431b   Thumb Code     0  startup_stm32f10x_md.o(.text)
    TIM1_TRG_COM_IRQHandler                  0x0800431b   Thumb Code     0  startup_stm32f10x_md.o(.text)
    TIM1_UP_IRQHandler                       0x0800431b   Thumb Code     0  startup_stm32f10x_md.o(.text)
    TIM2_IRQHandler                          0x0800431b   Thumb Code     0  startup_stm32f10x_md.o(.text)
    TIM3_IRQHandler                          0x0800431b   Thumb Code     0  startup_stm32f10x_md.o(.text)
    TIM4_IRQHandler                          0x0800431b   Thumb Code     0  startup_stm32f10x_md.o(.text)
    USART1_IRQHandler                        0x0800431b   Thumb Code     0  startup_stm32f10x_md.o(.text)
    USART2_IRQHandler                        0x0800431b   Thumb Code     0  startup_stm32f10x_md.o(.text)
    USART3_IRQHandler                        0x0800431b   Thumb Code     0  startup_stm32f10x_md.o(.text)
    USBWakeUp_IRQHandler                     0x0800431b   Thumb Code     0  startup_stm32f10x_md.o(.text)
    WWDG_IRQHandler                          0x0800431b   Thumb Code     0  startup_stm32f10x_md.o(.text)
    __aeabi_memcpy                           0x08004325   Thumb Code    36  memcpya.o(.text)
    __aeabi_memcpy4                          0x08004325   Thumb Code     0  memcpya.o(.text)
    __aeabi_memcpy8                          0x08004325   Thumb Code     0  memcpya.o(.text)
    __aeabi_memset                           0x08004349   Thumb Code    14  memseta.o(.text)
    __aeabi_memset4                          0x08004349   Thumb Code     0  memseta.o(.text)
    __aeabi_memset8                          0x08004349   Thumb Code     0  memseta.o(.text)
    __aeabi_memclr                           0x08004357   Thumb Code     4  memseta.o(.text)
    __aeabi_memclr4                          0x08004357   Thumb Code     0  memseta.o(.text)
    __aeabi_memclr8                          0x08004357   Thumb Code     0  memseta.o(.text)
    _memset$wrapper                          0x0800435b   Thumb Code    18  memseta.o(.text)
    __scatterload                            0x0800436d   Thumb Code    28  init.o(.text)
    __scatterload_rt2                        0x0800436d   Thumb Code     0  init.o(.text)
    __decompress                             0x08004391   Thumb Code     0  __dczerorl.o(.text)
    __decompress0                            0x08004391   Thumb Code    58  __dczerorl.o(.text)
    CAN1_RX1_IRQHandler                      0x080043cb   Thumb Code     4  cpu_stm32.o(i.CAN1_RX1_IRQHandler)
    CAN1_SCE_IRQHandler                      0x080043cf   Thumb Code     4  cpu_stm32.o(i.CAN1_SCE_IRQHandler)
    GPIO_Init                                0x080043d3   Thumb Code   156  stm32f10x_gpio.o(i.GPIO_Init)
    GPIO_PinRemapConfig                      0x08004471   Thumb Code    82  stm32f10x_gpio.o(i.GPIO_PinRemapConfig)
    GPIO_StructInit                          0x080044c9   Thumb Code    16  stm32f10x_gpio.o(i.GPIO_StructInit)
    NVIC_Configuration                       0x080044d9   Thumb Code    88  cpu_stm32.o(i.NVIC_Configuration)
    NVIC_PriorityGroupConfig                 0x08004555   Thumb Code    10  misc.o(i.NVIC_PriorityGroupConfig)
    NVIC_SetVectorTable                      0x08004589   Thumb Code    12  misc.o(i.NVIC_SetVectorTable)
    RCC_APB1PeriphClockCmd                   0x0800459d   Thumb Code    18  stm32f10x_rcc.o(i.RCC_APB1PeriphClockCmd)
    RCC_APB1PeriphResetCmd                   0x080045b5   Thumb Code    18  stm32f10x_rcc.o(i.RCC_APB1PeriphResetCmd)
    RCC_APB2PeriphClockCmd                   0x080045cd   Thumb Code    18  stm32f10x_rcc.o(i.RCC_APB2PeriphClockCmd)
    SysTick_Handler                          0x0800468d   Thumb Code     4  cpu_stm32.o(i.SysTick_Handler)
    SystemInit                               0x08004691   Thumb Code    64  system_stm32f10x.o(i.SystemInit)
    USB_HP_CAN1_TX_IRQHandler                0x080046e1   Thumb Code     4  cpu_stm32.o(i.USB_HP_CAN1_TX_IRQHandler)
    USB_LP_CAN1_RX0_IRQHandler               0x080046e5   Thumb Code     4  cpu_stm32.o(i.USB_LP_CAN1_RX0_IRQHandler)
    __scatterload_copy                       0x080046e9   Thumb Code    14  handlers.o(i.__scatterload_copy)
    __scatterload_null                       0x080046f7   Thumb Code     2  handlers.o(i.__scatterload_null)
    __scatterload_zeroinit                   0x080046f9   Thumb Code    14  handlers.o(i.__scatterload_zeroinit)
    coCanOpenStackInit                       0x080048a5   Thumb Code   152  gen_objdict.o(i.coCanOpenStackInit)
    coCanOpenStackVarInit                    0x08004941   Thumb Code    72  co_stackinit.o(i.coCanOpenStackVarInit)
    coCommStateEvent                         0x08004989   Thumb Code   216  co_commtask.o(i.coCommStateEvent)
    coCommTask                               0x08004a69   Thumb Code    18  co_commtask.o(i.coCommTask)
    coCommTaskSet                            0x08004a7d   Thumb Code    26  co_commtask.o(i.coCommTaskSet)
    coEmcyProducerInit                       0x08004a9d   Thumb Code    32  co_emcy.o(i.coEmcyProducerInit)
    coEmcyWriteReq                           0x08004ac1   Thumb Code   184  co_emcy.o(i.coEmcyWriteReq)
    coErrorCtrlInit                          0x08004b7d   Thumb Code    98  co_errctrl.o(i.coErrorCtrlInit)
    coEventRegister_CAN_STATE                0x08004be9   Thumb Code    24  co_commtask.o(i.coEventRegister_CAN_STATE)
    coEventRegister_COMM_EVENT               0x08004c05   Thumb Code    24  co_commtask.o(i.coEventRegister_COMM_EVENT)
    coEventRegister_ERRCTRL                  0x08004c21   Thumb Code    24  co_errctrl.o(i.coEventRegister_ERRCTRL)
    coEventRegister_LED_GREEN                0x08004c3d   Thumb Code    36  co_led.o(i.coEventRegister_LED_GREEN)
    coEventRegister_LED_RED                  0x08004c65   Thumb Code    36  co_led.o(i.coEventRegister_LED_RED)
    coEventRegister_NMT                      0x08004c8d   Thumb Code    24  co_nmt.o(i.coEventRegister_NMT)
    coEventRegister_PDO                      0x08004ca9   Thumb Code    24  co_pdo.o(i.coEventRegister_PDO)
    coEventRegister_PDO_REC_EVENT            0x08004cc5   Thumb Code    24  co_pdo.o(i.coEventRegister_PDO_REC_EVENT)
    coEventRegister_SDO_SERVER_CHECK_WRITE   0x08004ce1   Thumb Code    24  co_sdoserv.o(i.coEventRegister_SDO_SERVER_CHECK_WRITE)
    coEventRegister_SDO_SERVER_READ          0x08004cfd   Thumb Code    24  co_sdoserv.o(i.coEventRegister_SDO_SERVER_READ)
    coEventRegister_SDO_SERVER_WRITE         0x08004d19   Thumb Code    24  co_sdoserv.o(i.coEventRegister_SDO_SERVER_WRITE)
    coLedInit                                0x08004d35   Thumb Code    18  co_led.o(i.coLedInit)
    coLedSetGreen                            0x08004d49   Thumb Code   102  co_led.o(i.coLedSetGreen)
    coLedSetRed                              0x08004db9   Thumb Code   102  co_led.o(i.coLedSetRed)
    coLedSetState                            0x08004e29   Thumb Code    68  co_led.o(i.coLedSetState)
    coNmtGetNodeId                           0x08004e75   Thumb Code     6  co_nmt.o(i.coNmtGetNodeId)
    coNmtGetState                            0x08004e81   Thumb Code     6  co_nmt.o(i.coNmtGetState)
    coNmtInit                                0x08004e8d   Thumb Code    52  co_nmt.o(i.coNmtInit)
    coNumMemcpy                              0x08004ec5   Thumb Code    12  co_odaccess.o(i.coNumMemcpy)
    coNumMemcpyPack                          0x08004ed1   Thumb Code    12  co_odaccess.o(i.coNumMemcpyPack)
    coNumMemcpyUnpack                        0x08004edd   Thumb Code     4  co_odaccess.o(i.coNumMemcpyUnpack)
    coOdGetDefaultVal_u16                    0x08004ee1   Thumb Code    76  co_odaccess.o(i.coOdGetDefaultVal_u16)
    coOdGetDefaultVal_u32                    0x08004f31   Thumb Code   108  co_odaccess.o(i.coOdGetDefaultVal_u32)
    coOdGetDefaultVal_u8                     0x08004fa1   Thumb Code    92  co_odaccess.o(i.coOdGetDefaultVal_u8)
    coOdGetObjAttribute                      0x08005001   Thumb Code     4  co_odaccess.o(i.coOdGetObjAttribute)
    coOdGetObjDescPtr                        0x08005005   Thumb Code    38  co_odaccess.o(i.coOdGetObjDescPtr)
    coOdGetObjSize                           0x08005031   Thumb Code   222  co_odaccess.o(i.coOdGetObjSize)
    coOdGetObj_u8                            0x08005115   Thumb Code   108  co_odaccess.o(i.coOdGetObj_u8)
    coOdInitOdPtr                            0x08005181   Thumb Code   142  co_odaccess.o(i.coOdInitOdPtr)
    coPdoReceiveInit                         0x08005215   Thumb Code   122  co_pdo.o(i.coPdoReceiveInit)
    coPdoReqNr                               0x08005299   Thumb Code    80  co_pdo.o(i.coPdoReqNr)
    coPdoTransmitInit                        0x080052e9   Thumb Code   248  co_pdo.o(i.coPdoTransmitInit)
    coQueueGetNextTransmitMessage            0x080053e9   Thumb Code    38  co_queue.o(i.coQueueGetNextTransmitMessage)
    coQueueGetReceiveBuffer                  0x08005415   Thumb Code    36  co_queue.o(i.coQueueGetReceiveBuffer)
    coQueueInit                              0x08005441   Thumb Code    48  co_queue.o(i.coQueueInit)
    coQueueMsgTransmitted                    0x08005479   Thumb Code     8  co_queue.o(i.coQueueMsgTransmitted)
    coQueueReceiveBufferIsFilled             0x08005481   Thumb Code    30  co_queue.o(i.coQueueReceiveBufferIsFilled)
    coSdoServerInit                          0x080054a5   Thumb Code    66  co_sdoserv.o(i.coSdoServerInit)
    coTimerInit                              0x080054f1   Thumb Code    12  co_timer.o(i.coTimerInit)
    coTimerIsActive                          0x08005501   Thumb Code    24  co_timer.o(i.coTimerIsActive)
    coTimerStart                             0x0800551d   Thumb Code    82  co_timer.o(i.coTimerStart)
    coTimerStop                              0x08005575   Thumb Code    40  co_timer.o(i.coTimerStop)
    coTimerTick                              0x080055a1   Thumb Code    18  co_timer.o(i.coTimerTick)
    codrvCanDisable                          0x080055b9   Thumb Code    56  codrv_bxcan.o(i.codrvCanDisable)
    codrvCanDriverHandler                    0x080055f9   Thumb Code    14  codrv_bxcan.o(i.codrvCanDriverHandler)
    codrvCanEnable                           0x08005609   Thumb Code    50  codrv_bxcan.o(i.codrvCanEnable)
    codrvCanEnableInterrupt                  0x08005641   Thumb Code    24  cpu_stm32.o(i.codrvCanEnableInterrupt)
    codrvCanErrorGetFlags                    0x08005659   Thumb Code     4  codrv_error.o(i.codrvCanErrorGetFlags)
    codrvCanErrorInformStack                 0x08005701   Thumb Code   184  codrv_error.o(i.codrvCanErrorInformStack)
    codrvCanErrorInit                        0x080057bd   Thumb Code    16  codrv_error.o(i.codrvCanErrorInit)
    codrvCanErrorInterrupt                   0x080057d1   Thumb Code    42  codrv_bxcan.o(i.codrvCanErrorInterrupt)
    codrvCanInit                             0x08005801   Thumb Code    10  codrv_bxcan.o(i.codrvCanInit)
    codrvCanReceiveInterrupt                 0x080058d1   Thumb Code   166  codrv_bxcan.o(i.codrvCanReceiveInterrupt)
    codrvCanSetBitRate                       0x08005981   Thumb Code    80  codrv_bxcan.o(i.codrvCanSetBitRate)
    codrvCanSetFilter                        0x080059dd   Thumb Code   100  codrv_bxcan.o(i.codrvCanSetFilter)
    codrvCanSetTxInterrupt                   0x08005aa1   Thumb Code    14  cpu_stm32.o(i.codrvCanSetTxInterrupt)
    codrvCanStartTransmission                0x08005ab1   Thumb Code    26  codrv_bxcan.o(i.codrvCanStartTransmission)
    codrvCanTransmitInterrupt                0x08005b41   Thumb Code    54  codrv_bxcan.o(i.codrvCanTransmitInterrupt)
    codrvHardwareCanInit                     0x08005b85   Thumb Code   114  cpu_stm32.o(i.codrvHardwareCanInit)
    codrvHardwareInit                        0x08005bfd   Thumb Code    14  cpu_stm32.o(i.codrvHardwareInit)
    codrvTimerSetup                          0x08005c0d   Thumb Code    42  cpu_stm32.o(i.codrvTimerSetup)
    icoCheckRestrictedCobs                   0x08005c8d   Thumb Code    48  co_cobhandler.o(i.icoCheckRestrictedCobs)
    icoCobCheck                              0x08005cc1   Thumb Code    76  co_cobhandler.o(i.icoCobCheck)
    icoCobCreate                             0x08005d15   Thumb Code    58  co_cobhandler.o(i.icoCobCreate)
    icoCobDisable                            0x08005d59   Thumb Code    30  co_cobhandler.o(i.icoCobDisable)
    icoCobDisableAll                         0x08005d81   Thumb Code    26  co_cobhandler.o(i.icoCobDisableAll)
    icoCobGetPointer                         0x08005ded   Thumb Code    24  co_cobhandler.o(i.icoCobGetPointer)
    icoCobHandlerVarInit                     0x08005e0d   Thumb Code     8  co_cobhandler.o(i.icoCobHandlerVarInit)
    icoCobSet                                0x08005e19   Thumb Code    80  co_cobhandler.o(i.icoCobSet)
    icoCobSetInhibit                         0x08005e71   Thumb Code    36  co_cobhandler.o(i.icoCobSetInhibit)
    icoCommTaskVarInit                       0x08005e9d   Thumb Code    26  co_commtask.o(i.icoCommTaskVarInit)
    icoEmcyCheckObjLimitCobid                0x08005ebd   Thumb Code    52  co_emcy.o(i.icoEmcyCheckObjLimitCobid)
    icoEmcyCheckObjLimitHist                 0x08005ef5   Thumb Code    22  co_emcy.o(i.icoEmcyCheckObjLimitHist)
    icoEmcyGetObjectAddr                     0x08005f0d   Thumb Code    70  co_emcy.o(i.icoEmcyGetObjectAddr)
    icoEmcyObjChanged                        0x08005f59   Thumb Code    58  co_emcy.o(i.icoEmcyObjChanged)
    icoEmcyProducerSetDefaultValue           0x08005f99   Thumb Code    70  co_emcy.o(i.icoEmcyProducerSetDefaultValue)
    icoEmcyReset                             0x08005fe5   Thumb Code    14  co_emcy.o(i.icoEmcyReset)
    icoEmcyVarInit                           0x08005ff9   Thumb Code    22  co_emcy.o(i.icoEmcyVarInit)
    icoEmcyWriteReq                          0x08006015   Thumb Code    56  co_emcy.o(i.icoEmcyWriteReq)
    icoErrCtrlCheckObjLimit                  0x08006051   Thumb Code    66  co_errctrl.o(i.icoErrCtrlCheckObjLimit)
    icoErrCtrlGetObjectAddr                  0x08006099   Thumb Code    46  co_errctrl.o(i.icoErrCtrlGetObjectAddr)
    icoErrCtrlInd                            0x080060d1   Thumb Code    44  co_errctrl.o(i.icoErrCtrlInd)
    icoErrCtrlObjChanged                     0x08006101   Thumb Code    32  co_errctrl.o(i.icoErrCtrlObjChanged)
    icoErrorBehavior                         0x08006121   Thumb Code    40  co_errctrl.o(i.icoErrorBehavior)
    icoErrorCtrlReset                        0x0800614d   Thumb Code    70  co_errctrl.o(i.icoErrorCtrlReset)
    icoErrorCtrlSetDefaultValue              0x08006199   Thumb Code    96  co_errctrl.o(i.icoErrorCtrlSetDefaultValue)
    icoErrorCtrlVarInit                      0x08006201   Thumb Code    42  co_errctrl.o(i.icoErrorCtrlVarInit)
    icoEventCheck                            0x08006235   Thumb Code    32  co_event.o(i.icoEventCheck)
    icoEventInit                             0x08006259   Thumb Code     8  co_event.o(i.icoEventInit)
    icoEventObjectChanged                    0x08006265   Thumb Code    92  co_odaccess.o(i.icoEventObjectChanged)
    icoHbProdStart                           0x080062c1   Thumb Code    50  co_errctrl.o(i.icoHbProdStart)
    icoNmtErrorCtrlHandler                   0x08006301   Thumb Code   204  co_errctrl.o(i.icoNmtErrorCtrlHandler)
    icoNmtMsgHandler                         0x080063d5   Thumb Code   120  co_nmt.o(i.icoNmtMsgHandler)
    icoNmtPersistantNodeIdGet                0x08006451   Thumb Code    12  co_nmt.o(i.icoNmtPersistantNodeIdGet)
    icoNmtStateChange                        0x08006461   Thumb Code   130  co_nmt.o(i.icoNmtStateChange)
    icoNmtVarInit                            0x080064e9   Thumb Code    30  co_nmt.o(i.icoNmtVarInit)
    icoOdAccessVarInit                       0x0800650d   Thumb Code    64  co_odaccess.o(i.icoOdAccessVarInit)
    icoOdCheckObjLimits                      0x08006551   Thumb Code   314  co_odaccess.o(i.icoOdCheckObjLimits)
    icoOdGetNumberOfSubs                     0x0800668d   Thumb Code    40  co_odaccess.o(i.icoOdGetNumberOfSubs)
    icoOdGetObj                              0x080066b9   Thumb Code   104  co_odaccess.o(i.icoOdGetObj)
    icoOdGetObjRecMapData                    0x08006721   Thumb Code   130  co_odaccess.o(i.icoOdGetObjRecMapData)
    icoOdGetObjTrMapData                     0x080067a3   Thumb Code    74  co_odaccess.o(i.icoOdGetObjTrMapData)
    icoOdPutObj                              0x080067ed   Thumb Code   148  co_odaccess.o(i.icoOdPutObj)
    icoOdReset                               0x08006881   Thumb Code   402  co_odaccess.o(i.icoOdReset)
    icoPdoOperational                        0x08006a19   Thumb Code    48  co_pdo.o(i.icoPdoOperational)
    icoPdoPreOperational                     0x08006a51   Thumb Code    34  co_pdo.o(i.icoPdoPreOperational)
    icoPdoReceiveHandler                     0x08006a7d   Thumb Code   136  co_pdo.o(i.icoPdoReceiveHandler)
    icoPdoReset                              0x08006b11   Thumb Code   152  co_pdo.o(i.icoPdoReset)
    icoPdoRtrHandler                         0x08006bb1   Thumb Code    62  co_pdo.o(i.icoPdoRtrHandler)
    icoPdoSearchTrPdoIndex                   0x08006bf9   Thumb Code    40  co_pdo.o(i.icoPdoSearchTrPdoIndex)
    icoPdoSetDefaultValue                    0x08006c25   Thumb Code   392  co_pdo.o(i.icoPdoSetDefaultValue)
    icoPdoVarInit                            0x08006db5   Thumb Code    16  co_pdo.o(i.icoPdoVarInit)
    icoQueueDeleteInhibit                    0x08006dc9   Thumb Code    22  co_queue.o(i.icoQueueDeleteInhibit)
    icoQueueGetReceiveMessage                0x08006de1   Thumb Code   134  co_queue.o(i.icoQueueGetReceiveMessage)
    icoQueueHandler                          0x08006e71   Thumb Code   106  co_queue.o(i.icoQueueHandler)
    icoQueueVarInit                          0x08006ee5   Thumb Code    20  co_queue.o(i.icoQueueVarInit)
    icoRecMapCheckObjLimitMapEntry           0x08006efd   Thumb Code    56  co_pdo.o(i.icoRecMapCheckObjLimitMapEntry)
    icoRecMapCheckObjLimitMapTable           0x08006f35   Thumb Code    96  co_pdo.o(i.icoRecMapCheckObjLimitMapTable)
    icoRecMapGetObjectAddr                   0x08006f95   Thumb Code    28  co_pdo.o(i.icoRecMapGetObjectAddr)
    icoRecMapGetObjectAddr_R                 0x08006fb1   Thumb Code    28  co_pdo.o(i.icoRecMapGetObjectAddr_R)
    icoRecPdoCheckObjLimitCobid              0x08006fcd   Thumb Code    54  co_pdo.o(i.icoRecPdoCheckObjLimitCobid)
    icoRecPdoCheckObjLimit_u16               0x08007003   Thumb Code    40  co_pdo.o(i.icoRecPdoCheckObjLimit_u16)
    icoRecPdoCheckObjLimit_u8                0x0800702b   Thumb Code    46  co_pdo.o(i.icoRecPdoCheckObjLimit_u8)
    icoRecPdoGetObjectAddr                   0x08007059   Thumb Code    50  co_pdo.o(i.icoRecPdoGetObjectAddr)
    icoRecPdoObjChanged                      0x0800708b   Thumb Code    76  co_pdo.o(i.icoRecPdoObjChanged)
    icoSdoCheckObjLimitCobId                 0x080070d9   Thumb Code   102  co_sdoserv.o(i.icoSdoCheckObjLimitCobId)
    icoSdoCheckObjLimitNode                  0x08007145   Thumb Code    24  co_sdoserv.o(i.icoSdoCheckObjLimitNode)
    icoSdoCheckUserCheckWriteInd             0x0800715d   Thumb Code    92  co_sdoserv.o(i.icoSdoCheckUserCheckWriteInd)
    icoSdoCheckUserReadInd                   0x080071bd   Thumb Code    90  co_sdoserv.o(i.icoSdoCheckUserReadInd)
    icoSdoCheckUserWriteInd                  0x0800721d   Thumb Code    98  co_sdoserv.o(i.icoSdoCheckUserWriteInd)
    icoSdoGetObjectAddr                      0x08007285   Thumb Code    76  co_sdoserv.o(i.icoSdoGetObjectAddr)
    icoSdoObjChanged                         0x080072d5   Thumb Code    74  co_sdoserv.o(i.icoSdoObjChanged)
    icoSdoServerAbort                        0x08007325   Thumb Code   102  co_sdoserv.o(i.icoSdoServerAbort)
    icoSdoServerHandler                      0x08007391   Thumb Code   144  co_sdoserv.o(i.icoSdoServerHandler)
    icoSdoServerReset                        0x08007429   Thumb Code    78  co_sdoserv.o(i.icoSdoServerReset)
    icoSdoServerSetDefaultValue              0x08007481   Thumb Code    76  co_sdoserv.o(i.icoSdoServerSetDefaultValue)
    icoSdoServerVarInit                      0x080074d5   Thumb Code    24  co_sdoserv.o(i.icoSdoServerVarInit)
    icoStoreLoadReq                          0x080074f5   Thumb Code     4  co_store.o(i.icoStoreLoadReq)
    icoTimerCheck                            0x080074f9   Thumb Code    94  co_timer.o(i.icoTimerCheck)
    icoTrMapCheckObjLimitMapEntry            0x0800755d   Thumb Code    52  co_pdo.o(i.icoTrMapCheckObjLimitMapEntry)
    icoTrMapCheckObjLimitMapTable            0x08007591   Thumb Code    50  co_pdo.o(i.icoTrMapCheckObjLimitMapTable)
    icoTrMapGetObjectAddr                    0x080075c3   Thumb Code    28  co_pdo.o(i.icoTrMapGetObjectAddr)
    icoTrMapGetObjectAddr_R                  0x080075df   Thumb Code    28  co_pdo.o(i.icoTrMapGetObjectAddr_R)
    icoTrPdoCheckObjLimitCobid               0x080075fb   Thumb Code    54  co_pdo.o(i.icoTrPdoCheckObjLimitCobid)
    icoTrPdoCheckObjLimit_u16                0x08007631   Thumb Code    40  co_pdo.o(i.icoTrPdoCheckObjLimit_u16)
    icoTrPdoCheckObjLimit_u8                 0x08007659   Thumb Code    50  co_pdo.o(i.icoTrPdoCheckObjLimit_u8)
    icoTrPdoGetObjectAddr                    0x0800768b   Thumb Code    52  co_pdo.o(i.icoTrPdoGetObjectAddr)
    icoTrPdoObjChanged                       0x080076bf   Thumb Code   110  co_pdo.o(i.icoTrPdoObjChanged)
    icoTransmitMessage                       0x0800772d   Thumb Code   340  co_queue.o(i.icoTransmitMessage)
    jump2Bootloader                          0x0800788d   Thumb Code    34  fwupdate.o(i.jump2Bootloader)
    main                                     0x080079a9   Thumb Code   188  main.o(i.main)
    od_description                           0x08008694   Data         352  gen_objdict.o(.constdata)
    od_assign                                0x080087f4   Data         136  gen_objdict.o(.constdata)
    od_data_variables                        0x08008898   Data         116  gen_objdict.o(.constdata)
    Region$$Table$$Base                      0x08008ad8   Number         0  anon$$obj.o(Region$$Table)
    Region$$Table$$Limit                     0x08008af8   Number         0  anon$$obj.o(Region$$Table)
    cobl_command                             0x20000000   Data          16  fwupdate.o(.ARM.__AT_0x20000000)
    __initial_sp                             0x20000a98   Data           0  startup_stm32f10x_md.o(STACK)



==============================================================================

Memory Map of the image

  Image Entry point : 0x080042ed

  Load Region LR_IROM1 (Base: 0x08004200, Size: 0x00004a4c, Max: 0x0001be00, ABSOLUTE, COMPRESSED[0x0000490c])

    Execution Region ER_IROM1 (Base: 0x08004200, Size: 0x000048f8, Max: 0x0001be00, ABSOLUTE)

    Base Addr    Size         Type   Attr      Idx    E Section Name        Object

    0x08004200   0x000000ec   Data   RO         2582    RESET               startup_stm32f10x_md.o
    0x080042ec   0x00000000   Code   RO         2628  * .ARM.Collect$$$$00000000  mc_w.l(entry.o)
    0x080042ec   0x00000004   Code   RO         2637    .ARM.Collect$$$$00000001  mc_w.l(entry2.o)
    0x080042f0   0x00000004   Code   RO         2640    .ARM.Collect$$$$00000004  mc_w.l(entry5.o)
    0x080042f4   0x00000000   Code   RO         2642    .ARM.Collect$$$$00000008  mc_w.l(entry7b.o)
    0x080042f4   0x00000000   Code   RO         2644    .ARM.Collect$$$$0000000A  mc_w.l(entry8b.o)
    0x080042f4   0x00000008   Code   RO         2645    .ARM.Collect$$$$0000000B  mc_w.l(entry9a.o)
    0x080042fc   0x00000000   Code   RO         2647    .ARM.Collect$$$$0000000D  mc_w.l(entry10a.o)
    0x080042fc   0x00000000   Code   RO         2649    .ARM.Collect$$$$0000000F  mc_w.l(entry11a.o)
    0x080042fc   0x00000004   Code   RO         2638    .ARM.Collect$$$$00002712  mc_w.l(entry2.o)
    0x08004300   0x00000024   Code   RO         2583    .text               startup_stm32f10x_md.o
    0x08004324   0x00000024   Code   RO         2631    .text               mc_w.l(memcpya.o)
    0x08004348   0x00000024   Code   RO         2633    .text               mc_w.l(memseta.o)
    0x0800436c   0x00000024   Code   RO         2651    .text               mc_w.l(init.o)
    0x08004390   0x0000003a   Code   RO         2661    .text               mc_w.l(__dczerorl.o)
    0x080043ca   0x00000004   Code   RO          378    i.CAN1_RX1_IRQHandler  cpu_stm32.o
    0x080043ce   0x00000004   Code   RO          379    i.CAN1_SCE_IRQHandler  cpu_stm32.o
    0x080043d2   0x0000009c   Code   RO         2059    i.GPIO_Init         stm32f10x_gpio.o
    0x0800446e   0x00000002   PAD
    0x08004470   0x00000058   Code   RO         2061    i.GPIO_PinRemapConfig  stm32f10x_gpio.o
    0x080044c8   0x00000010   Code   RO         2068    i.GPIO_StructInit   stm32f10x_gpio.o
    0x080044d8   0x00000064   Code   RO          380    i.NVIC_Configuration  cpu_stm32.o
    0x0800453c   0x00000016   Code   RO          382    i.NVIC_EnableIRQ    cpu_stm32.o
    0x08004552   0x00000002   PAD
    0x08004554   0x00000014   Code   RO         2006    i.NVIC_PriorityGroupConfig  misc.o
    0x08004568   0x00000020   Code   RO          383    i.NVIC_SetPriority  cpu_stm32.o
    0x08004588   0x00000014   Code   RO         2007    i.NVIC_SetVectorTable  misc.o
    0x0800459c   0x00000018   Code   RO         2181    i.RCC_APB1PeriphClockCmd  stm32f10x_rcc.o
    0x080045b4   0x00000018   Code   RO         2182    i.RCC_APB1PeriphResetCmd  stm32f10x_rcc.o
    0x080045cc   0x00000018   Code   RO         2183    i.RCC_APB2PeriphClockCmd  stm32f10x_rcc.o
    0x080045e4   0x000000a8   Code   RO         2590    i.SetSysClockTo72   system_stm32f10x.o
    0x0800468c   0x00000004   Code   RO          384    i.SysTick_Handler   cpu_stm32.o
    0x08004690   0x00000050   Code   RO         2592    i.SystemInit        system_stm32f10x.o
    0x080046e0   0x00000004   Code   RO          385    i.USB_HP_CAN1_TX_IRQHandler  cpu_stm32.o
    0x080046e4   0x00000004   Code   RO          386    i.USB_LP_CAN1_RX0_IRQHandler  cpu_stm32.o
    0x080046e8   0x0000000e   Code   RO         2655    i.__scatterload_copy  mc_w.l(handlers.o)
    0x080046f6   0x00000002   Code   RO         2656    i.__scatterload_null  mc_w.l(handlers.o)
    0x080046f8   0x0000000e   Code   RO         2657    i.__scatterload_zeroinit  mc_w.l(handlers.o)
    0x08004706   0x00000002   PAD
    0x08004708   0x00000054   Code   RO         1762    i.addTimer          co_timer.o
    0x0800475c   0x00000014   Code   RO         1488    i.addToInhibitList  co_queue.o
    0x08004770   0x00000024   Code   RO         1489    i.addToTransmitList  co_queue.o
    0x08004794   0x00000002   Code   RO           72    i.canInd            main.o
    0x08004796   0x00000078   Code   RO         1225    i.checkRecPdoMappingTable  co_pdo.o
    0x0800480e   0x00000002   PAD
    0x08004810   0x00000094   Code   RO         1226    i.checkTrPdoMappingTable  co_pdo.o
    0x080048a4   0x0000009c   Code   RO          216    i.coCanOpenStackInit  gen_objdict.o
    0x08004940   0x00000048   Code   RO         1941    i.coCanOpenStackVarInit  co_stackinit.o
    0x08004988   0x000000e0   Code   RO          616    i.coCommStateEvent  co_commtask.o
    0x08004a68   0x00000012   Code   RO          617    i.coCommTask        co_commtask.o
    0x08004a7a   0x00000002   PAD
    0x08004a7c   0x00000020   Code   RO          618    i.coCommTaskSet     co_commtask.o
    0x08004a9c   0x00000024   Code   RO          696    i.coEmcyProducerInit  co_emcy.o
    0x08004ac0   0x000000bc   Code   RO          697    i.coEmcyWriteReq    co_emcy.o
    0x08004b7c   0x0000006c   Code   RO          773    i.coErrorCtrlInit   co_errctrl.o
    0x08004be8   0x0000001c   Code   RO          619    i.coEventRegister_CAN_STATE  co_commtask.o
    0x08004c04   0x0000001c   Code   RO          620    i.coEventRegister_COMM_EVENT  co_commtask.o
    0x08004c20   0x0000001c   Code   RO          774    i.coEventRegister_ERRCTRL  co_errctrl.o
    0x08004c3c   0x00000028   Code   RO         1817    i.coEventRegister_LED_GREEN  co_led.o
    0x08004c64   0x00000028   Code   RO         1818    i.coEventRegister_LED_RED  co_led.o
    0x08004c8c   0x0000001c   Code   RO          887    i.coEventRegister_NMT  co_nmt.o
    0x08004ca8   0x0000001c   Code   RO         1227    i.coEventRegister_PDO  co_pdo.o
    0x08004cc4   0x0000001c   Code   RO         1228    i.coEventRegister_PDO_REC_EVENT  co_pdo.o
    0x08004ce0   0x0000001c   Code   RO         1594    i.coEventRegister_SDO_SERVER_CHECK_WRITE  co_sdoserv.o
    0x08004cfc   0x0000001c   Code   RO         1595    i.coEventRegister_SDO_SERVER_READ  co_sdoserv.o
    0x08004d18   0x0000001c   Code   RO         1596    i.coEventRegister_SDO_SERVER_WRITE  co_sdoserv.o
    0x08004d34   0x00000012   Code   RO         1819    i.coLedInit         co_led.o
    0x08004d46   0x00000002   PAD
    0x08004d48   0x00000070   Code   RO         1820    i.coLedSetGreen     co_led.o
    0x08004db8   0x00000070   Code   RO         1821    i.coLedSetRed       co_led.o
    0x08004e28   0x0000004c   Code   RO         1822    i.coLedSetState     co_led.o
    0x08004e74   0x0000000c   Code   RO          888    i.coNmtGetNodeId    co_nmt.o
    0x08004e80   0x0000000c   Code   RO          889    i.coNmtGetState     co_nmt.o
    0x08004e8c   0x00000038   Code   RO          890    i.coNmtInit         co_nmt.o
    0x08004ec4   0x0000000c   Code   RO          970    i.coNumMemcpy       co_odaccess.o
    0x08004ed0   0x0000000c   Code   RO          971    i.coNumMemcpyPack   co_odaccess.o
    0x08004edc   0x00000004   Code   RO          972    i.coNumMemcpyUnpack  co_odaccess.o
    0x08004ee0   0x00000050   Code   RO          974    i.coOdGetDefaultVal_u16  co_odaccess.o
    0x08004f30   0x00000070   Code   RO          975    i.coOdGetDefaultVal_u32  co_odaccess.o
    0x08004fa0   0x00000060   Code   RO          976    i.coOdGetDefaultVal_u8  co_odaccess.o
    0x08005000   0x00000004   Code   RO          978    i.coOdGetObjAttribute  co_odaccess.o
    0x08005004   0x0000002c   Code   RO          979    i.coOdGetObjDescPtr  co_odaccess.o
    0x08005030   0x000000e4   Code   RO          980    i.coOdGetObjSize    co_odaccess.o
    0x08005114   0x0000006c   Code   RO          987    i.coOdGetObj_u8     co_odaccess.o
    0x08005180   0x00000094   Code   RO          988    i.coOdInitOdPtr     co_odaccess.o
    0x08005214   0x00000084   Code   RO         1230    i.coPdoReceiveInit  co_pdo.o
    0x08005298   0x00000050   Code   RO         1231    i.coPdoReqNr        co_pdo.o
    0x080052e8   0x00000100   Code   RO         1233    i.coPdoTransmitInit  co_pdo.o
    0x080053e8   0x0000002c   Code   RO         1490    i.coQueueGetNextTransmitMessage  co_queue.o
    0x08005414   0x0000002c   Code   RO         1491    i.coQueueGetReceiveBuffer  co_queue.o
    0x08005440   0x00000038   Code   RO         1492    i.coQueueInit       co_queue.o
    0x08005478   0x00000008   Code   RO         1493    i.coQueueMsgTransmitted  co_queue.o
    0x08005480   0x00000024   Code   RO         1494    i.coQueueReceiveBufferIsFilled  co_queue.o
    0x080054a4   0x0000004c   Code   RO         1597    i.coSdoServerInit   co_sdoserv.o
    0x080054f0   0x00000010   Code   RO         1764    i.coTimerInit       co_timer.o
    0x08005500   0x0000001c   Code   RO         1765    i.coTimerIsActive   co_timer.o
    0x0800551c   0x00000058   Code   RO         1766    i.coTimerStart      co_timer.o
    0x08005574   0x0000002c   Code   RO         1767    i.coTimerStop       co_timer.o
    0x080055a0   0x00000018   Code   RO         1768    i.coTimerTick       co_timer.o
    0x080055b8   0x00000040   Code   RO          268    i.codrvCanDisable   codrv_bxcan.o
    0x080055f8   0x0000000e   Code   RO          269    i.codrvCanDriverHandler  codrv_bxcan.o
    0x08005606   0x00000002   PAD
    0x08005608   0x00000038   Code   RO          270    i.codrvCanEnable    codrv_bxcan.o
    0x08005640   0x00000018   Code   RO          388    i.codrvCanEnableInterrupt  cpu_stm32.o
    0x08005658   0x00000008   Code   RO          490    i.codrvCanErrorGetFlags  codrv_error.o
    0x08005660   0x000000a0   Code   RO          271    i.codrvCanErrorHandler  codrv_bxcan.o
    0x08005700   0x000000bc   Code   RO          491    i.codrvCanErrorInformStack  codrv_error.o
    0x080057bc   0x00000014   Code   RO          492    i.codrvCanErrorInit  codrv_error.o
    0x080057d0   0x00000030   Code   RO          272    i.codrvCanErrorInterrupt  codrv_bxcan.o
    0x08005800   0x00000010   Code   RO          273    i.codrvCanInit      codrv_bxcan.o
    0x08005810   0x000000c0   Code   RO          274    i.codrvCanInitController  codrv_bxcan.o
    0x080058d0   0x000000b0   Code   RO          276    i.codrvCanReceiveInterrupt  codrv_bxcan.o
    0x08005980   0x0000005c   Code   RO          277    i.codrvCanSetBitRate  codrv_bxcan.o
    0x080059dc   0x00000068   Code   RO          278    i.codrvCanSetFilter  codrv_bxcan.o
    0x08005a44   0x0000005c   Code   RO          279    i.codrvCanSetIdFilter  codrv_bxcan.o
    0x08005aa0   0x0000000e   Code   RO          389    i.codrvCanSetTxInterrupt  cpu_stm32.o
    0x08005aae   0x00000002   PAD
    0x08005ab0   0x00000020   Code   RO          280    i.codrvCanStartTransmission  codrv_bxcan.o
    0x08005ad0   0x00000070   Code   RO          281    i.codrvCanTransmit  codrv_bxcan.o
    0x08005b40   0x00000044   Code   RO          282    i.codrvCanTransmitInterrupt  codrv_bxcan.o
    0x08005b84   0x00000078   Code   RO          390    i.codrvHardwareCanInit  cpu_stm32.o
    0x08005bfc   0x0000000e   Code   RO          391    i.codrvHardwareInit  cpu_stm32.o
    0x08005c0a   0x00000002   PAD
    0x08005c0c   0x00000030   Code   RO          393    i.codrvTimerSetup   cpu_stm32.o
    0x08005c3c   0x00000002   Code   RO           73    i.commInd           main.o
    0x08005c3e   0x0000002c   Code   RO          778    i.hbConsFailure     co_errctrl.o
    0x08005c6a   0x00000002   PAD
    0x08005c6c   0x0000001c   Code   RO          779    i.hbProdSendMessage  co_errctrl.o
    0x08005c88   0x00000002   Code   RO           74    i.hbState           main.o
    0x08005c8a   0x00000002   PAD
    0x08005c8c   0x00000034   Code   RO          523    i.icoCheckRestrictedCobs  co_cobhandler.o
    0x08005cc0   0x00000054   Code   RO          525    i.icoCobCheck       co_cobhandler.o
    0x08005d14   0x00000044   Code   RO          526    i.icoCobCreate      co_cobhandler.o
    0x08005d58   0x00000028   Code   RO          527    i.icoCobDisable     co_cobhandler.o
    0x08005d80   0x00000020   Code   RO          528    i.icoCobDisableAll  co_cobhandler.o
    0x08005da0   0x0000004c   Code   RO          530    i.icoCobFilterSet   co_cobhandler.o
    0x08005dec   0x00000020   Code   RO          532    i.icoCobGetPointer  co_cobhandler.o
    0x08005e0c   0x0000000c   Code   RO          533    i.icoCobHandlerVarInit  co_cobhandler.o
    0x08005e18   0x00000058   Code   RO          534    i.icoCobSet         co_cobhandler.o
    0x08005e70   0x0000002c   Code   RO          535    i.icoCobSetInhibit  co_cobhandler.o
    0x08005e9c   0x00000020   Code   RO          621    i.icoCommTaskVarInit  co_commtask.o
    0x08005ebc   0x00000038   Code   RO          699    i.icoEmcyCheckObjLimitCobid  co_emcy.o
    0x08005ef4   0x00000016   Code   RO          700    i.icoEmcyCheckObjLimitHist  co_emcy.o
    0x08005f0a   0x00000002   PAD
    0x08005f0c   0x0000004c   Code   RO          701    i.icoEmcyGetObjectAddr  co_emcy.o
    0x08005f58   0x00000040   Code   RO          702    i.icoEmcyObjChanged  co_emcy.o
    0x08005f98   0x0000004c   Code   RO          703    i.icoEmcyProducerSetDefaultValue  co_emcy.o
    0x08005fe4   0x00000014   Code   RO          704    i.icoEmcyReset      co_emcy.o
    0x08005ff8   0x0000001c   Code   RO          705    i.icoEmcyVarInit    co_emcy.o
    0x08006014   0x0000003c   Code   RO          706    i.icoEmcyWriteReq   co_emcy.o
    0x08006050   0x00000048   Code   RO          780    i.icoErrCtrlCheckObjLimit  co_errctrl.o
    0x08006098   0x00000038   Code   RO          781    i.icoErrCtrlGetObjectAddr  co_errctrl.o
    0x080060d0   0x00000030   Code   RO          782    i.icoErrCtrlInd     co_errctrl.o
    0x08006100   0x00000020   Code   RO          783    i.icoErrCtrlObjChanged  co_errctrl.o
    0x08006120   0x0000002c   Code   RO          784    i.icoErrorBehavior  co_errctrl.o
    0x0800614c   0x0000004c   Code   RO          785    i.icoErrorCtrlReset  co_errctrl.o
    0x08006198   0x00000068   Code   RO          786    i.icoErrorCtrlSetDefaultValue  co_errctrl.o
    0x08006200   0x00000034   Code   RO          787    i.icoErrorCtrlVarInit  co_errctrl.o
    0x08006234   0x00000024   Code   RO         1897    i.icoEventCheck     co_event.o
    0x08006258   0x0000000c   Code   RO         1898    i.icoEventInit      co_event.o
    0x08006264   0x0000005c   Code   RO          998    i.icoEventObjectChanged  co_odaccess.o
    0x080062c0   0x00000040   Code   RO          788    i.icoHbProdStart    co_errctrl.o
    0x08006300   0x000000d4   Code   RO          789    i.icoNmtErrorCtrlHandler  co_errctrl.o
    0x080063d4   0x0000007c   Code   RO          893    i.icoNmtMsgHandler  co_nmt.o
    0x08006450   0x00000010   Code   RO          894    i.icoNmtPersistantNodeIdGet  co_nmt.o
    0x08006460   0x00000088   Code   RO          895    i.icoNmtStateChange  co_nmt.o
    0x080064e8   0x00000024   Code   RO          896    i.icoNmtVarInit     co_nmt.o
    0x0800650c   0x00000044   Code   RO          999    i.icoOdAccessVarInit  co_odaccess.o
    0x08006550   0x0000013a   Code   RO         1001    i.icoOdCheckObjLimits  co_odaccess.o
    0x0800668a   0x00000002   PAD
    0x0800668c   0x0000002c   Code   RO         1002    i.icoOdGetNumberOfSubs  co_odaccess.o
    0x080066b8   0x00000068   Code   RO         1003    i.icoOdGetObj       co_odaccess.o
    0x08006720   0x00000082   Code   RO         1004    i.icoOdGetObjRecMapData  co_odaccess.o
    0x080067a2   0x0000004a   Code   RO         1005    i.icoOdGetObjTrMapData  co_odaccess.o
    0x080067ec   0x00000094   Code   RO         1006    i.icoOdPutObj       co_odaccess.o
    0x08006880   0x00000198   Code   RO         1007    i.icoOdReset        co_odaccess.o
    0x08006a18   0x00000038   Code   RO         1234    i.icoPdoOperational  co_pdo.o
    0x08006a50   0x0000002c   Code   RO         1235    i.icoPdoPreOperational  co_pdo.o
    0x08006a7c   0x00000094   Code   RO         1236    i.icoPdoReceiveHandler  co_pdo.o
    0x08006b10   0x000000a0   Code   RO         1237    i.icoPdoReset       co_pdo.o
    0x08006bb0   0x00000048   Code   RO         1238    i.icoPdoRtrHandler  co_pdo.o
    0x08006bf8   0x0000002c   Code   RO         1239    i.icoPdoSearchTrPdoIndex  co_pdo.o
    0x08006c24   0x00000190   Code   RO         1240    i.icoPdoSetDefaultValue  co_pdo.o
    0x08006db4   0x00000014   Code   RO         1241    i.icoPdoVarInit     co_pdo.o
    0x08006dc8   0x00000016   Code   RO         1496    i.icoQueueDeleteInhibit  co_queue.o
    0x08006dde   0x00000002   PAD
    0x08006de0   0x00000090   Code   RO         1497    i.icoQueueGetReceiveMessage  co_queue.o
    0x08006e70   0x00000074   Code   RO         1498    i.icoQueueHandler   co_queue.o
    0x08006ee4   0x00000018   Code   RO         1500    i.icoQueueVarInit   co_queue.o
    0x08006efc   0x00000038   Code   RO         1242    i.icoRecMapCheckObjLimitMapEntry  co_pdo.o
    0x08006f34   0x00000060   Code   RO         1243    i.icoRecMapCheckObjLimitMapTable  co_pdo.o
    0x08006f94   0x0000001c   Code   RO         1244    i.icoRecMapGetObjectAddr  co_pdo.o
    0x08006fb0   0x0000001c   Code   RO         1245    i.icoRecMapGetObjectAddr_R  co_pdo.o
    0x08006fcc   0x00000036   Code   RO         1246    i.icoRecPdoCheckObjLimitCobid  co_pdo.o
    0x08007002   0x00000028   Code   RO         1247    i.icoRecPdoCheckObjLimit_u16  co_pdo.o
    0x0800702a   0x0000002e   Code   RO         1248    i.icoRecPdoCheckObjLimit_u8  co_pdo.o
    0x08007058   0x00000032   Code   RO         1249    i.icoRecPdoGetObjectAddr  co_pdo.o
    0x0800708a   0x0000004c   Code   RO         1250    i.icoRecPdoObjChanged  co_pdo.o
    0x080070d6   0x00000002   PAD
    0x080070d8   0x0000006c   Code   RO         1598    i.icoSdoCheckObjLimitCobId  co_sdoserv.o
    0x08007144   0x00000018   Code   RO         1599    i.icoSdoCheckObjLimitNode  co_sdoserv.o
    0x0800715c   0x00000060   Code   RO         1600    i.icoSdoCheckUserCheckWriteInd  co_sdoserv.o
    0x080071bc   0x00000060   Code   RO         1601    i.icoSdoCheckUserReadInd  co_sdoserv.o
    0x0800721c   0x00000068   Code   RO         1602    i.icoSdoCheckUserWriteInd  co_sdoserv.o
    0x08007284   0x00000050   Code   RO         1605    i.icoSdoGetObjectAddr  co_sdoserv.o
    0x080072d4   0x00000050   Code   RO         1606    i.icoSdoObjChanged  co_sdoserv.o
    0x08007324   0x0000006c   Code   RO         1607    i.icoSdoServerAbort  co_sdoserv.o
    0x08007390   0x00000098   Code   RO         1608    i.icoSdoServerHandler  co_sdoserv.o
    0x08007428   0x00000058   Code   RO         1610    i.icoSdoServerReset  co_sdoserv.o
    0x08007480   0x00000054   Code   RO         1611    i.icoSdoServerSetDefaultValue  co_sdoserv.o
    0x080074d4   0x00000020   Code   RO         1612    i.icoSdoServerVarInit  co_sdoserv.o
    0x080074f4   0x00000004   Code   RO         1929    i.icoStoreLoadReq   co_store.o
    0x080074f8   0x00000064   Code   RO         1769    i.icoTimerCheck     co_timer.o
    0x0800755c   0x00000034   Code   RO         1251    i.icoTrMapCheckObjLimitMapEntry  co_pdo.o
    0x08007590   0x00000032   Code   RO         1252    i.icoTrMapCheckObjLimitMapTable  co_pdo.o
    0x080075c2   0x0000001c   Code   RO         1253    i.icoTrMapGetObjectAddr  co_pdo.o
    0x080075de   0x0000001c   Code   RO         1254    i.icoTrMapGetObjectAddr_R  co_pdo.o
    0x080075fa   0x00000036   Code   RO         1255    i.icoTrPdoCheckObjLimitCobid  co_pdo.o
    0x08007630   0x00000028   Code   RO         1256    i.icoTrPdoCheckObjLimit_u16  co_pdo.o
    0x08007658   0x00000032   Code   RO         1257    i.icoTrPdoCheckObjLimit_u8  co_pdo.o
    0x0800768a   0x00000034   Code   RO         1258    i.icoTrPdoGetObjectAddr  co_pdo.o
    0x080076be   0x0000006e   Code   RO         1260    i.icoTrPdoObjChanged  co_pdo.o
    0x0800772c   0x0000015c   Code   RO         1501    i.icoTransmitMessage  co_queue.o
    0x08007888   0x00000004   Code   RO         1502    i.inhibitTimer      co_queue.o
    0x0800788c   0x00000038   Code   RO         1968    i.jump2Bootloader   fwupdate.o
    0x080078c4   0x00000002   Code   RO           75    i.ledGreenInd       main.o
    0x080078c6   0x00000002   PAD
    0x080078c8   0x00000024   Code   RO         1824    i.ledGreenInd       co_led.o
    0x080078ec   0x00000002   Code   RO           76    i.ledRedInd         main.o
    0x080078ee   0x00000002   PAD
    0x080078f0   0x00000024   Code   RO         1825    i.ledRedInd         co_led.o
    0x08007914   0x00000094   Code   RO         1826    i.ledTimerInd       co_led.o
    0x080079a8   0x000000f0   Code   RO           77    i.main              main.o
    0x08007a98   0x00000058   Code   RO         1503    i.moveInhibitToTransmitList  co_queue.o
    0x08007af0   0x00000004   Code   RO           78    i.nmtInd            main.o
    0x08007af4   0x00000020   Code   RO          897    i.nmtResetAppl      co_nmt.o
    0x08007b14   0x00000078   Code   RO          898    i.nmtResetComm      co_nmt.o
    0x08007b8c   0x00000072   Code   RO         1008    i.odCheckObjLimitsOther  co_odaccess.o
    0x08007bfe   0x00000002   PAD
    0x08007c00   0x00000130   Code   RO         1009    i.odGetObjAddr      co_odaccess.o
    0x08007d30   0x00000094   Code   RO         1010    i.odGetObjAddr_R    co_odaccess.o
    0x08007dc4   0x000000b0   Code   RO         1011    i.odGetObjDescIdx   co_odaccess.o
    0x08007e74   0x00000008   Code   RO         1261    i.pdoEventTimer     co_pdo.o
    0x08007e7c   0x00000002   Code   RO           79    i.pdoInd            main.o
    0x08007e7e   0x00000002   Code   RO           80    i.pdoRecEvent       main.o
    0x08007e80   0x00000094   Code   RO         1262    i.pdoReceiveData    co_pdo.o
    0x08007f14   0x00000024   Code   RO         1263    i.pdoReceiveEventTimer  co_pdo.o
    0x08007f38   0x00000066   Code   RO         1264    i.pdoTransmitData   co_pdo.o
    0x08007f9e   0x00000004   Code   RO           81    i.sdoServerCheckWriteInd  main.o
    0x08007fa2   0x00000004   Code   RO           82    i.sdoServerReadInd  main.o
    0x08007fa6   0x0000007e   Code   RO         1613    i.sdoServerReadIndCont  co_sdoserv.o
    0x08008024   0x00000052   Code   RO         1614    i.sdoServerReadInit  co_sdoserv.o
    0x08008076   0x0000008a   Code   RO         1615    i.sdoServerReadSegment  co_sdoserv.o
    0x08008100   0x00000028   Code   RO           83    i.sdoServerWriteInd  main.o
    0x08008128   0x0000006a   Code   RO         1616    i.sdoServerWriteIndCont  co_sdoserv.o
    0x08008192   0x00000164   Code   RO         1617    i.sdoServerWriteInit  co_sdoserv.o
    0x080082f6   0x000000bc   Code   RO         1618    i.sdoServerWriteSegment  co_sdoserv.o
    0x080083b2   0x00000002   PAD
    0x080083b4   0x00000044   Code   RO         1504    i.searchLastMessage  co_queue.o
    0x080083f8   0x0000002c   Code   RO         1265    i.searchRecPdo      co_pdo.o
    0x08008424   0x00000034   Code   RO         1619    i.searchSdoServerIndex  co_sdoserv.o
    0x08008458   0x00000078   Code   RO          622    i.serviceManagement  co_commtask.o
    0x080084d0   0x00000010   Code   RO         1266    i.setPdoCob         co_pdo.o
    0x080084e0   0x00000060   Code   RO          790    i.setupHbConsumer   co_errctrl.o
    0x08008540   0x0000007c   Code   RO         1267    i.setupPdoTrMapTable  co_pdo.o
    0x080085bc   0x00000048   Code   RO         1268    i.setupTrPdoTimer   co_pdo.o
    0x08008604   0x00000038   Code   RO         1827    i.startLedTimer     co_led.o
    0x0800863c   0x0000001c   Code   RO         1828    i.stopLedTimer      co_led.o
    0x08008658   0x00000006   Data   RO          217    .constdata          gen_objdict.o
    0x0800865e   0x00000006   Data   RO          218    .constdata          gen_objdict.o
    0x08008664   0x00000028   Data   RO          219    .constdata          gen_objdict.o
    0x0800868c   0x00000004   Data   RO          220    .constdata          gen_objdict.o
    0x08008690   0x00000004   Data   RO          221    .constdata          gen_objdict.o
    0x08008694   0x0000028c   Data   RO          222    .constdata          gen_objdict.o
    0x08008920   0x00000050   Data   RO          285    .constdata          codrv_bxcan.o
    0x08008970   0x00000040   Data   RO          537    .constdata          co_cobhandler.o
    0x080089b0   0x00000024   Data   RO          623    .constdata          co_commtask.o
    0x080089d4   0x000000d0   Data   RO         1621    .constdata          co_sdoserv.o
    0x08008aa4   0x00000031   Data   RO         1830    .constdata          co_led.o
    0x08008ad5   0x00000003   PAD
    0x08008ad8   0x00000020   Data   RO         2653    Region$$Table       anon$$obj.o


    Execution Region RW_IRAM2 (Base: 0x20000000, Size: 0x00000010, Max: 0x00000010, ABSOLUTE, UNINIT)

    Base Addr    Size         Type   Attr      Idx    E Section Name        Object

    0x20000000   0x00000010   Zero   RW         1969    .ARM.__AT_0x20000000  fwupdate.o


    Execution Region RW_IRAM1 (Base: 0x20000010, Size: 0x00000a88, Max: 0x00004ff0, ABSOLUTE, COMPRESSED[0x00000014])

    Base Addr    Size         Type   Attr      Idx    E Section Name        Object

    0x20000010   0x00000005   Data   RW          223    .data               gen_objdict.o
    0x20000015   0x00000001   PAD
    0x20000016   0x00000002   Data   RW          224    .data               gen_objdict.o
    0x20000018   0x00000008   Data   RW          225    .data               gen_objdict.o
    0x20000020   0x00000004   Data   RW          226    .data               gen_objdict.o
    0x20000024   0x00000004   Data   RW          227    .data               gen_objdict.o
    0x20000028   0x00000010   Data   RW          286    .data               codrv_bxcan.o
    0x20000038   0x00000006   Data   RW          493    .data               codrv_error.o
    0x2000003e   0x00000002   Data   RW          538    .data               co_cobhandler.o
    0x20000040   0x00000010   Data   RW          624    .data               co_commtask.o
    0x20000050   0x00000014   Data   RW          707    .data               co_emcy.o
    0x20000064   0x0000000c   Data   RW          792    .data               co_errctrl.o
    0x20000070   0x00000010   Data   RW          899    .data               co_nmt.o
    0x20000080   0x00000080   Data   RW         1012    .data               co_odaccess.o
    0x20000100   0x00000014   Data   RW         1270    .data               co_pdo.o
    0x20000114   0x00000010   Data   RW         1506    .data               co_queue.o
    0x20000124   0x00000010   Data   RW         1622    .data               co_sdoserv.o
    0x20000134   0x0000000c   Data   RW         1770    .data               co_timer.o
    0x20000140   0x00000020   Data   RW         1831    .data               co_led.o
    0x20000160   0x00000004   Data   RW         1901    .data               co_event.o
    0x20000164   0x00000180   Zero   RW          536    .bss                co_cobhandler.o
    0x200002e4   0x00000040   Zero   RW          791    .bss                co_errctrl.o
    0x20000324   0x00000090   Zero   RW         1269    .bss                co_pdo.o
    0x200003b4   0x000002a8   Zero   RW         1505    .bss                co_queue.o
    0x2000065c   0x00000024   Zero   RW         1620    .bss                co_sdoserv.o
    0x20000680   0x00000018   Zero   RW         1829    .bss                co_led.o
    0x20000698   0x00000400   Zero   RW         2580    STACK               startup_stm32f10x_md.o


==============================================================================

Image component sizes


      Code (inc. data)   RO Data    RW Data    ZI Data      Debug   Object Name

       528         70         64          2        384       8414   co_cobhandler.o
       482         40         36         16          0       7830   co_commtask.o
       626         46          0         20          0       6979   co_emcy.o
      1064         94          0         12         64       9944   co_errctrl.o
        48          8          0          4          0       1555   co_event.o
       702         76         49         32         24       7216   co_led.o
       572         44          0         16          0       6500   co_nmt.o
      2972        242          0        128          0      18372   co_odaccess.o
      3224        130          0         20        144      27485   co_pdo.o
      1058         82          0         16        680       9820   co_queue.o
      2260        104        208         16         36      17996   co_sdoserv.o
        72          0          0          0          0       1232   co_stackinit.o
         4          0          0          0          0        474   co_store.o
       384         36          0         12          0       4555   co_timer.o
      1226        104         80         16          0      10605   codrv_bxcan.o
       216         12          0          6          0       2371   codrv_error.o
       394         24          0          0          0      29469   cpu_stm32.o
        56         22          0          0         16      23220   fwupdate.o
       156          4        712         23          0       1854   gen_objdict.o
       306         52          0          0          0      18579   main.o
        40         18          0          0          0       1093   misc.o
         0          0          0          0          0     214928   setup.o
        36          8        236          0       1024        812   startup_stm32f10x_md.o
       260          6          0          0          0       3260   stm32f10x_gpio.o
        72         18          0          0          0       1803   stm32f10x_rcc.o
       248         24          0          0          0       1605   system_stm32f10x.o

    ----------------------------------------------------------------------
     17042       1264       1420        340       2372     437971   Object Totals
         0          0         32          0          0          0   (incl. Generated)
        36          0          3          1          0          0   (incl. Padding)

    ----------------------------------------------------------------------

      Code (inc. data)   RO Data    RW Data    ZI Data      Debug   Library Member Name

        58          0          0          0          0          0   __dczerorl.o
         0          0          0          0          0          0   entry.o
         0          0          0          0          0          0   entry10a.o
         0          0          0          0          0          0   entry11a.o
         8          4          0          0          0          0   entry2.o
         4          0          0          0          0          0   entry5.o
         0          0          0          0          0          0   entry7b.o
         0          0          0          0          0          0   entry8b.o
         8          4          0          0          0          0   entry9a.o
        30          0          0          0          0          0   handlers.o
        36          8          0          0          0         68   init.o
        36          0          0          0          0         68   memcpya.o
        36          0          0          0          0        108   memseta.o

    ----------------------------------------------------------------------
       218         16          0          0          0        244   Library Totals
         2          0          0          0          0          0   (incl. Padding)

    ----------------------------------------------------------------------

      Code (inc. data)   RO Data    RW Data    ZI Data      Debug   Library Name

       216         16          0          0          0        244   mc_w.l

    ----------------------------------------------------------------------
       218         16          0          0          0        244   Library Totals

    ----------------------------------------------------------------------

==============================================================================


      Code (inc. data)   RO Data    RW Data    ZI Data      Debug   

     17260       1280       1420        340       2372     426591   Grand Totals
     17260       1280       1420         20       2372     426591   ELF Image Totals (compressed)
     17260       1280       1420         20          0          0   ROM Totals

==============================================================================

    Total RO  Size (Code + RO Data)                18680 (  18.24kB)
    Total RW  Size (RW Data + ZI Data)              2712 (   2.65kB)
    Total ROM Size (Code + RO Data + RW Data)      18700 (  18.26kB)

==============================================================================

