Component: ARM Compiler 5.05 update 1 (build 106) Tool: armlink [4d0efa]

==============================================================================

Section Cross References

    setup.o(i.SetupKBD) refers to stm32f10x_rcc.o(i.RCC_APB2PeriphClockCmd) for RCC_APB2PeriphClockCmd
    setup.o(i.SetupKBD) refers to stm32f10x_gpio.o(i.GPIO_Init) for GPIO_Init
    setup.o(i.SetupLED) refers to stm32f10x_rcc.o(i.RCC_APB2PeriphClockCmd) for RCC_APB2PeriphClockCmd
    setup.o(i.SetupLED) refers to stm32f10x_gpio.o(i.GPIO_Init) for GPIO_Init
    main.o(i.main) refers to cpu_stm32f1_keil.o(i.codrvHardwareInit) for codrvHardwareInit
    main.o(i.main) refers to codrv_bxcan.o(i.codrvCanInit) for codrvCanInit
    main.o(i.main) refers to main.o(i.exit) for exit
    main.o(i.main) refers to cpu_stm32f1_keil.o(i.codrvTimerSetup) for codrvTimerSetup
    main.o(i.main) refers to gen_objdict.o(i.coCanOpenStackInit) for coCanOpenStackInit
    main.o(i.main) refers to co_nmt.o(i.coEventRegister_NMT) for coEventRegister_NMT
    main.o(i.main) refers to co_errctrl.o(i.coEventRegister_ERRCTRL) for coEventRegister_ERRCTRL
    main.o(i.main) refers to co_sdoserv.o(i.coEventRegister_SDO_SERVER_READ) for coEventRegister_SDO_SERVER_READ
    main.o(i.main) refers to co_sdoserv.o(i.coEventRegister_SDO_SERVER_CHECK_WRITE) for coEventRegister_SDO_SERVER_CHECK_WRITE
    main.o(i.main) refers to co_sdoserv.o(i.coEventRegister_SDO_SERVER_WRITE) for coEventRegister_SDO_SERVER_WRITE
    main.o(i.main) refers to co_pdo.o(i.coEventRegister_PDO) for coEventRegister_PDO
    main.o(i.main) refers to co_pdo.o(i.coEventRegister_PDO_REC_EVENT) for coEventRegister_PDO_REC_EVENT
    main.o(i.main) refers to co_led.o(i.coEventRegister_LED_GREEN) for coEventRegister_LED_GREEN
    main.o(i.main) refers to co_led.o(i.coEventRegister_LED_RED) for coEventRegister_LED_RED
    main.o(i.main) refers to co_commtask.o(i.coEventRegister_CAN_STATE) for coEventRegister_CAN_STATE
    main.o(i.main) refers to co_commtask.o(i.coEventRegister_COMM_EVENT) for coEventRegister_COMM_EVENT
    main.o(i.main) refers to codrv_bxcan.o(i.codrvCanEnable) for codrvCanEnable
    main.o(i.main) refers to co_emcy.o(i.coEmcyWriteReq) for coEmcyWriteReq
    main.o(i.main) refers to co_commtask.o(i.coCommTask) for coCommTask
    main.o(i.main) refers to main.o(i.nmtInd) for nmtInd
    main.o(i.main) refers to main.o(i.hbState) for hbState
    main.o(i.main) refers to main.o(i.sdoServerReadInd) for sdoServerReadInd
    main.o(i.main) refers to main.o(i.sdoServerCheckWriteInd) for sdoServerCheckWriteInd
    main.o(i.main) refers to main.o(i.sdoServerWriteInd) for sdoServerWriteInd
    main.o(i.main) refers to main.o(i.pdoInd) for pdoInd
    main.o(i.main) refers to main.o(i.pdoRecEvent) for pdoRecEvent
    main.o(i.main) refers to main.o(i.ledGreenInd) for ledGreenInd
    main.o(i.main) refers to main.o(i.ledRedInd) for ledRedInd
    main.o(i.main) refers to main.o(i.canInd) for canInd
    main.o(i.main) refers to main.o(i.commInd) for commInd
    gen_objdict.o(i.coCanOpenStackInit) refers to memcpya.o(.text) for __aeabi_memcpy4
    gen_objdict.o(i.coCanOpenStackInit) refers to co_stackinit.o(i.coCanOpenStackVarInit) for coCanOpenStackVarInit
    gen_objdict.o(i.coCanOpenStackInit) refers to co_odaccess.o(i.coOdInitOdPtr) for coOdInitOdPtr
    gen_objdict.o(i.coCanOpenStackInit) refers to co_timer.o(i.coTimerInit) for coTimerInit
    gen_objdict.o(i.coCanOpenStackInit) refers to co_led.o(i.coLedInit) for coLedInit
    gen_objdict.o(i.coCanOpenStackInit) refers to co_sdoserv.o(i.coSdoServerInit) for coSdoServerInit
    gen_objdict.o(i.coCanOpenStackInit) refers to co_errctrl.o(i.coErrorCtrlInit) for coErrorCtrlInit
    gen_objdict.o(i.coCanOpenStackInit) refers to co_emcy.o(i.coEmcyProducerInit) for coEmcyProducerInit
    gen_objdict.o(i.coCanOpenStackInit) refers to co_pdo.o(i.coPdoTransmitInit) for coPdoTransmitInit
    gen_objdict.o(i.coCanOpenStackInit) refers to co_pdo.o(i.coPdoReceiveInit) for coPdoReceiveInit
    gen_objdict.o(i.coCanOpenStackInit) refers to co_nmt.o(i.coNmtInit) for coNmtInit
    gen_objdict.o(i.coCanOpenStackInit) refers to gen_objdict.o(.constdata) for .constdata
    gen_objdict.o(.constdata) refers to gen_objdict.o(.data) for od_i16
    gen_objdict.o(.constdata) refers to gen_objdict.o(.bss) for od_u32
    codrv_bxcan.o(i.codrvCanDisable) refers to codrv_bxcan.o(.data) for canEnabled
    codrv_bxcan.o(i.codrvCanDriverHandler) refers to codrv_bxcan.o(i.codrvCanErrorHandler) for codrvCanErrorHandler
    codrv_bxcan.o(i.codrvCanDriverHandler) refers to codrv_error.o(i.codrvCanErrorInformStack) for codrvCanErrorInformStack
    codrv_bxcan.o(i.codrvCanEnable) refers to cpu_stm32f1_keil.o(i.codrvCanEnableInterrupt) for codrvCanEnableInterrupt
    codrv_bxcan.o(i.codrvCanErrorHandler) refers to codrv_error.o(i.codrvCanErrorGetFlags) for codrvCanErrorGetFlags
[...]
    i.icoErrCtrlCheckObjLimit                0x08002a70   Section        0  co_errctrl.o(i.icoErrCtrlCheckObjLimit)
    i.icoErrCtrlGetObjectAddr                0x08002ad4   Section        0  co_errctrl.o(i.icoErrCtrlGetObjectAddr)
    i.icoErrCtrlInd                          0x08002b1c   Section        0  co_errctrl.o(i.icoErrCtrlInd)
    i.icoErrCtrlObjChanged                   0x08002b50   Section        0  co_errctrl.o(i.icoErrCtrlObjChanged)
    i.icoErrorBehavior                       0x08002b84   Section        0  co_errctrl.o(i.icoErrorBehavior)
    i.icoErrorCtrlReset                      0x08002bb4   Section        0  co_errctrl.o(i.icoErrorCtrlReset)
    i.icoErrorCtrlSetDefaultValue            0x08002c04   Section        0  co_errctrl.o(i.icoErrorCtrlSetDefaultValue)
    i.icoErrorCtrlVarInit                    0x08002c78   Section        0  co_errctrl.o(i.icoErrorCtrlVarInit)
    i.icoEventCheck                          0x08002cc0   Section        0  co_event.o(i.icoEventCheck)
    i.icoEventInit                           0x08002cec   Section        0  co_event.o(i.icoEventInit)
    i.icoEventObjectChanged                  0x08002cf8   Section        0  co_odaccess.o(i.icoEventObjectChanged)
    i.icoHbProdStart                         0x08002d8c   Section        0  co_errctrl.o(i.icoHbProdStart)
    i.icoNmtErrorCtrlHandler                 0x08002dd0   Section        0  co_errctrl.o(i.icoNmtErrorCtrlHandler)
    i.icoNmtMsgHandler                       0x08002ee4   Section        0  co_nmt.o(i.icoNmtMsgHandler)
    i.icoNmtPersistantNodeIdGet              0x08002f94   Section        0  co_nmt.o(i.icoNmtPersistantNodeIdGet)
    i.icoNmtStateChange                      0x08002fb4   Section        0  co_nmt.o(i.icoNmtStateChange)
    i.icoNmtVarInit                          0x08003068   Section        0  co_nmt.o(i.icoNmtVarInit)
    i.icoOdAccessVarInit                     0x080030a8   Section        0  co_odaccess.o(i.icoOdAccessVarInit)
    i.icoOdCheckObjLimits                    0x08003194   Section        0  co_odaccess.o(i.icoOdCheckObjLimits)
    i.icoOdGetNumberOfSubs                   0x0800331c   Section        0  co_odaccess.o(i.icoOdGetNumberOfSubs)
    i.icoOdGetObj                            0x08003354   Section        0  co_odaccess.o(i.icoOdGetObj)
    i.icoOdGetObjRecMapData                  0x080033ca   Section        0  co_odaccess.o(i.icoOdGetObjRecMapData)
    i.icoOdGetObjTrMapData                   0x0800347e   Section        0  co_odaccess.o(i.icoOdGetObjTrMapData)
    i.icoOdPutObj                            0x080034f0   Section        0  co_odaccess.o(i.icoOdPutObj)
    i.icoOdReset                             0x080035b8   Section        0  co_odaccess.o(i.icoOdReset)
    i.icoPdoOperational                      0x08003924   Section        0  co_pdo.o(i.icoPdoOperational)
    i.icoPdoPreOperational                   0x08003958   Section        0  co_pdo.o(i.icoPdoPreOperational)
    i.icoPdoReceiveHandler                   0x08003984   Section        0  co_pdo.o(i.icoPdoReceiveHandler)
    i.icoPdoReset                            0x08003a2c   Section        0  co_pdo.o(i.icoPdoReset)
    i.icoPdoRtrHandler                       0x08003ad8   Section        0  co_pdo.o(i.icoPdoRtrHandler)
    i.icoPdoSearchTrPdoIndex                 0x08003b28   Section        0  co_pdo.o(i.icoPdoSearchTrPdoIndex)
    i.icoPdoSetDefaultValue                  0x08003b58   Section        0  co_pdo.o(i.icoPdoSetDefaultValue)
    i.icoPdoVarInit                          0x08003d30   Section        0  co_pdo.o(i.icoPdoVarInit)
    i.icoQueueDeleteInhibit                  0x08003d5c   Section        0  co_queue.o(i.icoQueueDeleteInhibit)
    i.icoQueueGetReceiveMessage              0x08003d80   Section        0  co_queue.o(i.icoQueueGetReceiveMessage)
    i.icoQueueHandler                        0x08003e3c   Section        0  co_queue.o(i.icoQueueHandler)
    i.icoQueueVarInit                        0x08003ee4   Section        0  co_queue.o(i.icoQueueVarInit)
    i.icoRecMapCheckObjLimitMapEntry         0x08003f1c   Section        0  co_pdo.o(i.icoRecMapCheckObjLimitMapEntry)
    i.icoRecMapCheckObjLimitMapTable         0x08003f72   Section        0  co_pdo.o(i.icoRecMapCheckObjLimitMapTable)
    i.icoRecMapGetObjectAddr                 0x08003ff2   Section        0  co_pdo.o(i.icoRecMapGetObjectAddr)
    i.icoRecMapGetObjectAddr_R               0x0800402c   Section        0  co_pdo.o(i.icoRecMapGetObjectAddr_R)
    i.icoRecPdoCheckObjLimitCobid            0x08004066   Section        0  co_pdo.o(i.icoRecPdoCheckObjLimitCobid)
    i.icoRecPdoCheckObjLimit_u16             0x080040b4   Section        0  co_pdo.o(i.icoRecPdoCheckObjLimit_u16)
    i.icoRecPdoCheckObjLimit_u8              0x080040ec   Section        0  co_pdo.o(i.icoRecPdoCheckObjLimit_u8)
    i.icoRecPdoGetObjectAddr                 0x08004132   Section        0  co_pdo.o(i.icoRecPdoGetObjectAddr)
    i.icoRecPdoObjChanged                    0x0800417c   Section        0  co_pdo.o(i.icoRecPdoObjChanged)
    i.icoSdoCheckObjLimitCobId               0x080041d4   Section        0  co_sdoserv.o(i.icoSdoCheckObjLimitCobId)
    i.icoSdoCheckObjLimitNode                0x08004278   Section        0  co_sdoserv.o(i.icoSdoCheckObjLimitNode)
    i.icoSdoCheckUserCheckWriteInd           0x08004298   Section        0  co_sdoserv.o(i.icoSdoCheckUserCheckWriteInd)
    i.icoSdoCheckUserReadInd                 0x08004304   Section        0  co_sdoserv.o(i.icoSdoCheckUserReadInd)
    i.icoSdoCheckUserWriteInd                0x0800437c   Section        0  co_sdoserv.o(i.icoSdoCheckUserWriteInd)
    i.icoSdoDeCodeMultiplexer                0x080043e8   Section        0  co_sdoserv.o(i.icoSdoDeCodeMultiplexer)
    i.icoSdoGetObjectAddr                    0x080043f8   Section        0  co_sdoserv.o(i.icoSdoGetObjectAddr)
    i.icoSdoObjChanged                       0x08004460   Section        0  co_sdoserv.o(i.icoSdoObjChanged)
    i.icoSdoServerAbort                      0x080044dc   Section        0  co_sdoserv.o(i.icoSdoServerAbort)
    i.icoSdoServerHandler                    0x0800454c   Section        0  co_sdoserv.o(i.icoSdoServerHandler)
    i.icoSdoServerReset                      0x08004604   Section        0  co_sdoserv.o(i.icoSdoServerReset)
    i.icoSdoServerSetDefaultValue            0x08004698   Section        0  co_sdoserv.o(i.icoSdoServerSetDefaultValue)
    i.icoSdoServerVarInit                    0x08004728   Section        0  co_sdoserv.o(i.icoSdoServerVarInit)
    i.icoStoreLoadReq                        0x08004760   Section        0  co_store.o(i.icoStoreLoadReq)
    i.icoTimerCheck                          0x08004768   Section        0  co_timer.o(i.icoTimerCheck)
    i.icoTrMapCheckObjLimitMapEntry          0x080047f0   Section        0  co_pdo.o(i.icoTrMapCheckObjLimitMapEntry)
    i.icoTrMapCheckObjLimitMapTable          0x0800483c   Section        0  co_pdo.o(i.icoTrMapCheckObjLimitMapTable)
    i.icoTrMapGetObjectAddr                  0x08004884   Section        0  co_pdo.o(i.icoTrMapGetObjectAddr)
    i.icoTrMapGetObjectAddr_R                0x080048ba   Section        0  co_pdo.o(i.icoTrMapGetObjectAddr_R)
    i.icoTrPdoCheckObjLimitCobid             0x080048f0   Section        0  co_pdo.o(i.icoTrPdoCheckObjLimitCobid)
    i.icoTrPdoCheckObjLimit_u16              0x0800493e   Section        0  co_pdo.o(i.icoTrPdoCheckObjLimit_u16)
    i.icoTrPdoCheckObjLimit_u8               0x08004972   Section        0  co_pdo.o(i.icoTrPdoCheckObjLimit_u8)
    i.icoTrPdoGetObjectAddr                  0x080049ba   Section        0  co_pdo.o(i.icoTrPdoGetObjectAddr)
    i.icoTrPdoObjChanged                     0x08004a04   Section        0  co_pdo.o(i.icoTrPdoObjChanged)
    i.icoTransmitMessage                     0x08004a98   Section        0  co_queue.o(i.icoTransmitMessage)
    i.inhibitTimer                           0x08004be8   Section        0  co_queue.o(i.inhibitTimer)
    inhibitTimer                             0x08004be9   Thumb Code    14  co_queue.o(i.inhibitTimer)
    i.ledGreenInd                            0x08004bf6   Section        0  main.o(i.ledGreenInd)
    ledGreenInd                              0x08004bf7   Thumb Code     2  main.o(i.ledGreenInd)
    i.ledGreenInd                            0x08004bf8   Section        0  co_led.o(i.ledGreenInd)
    ledGreenInd                              0x08004bf9   Thumb Code    30  co_led.o(i.ledGreenInd)
    i.ledRedInd                              0x08004c20   Section        0  main.o(i.ledRedInd)
    ledRedInd                                0x08004c21   Thumb Code     2  main.o(i.ledRedInd)
    i.ledRedInd                              0x08004c24   Section        0  co_led.o(i.ledRedInd)
    ledRedInd                                0x08004c25   Thumb Code    30  co_led.o(i.ledRedInd)
    i.ledTimerInd                            0x08004c4c   Section        0  co_led.o(i.ledTimerInd)
    ledTimerInd                              0x08004c4d   Thumb Code   148  co_led.o(i.ledTimerInd)
    i.main                                   0x08004cec   Section        0  main.o(i.main)
    i.moveInhibitToTransmitList              0x08004e1c   Section        0  co_queue.o(i.moveInhibitToTransmitList)
    moveInhibitToTransmitList                0x08004e1d   Thumb Code    98  co_queue.o(i.moveInhibitToTransmitList)
    i.nmtInd                                 0x08004e88   Section        0  main.o(i.nmtInd)
    nmtInd                                   0x08004e89   Thumb Code     6  main.o(i.nmtInd)
    i.nmtReset                               0x08004e90   Section        0  co_nmt.o(i.nmtReset)
    nmtReset                                 0x08004e91   Thumb Code    24  co_nmt.o(i.nmtReset)
    i.nmtResetAppl                           0x08004eb0   Section        0  co_nmt.o(i.nmtResetAppl)
    nmtResetAppl                             0x08004eb1   Thumb Code    30  co_nmt.o(i.nmtResetAppl)
    i.nmtResetComm                           0x08004ed0   Section        0  co_nmt.o(i.nmtResetComm)
    nmtResetComm                             0x08004ed1   Thumb Code   110  co_nmt.o(i.nmtResetComm)
    i.odCheckObjLimitsOther                  0x08004f44   Section        0  co_odaccess.o(i.odCheckObjLimitsOther)
    odCheckObjLimitsOther                    0x08004f45   Thumb Code   168  co_odaccess.o(i.odCheckObjLimitsOther)
    i.odGetObjAddr                           0x08004fec   Section        0  co_odaccess.o(i.odGetObjAddr)
    odGetObjAddr                             0x08004fed   Thumb Code   666  co_odaccess.o(i.odGetObjAddr)
    i.odGetObjAddr_R                         0x080052d0   Section        0  co_odaccess.o(i.odGetObjAddr_R)
    odGetObjAddr_R                           0x080052d1   Thumb Code   232  co_odaccess.o(i.odGetObjAddr_R)
    i.odGetObjDescIdx                        0x080053d4   Section        0  co_odaccess.o(i.odGetObjDescIdx)
    odGetObjDescIdx                          0x080053d5   Thumb Code   230  co_odaccess.o(i.odGetObjDescIdx)
    i.pdoEventTimer                          0x080054c8   Section        0  co_pdo.o(i.pdoEventTimer)
    pdoEventTimer                            0x080054c9   Thumb Code    16  co_pdo.o(i.pdoEventTimer)
    i.pdoInd                                 0x080054d8   Section        0  main.o(i.pdoInd)
    pdoInd                                   0x080054d9   Thumb Code     2  main.o(i.pdoInd)
    i.pdoInd                                 0x080054dc   Section        0  co_pdo.o(i.pdoInd)
    pdoInd                                   0x080054dd   Thumb Code    36  co_pdo.o(i.pdoInd)
    i.pdoRecEvent                            0x08005508   Section        0  main.o(i.pdoRecEvent)
    pdoRecEvent                              0x08005509   Thumb Code     2  main.o(i.pdoRecEvent)
    i.pdoRecEventInd                         0x0800550c   Section        0  co_pdo.o(i.pdoRecEventInd)
    pdoRecEventInd                           0x0800550d   Thumb Code    30  co_pdo.o(i.pdoRecEventInd)
    i.pdoReceiveData                         0x08005534   Section        0  co_pdo.o(i.pdoReceiveData)
    pdoReceiveData                           0x08005535   Thumb Code   162  co_pdo.o(i.pdoReceiveData)
    i.pdoReceiveEventTimer                   0x080055dc   Section        0  co_pdo.o(i.pdoReceiveEventTimer)
    pdoReceiveEventTimer                     0x080055dd   Thumb Code    14  co_pdo.o(i.pdoReceiveEventTimer)
    i.pdoTransmitData                        0x080055ea   Section        0  co_pdo.o(i.pdoTransmitData)
    pdoTransmitData                          0x080055eb   Thumb Code   140  co_pdo.o(i.pdoTransmitData)
    i.receiveMessageHandler                  0x08005676   Section        0  co_commtask.o(i.receiveMessageHandler)
    receiveMessageHandler                    0x08005677   Thumb Code    86  co_commtask.o(i.receiveMessageHandler)
    i.sdoCodeMultiplexer                     0x080056cc   Section        0  co_sdoserv.o(i.sdoCodeMultiplexer)
    sdoCodeMultiplexer                       0x080056cd   Thumb Code    16  co_sdoserv.o(i.sdoCodeMultiplexer)
    i.sdoServerCheckWriteInd                 0x080056dc   Section        0  main.o(i.sdoServerCheckWriteInd)
    sdoServerCheckWriteInd                   0x080056dd   Thumb Code    10  main.o(i.sdoServerCheckWriteInd)
    i.sdoServerReadInd                       0x080056e6   Section        0  main.o(i.sdoServerReadInd)
    sdoServerReadInd                         0x080056e7   Thumb Code     8  main.o(i.sdoServerReadInd)
    i.sdoServerReadIndCont                   0x080056ee   Section        0  co_sdoserv.o(i.sdoServerReadIndCont)
    sdoServerReadIndCont                     0x080056ef   Thumb Code   144  co_sdoserv.o(i.sdoServerReadIndCont)
    i.sdoServerReadInit                      0x0800577e   Section        0  co_sdoserv.o(i.sdoServerReadInit)
    sdoServerReadInit                        0x0800577f   Thumb Code   110  co_sdoserv.o(i.sdoServerReadInit)
    i.sdoServerReadSegment                   0x080057ec   Section        0  co_sdoserv.o(i.sdoServerReadSegment)
    sdoServerReadSegment                     0x080057ed   Thumb Code   182  co_sdoserv.o(i.sdoServerReadSegment)
    i.sdoServerWriteInd                      0x080058a2   Section        0  main.o(i.sdoServerWriteInd)
    sdoServerWriteInd                        0x080058a3   Thumb Code     8  main.o(i.sdoServerWriteInd)
    i.sdoServerWriteIndCont                  0x080058aa   Section        0  co_sdoserv.o(i.sdoServerWriteIndCont)
    sdoServerWriteIndCont                    0x080058ab   Thumb Code   118  co_sdoserv.o(i.sdoServerWriteIndCont)
    i.sdoServerWriteInit                     0x08005920   Section        0  co_sdoserv.o(i.sdoServerWriteInit)
    sdoServerWriteInit                       0x08005921   Thumb Code   440  co_sdoserv.o(i.sdoServerWriteInit)
    i.sdoServerWriteSegment                  0x08005ad8   Section        0  co_sdoserv.o(i.sdoServerWriteSegment)
    sdoServerWriteSegment                    0x08005ad9   Thumb Code   228  co_sdoserv.o(i.sdoServerWriteSegment)
    i.searchLastMessage                      0x08005bbc   Section        0  co_queue.o(i.searchLastMessage)
    searchLastMessage                        0x08005bbd   Thumb Code    74  co_queue.o(i.searchLastMessage)
    i.searchRecPdo                           0x08005c10   Section        0  co_pdo.o(i.searchRecPdo)
    searchRecPdo                             0x08005c11   Thumb Code    44  co_pdo.o(i.searchRecPdo)
    i.searchSdoServerIndex                   0x08005c40   Section        0  co_sdoserv.o(i.searchSdoServerIndex)
    searchSdoServerIndex                     0x08005c41   Thumb Code    44  co_sdoserv.o(i.searchSdoServerIndex)
    i.serviceManagement                      0x08005c74   Section        0  co_commtask.o(i.serviceManagement)
    serviceManagement                        0x08005c75   Thumb Code    54  co_commtask.o(i.serviceManagement)
    i.setPdoCob                              0x08005cb8   Section        0  co_pdo.o(i.setPdoCob)
    setPdoCob                                0x08005cb9   Thumb Code    52  co_pdo.o(i.setPdoCob)
    i.setupHbConsumer                        0x08005cec   Section        0  co_errctrl.o(i.setupHbConsumer)
    setupHbConsumer                          0x08005ced   Thumb Code   102  co_errctrl.o(i.setupHbConsumer)
    i.setupPdoTrMapTable                     0x08005d58   Section        0  co_pdo.o(i.setupPdoTrMapTable)
    setupPdoTrMapTable                       0x08005d59   Thumb Code   162  co_pdo.o(i.setupPdoTrMapTable)
    i.setupTrPdoTimer                        0x08005e00   Section        0  co_pdo.o(i.setupTrPdoTimer)
    setupTrPdoTimer                          0x08005e01   Thumb Code    86  co_pdo.o(i.setupTrPdoTimer)
    i.startLedTimer                          0x08005e5c   Section        0  co_led.o(i.startLedTimer)
    startLedTimer                            0x08005e5d   Thumb Code    46  co_led.o(i.startLedTimer)
    i.stopLedTimer                           0x08005ea0   Section        0  co_led.o(i.stopLedTimer)
    stopLedTimer                             0x08005ea1   Thumb Code    20  co_led.o(i.stopLedTimer)
    i.stopRecPdoTimer                        0x08005ec0   Section        0  co_pdo.o(i.stopRecPdoTimer)
    stopRecPdoTimer                          0x08005ec1   Thumb Code    14  co_pdo.o(i.stopRecPdoTimer)
    .constdata                               0x08005ed0   Section      692  gen_objdict.o(.constdata)
    od_const_u8                              0x08005ed0   Data           6  gen_objdict.o(.constdata)
    od_const_u16                             0x08005ed6   Data           6  gen_objdict.o(.constdata)
    od_const_u32                             0x08005edc   Data          44  gen_objdict.o(.constdata)
    od_const_i16                             0x08005f08   Data           4  gen_objdict.o(.constdata)
    od_const_i32                             0x08005f0c   Data           4  gen_objdict.o(.constdata)
    mapTableRPDO0                            0x080060e0   Data          28  gen_objdict.o(.constdata)
    .constdata                               0x08006184   Section       88  codrv_bxcan.o(.constdata)
    codrvCanBittimingTable                   0x0800618c   Data          80  codrv_bxcan.o(.constdata)
    .constdata                               0x080061dc   Section       64  co_cobhandler.o(.constdata)
    restrictCobs                             0x080061dc   Data          64  co_cobhandler.o(.constdata)
    .constdata                               0x0800621c   Section       36  co_commtask.o(.constdata)
    commTable                                0x0800621c   Data          36  co_commtask.o(.constdata)
    .constdata                               0x08006240   Section      208  co_sdoserv.o(.constdata)
    abortCodeTable                           0x08006240   Data         208  co_sdoserv.o(.constdata)
    .constdata                               0x08006310   Section       49  co_led.o(.constdata)
    ledBlinkTables                           0x08006310   Data          42  co_led.o(.constdata)
    priority                                 0x0800633a   Data           7  co_led.o(.constdata)
    .data                                    0x20000000   Section       16  gen_objdict.o(.data)
    od_u8                                    0x20000000   Data           4  gen_objdict.o(.data)
    od_u16                                   0x20000004   Data           2  gen_objdict.o(.data)
    od_i16                                   0x20000006   Data           4  gen_objdict.o(.data)
    od_i32                                   0x2000000c   Data           4  gen_objdict.o(.data)
    .data                                    0x20000010   Section       14  codrv_bxcan.o(.data)
    canEnabled                               0x20000010   Data           1  codrv_bxcan.o(.data)
    transmissionIsActive                     0x20000011   Data           1  codrv_bxcan.o(.data)
    oldEsrValue                              0x20000014   Data           4  codrv_bxcan.o(.data)
    pTxBuf                                   0x20000018   Data           4  codrv_bxcan.o(.data)
    nextAccEntry                             0x2000001c   Data           2  codrv_bxcan.o(.data)
    .data                                    0x2000001e   Section        6  codrv_error.o(.data)
    canErrorFlags                            0x2000001e   Data           6  codrv_error.o(.data)
    .data                                    0x20000024   Section        2  co_cobhandler.o(.data)
    cobRefCnt                                0x20000024   Data           2  co_cobhandler.o(.data)
    .data                                    0x20000028   Section       16  co_commtask.o(.data)
    eventFlagMsg                             0x20000028   Data           1  co_commtask.o(.data)
    eventFlagTimer                           0x20000029   Data           1  co_commtask.o(.data)
    eventFlagEventHandler                    0x2000002a   Data           1  co_commtask.o(.data)
    canState                                 0x2000002b   Data           1  co_commtask.o(.data)
    recQuState                               0x2000002c   Data           1  co_commtask.o(.data)
    trQuState                                0x2000002d   Data           1  co_commtask.o(.data)
    canStateTableCnt                         0x2000002e   Data           1  co_commtask.o(.data)
    commEventTableCnt                        0x2000002f   Data           1  co_commtask.o(.data)
    canStateTable                            0x20000030   Data           4  co_commtask.o(.data)
    commEventTable                           0x20000034   Data           4  co_commtask.o(.data)
    .data                                    0x20000038   Section       25  co_emcy.o(.data)
    errorRegister                            0x20000038   Data           1  co_emcy.o(.data)
    emcyCobId                                0x2000003c   Data           4  co_emcy.o(.data)
    emcyCob                                  0x20000040   Data           2  co_emcy.o(.data)
    errorHistory                             0x20000044   Data           4  co_emcy.o(.data)
    errorHistoryCnt                          0x20000048   Data           1  co_emcy.o(.data)
    inhibit                                  0x2000004a   Data           2  co_emcy.o(.data)
    emcyTable                                0x2000004c   Data           4  co_emcy.o(.data)
    emcyTableCnt                             0x20000050   Data           1  co_emcy.o(.data)
    .data                                    0x20000054   Section       11  co_errctrl.o(.data)
    errCtrlTable                             0x20000054   Data           4  co_errctrl.o(.data)
    errCtrlTableCnt                          0x20000058   Data           1  co_errctrl.o(.data)
    errCtrlCob                               0x2000005a   Data           2  co_errctrl.o(.data)
    hbProdTime                               0x2000005c   Data           2  co_errctrl.o(.data)
    errorBehavior                            0x2000005e   Data           1  co_errctrl.o(.data)
    .data                                    0x20000060   Section       20  co_nmt.o(.data)
    nodeId                                   0x20000060   Data           1  co_nmt.o(.data)
    nmtState                                 0x20000061   Data           1  co_nmt.o(.data)
    nmtTable                                 0x20000064   Data           4  co_nmt.o(.data)
    nmtTableCnt                              0x20000068   Data           1  co_nmt.o(.data)
    nmtCob                                   0x2000006a   Data           2  co_nmt.o(.data)
    persistantNodeId                         0x2000006c   Data           1  co_nmt.o(.data)
    nodeIdFunction                           0x20000070   Data           4  co_nmt.o(.data)
    .data                                    0x20000074   Section      128  co_odaccess.o(.data)
    pOdAssingTable                           0x20000074   Data           4  co_odaccess.o(.data)
    odAssignCnt                              0x20000078   Data           2  co_odaccess.o(.data)
    pObjDescTable                            0x2000007c   Data           4  co_odaccess.o(.data)
    pOdConst_u8                              0x20000080   Data           4  co_odaccess.o(.data)
    pOdConst_u16                             0x20000084   Data           4  co_odaccess.o(.data)
    pOdConst_u32                             0x20000088   Data           4  co_odaccess.o(.data)
    pOdConst_r32                             0x2000008c   Data           4  co_odaccess.o(.data)
    pOdVar_u8                                0x20000090   Data           4  co_odaccess.o(.data)
    pOdVar_u16                               0x20000094   Data           4  co_odaccess.o(.data)
    pOdVar_u32                               0x20000098   Data           4  co_odaccess.o(.data)
    pOdVar_r32                               0x2000009c   Data           4  co_odaccess.o(.data)
    pOdConst_i8                              0x200000a0   Data           4  co_odaccess.o(.data)
    pOdConst_i16                             0x200000a4   Data           4  co_odaccess.o(.data)
    pOdConst_i32                             0x200000a8   Data           4  co_odaccess.o(.data)
    pOdVar_i8                                0x200000ac   Data           4  co_odaccess.o(.data)
    pOdVar_i16                               0x200000b0   Data           4  co_odaccess.o(.data)
    pOdVar_i32                               0x200000b4   Data           4  co_odaccess.o(.data)
    pOdPtr_u8                                0x200000b8   Data           4  co_odaccess.o(.data)
    pOdPtr_u16                               0x200000bc   Data           4  co_odaccess.o(.data)
    pOdPtr_u32                               0x200000c0   Data           4  co_odaccess.o(.data)
    pOdPtr_i8                                0x200000c4   Data           4  co_odaccess.o(.data)
    pOdPtr_i16                               0x200000c8   Data           4  co_odaccess.o(.data)
    pOdPtr_i32                               0x200000cc   Data           4  co_odaccess.o(.data)
    pOdPtr_r32                               0x200000d0   Data           4  co_odaccess.o(.data)
    pOdConst_VS                              0x200000d4   Data           4  co_odaccess.o(.data)
    pOdConst_VS_Len                          0x200000d8   Data           4  co_odaccess.o(.data)
    pOdPtr_VS                                0x200000dc   Data           4  co_odaccess.o(.data)
    pOdPtr_VS_Len                            0x200000e0   Data           4  co_odaccess.o(.data)
    pOdPtr_OS                                0x200000e4   Data           4  co_odaccess.o(.data)
    pOdLen_OS                                0x200000e8   Data           4  co_odaccess.o(.data)
    pOdPtr_Domain                            0x200000ec   Data           4  co_odaccess.o(.data)
    pOdLen_Domain                            0x200000f0   Data           4  co_odaccess.o(.data)
    .data                                    0x200000f4   Section       20  co_pdo.o(.data)
    pdoTrCnt                                 0x200000f4   Data           2  co_pdo.o(.data)
    pdoRecCnt                                0x200000f6   Data           2  co_pdo.o(.data)
    pdoEventTable                            0x200000f8   Data           4  co_pdo.o(.data)
    pdoEventTableCnt                         0x200000fc   Data           2  co_pdo.o(.data)
    pdoRecEventTable                         0x20000100   Data           4  co_pdo.o(.data)
    pdoRecEventTableCnt                      0x20000104   Data           2  co_pdo.o(.data)
    mapTableTrPdoCnt                         0x20000106   Data           2  co_pdo.o(.data)
    .data                                    0x20000108   Section       17  co_queue.o(.data)
    recBufferWrCnt                           0x20000108   Data           2  co_queue.o(.data)
    recBufferRdCnt                           0x2000010a   Data           2  co_queue.o(.data)
    drvBufAccess                             0x2000010c   Data           1  co_queue.o(.data)
    pInhibitList                             0x20000110   Data           4  co_queue.o(.data)
    pTransmitList                            0x20000114   Data           4  co_queue.o(.data)
    recBufFull                               0x20000118   Data           1  co_queue.o(.data)
    .data                                    0x2000011c   Section       20  co_sdoserv.o(.data)
    sdoServerCnt                             0x2000011c   Data           1  co_sdoserv.o(.data)
    sdoServerReadTableCnt                    0x2000011d   Data           1  co_sdoserv.o(.data)
    sdoServerReadTable                       0x20000120   Data           4  co_sdoserv.o(.data)
    sdoServerWriteTable                      0x20000124   Data           4  co_sdoserv.o(.data)
    sdoServerWriteTableCnt                   0x20000128   Data           1  co_sdoserv.o(.data)
    sdoServerCheckWriteTableCnt              0x20000129   Data           1  co_sdoserv.o(.data)
    sdoServerCheckWriteTable                 0x2000012c   Data           4  co_sdoserv.o(.data)
    .data                                    0x20000130   Section       12  co_timer.o(.data)
    timerInterVal                            0x20000130   Data           4  co_timer.o(.data)
    pCoTimer                                 0x20000134   Data           4  co_timer.o(.data)
    actTick                                  0x20000138   Data           4  co_timer.o(.data)
    .data                                    0x2000013c   Section       36  co_led.o(.data)
    ledGreen                                 0x2000013c   Data           8  co_led.o(.data)
    ledRed                                   0x20000144   Data           8  co_led.o(.data)
    ledTimerOn                               0x2000014c   Data           1  co_led.o(.data)
    ledCnt                                   0x2000014d   Data           1  co_led.o(.data)
    ledGreenTable                            0x20000150   Data           4  co_led.o(.data)
    ledRedTable                              0x20000154   Data           4  co_led.o(.data)
    ledGreenTableCnt                         0x20000158   Data           1  co_led.o(.data)
    ledRedTableCnt                           0x20000159   Data           1  co_led.o(.data)
    saveStates                               0x2000015c   Data           4  co_led.o(.data)
    .data                                    0x20000160   Section        4  co_event.o(.data)
    pCoEvent                                 0x20000160   Data           4  co_event.o(.data)
    .data                                    0x20000164   Section       20  system_stm32f10x.o(.data)
    .bss                                     0x20000178   Section       12  gen_objdict.o(.bss)
    od_u32                                   0x20000178   Data          12  gen_objdict.o(.bss)
    .bss                                     0x20000184   Section      384  co_cobhandler.o(.bss)
    cobData                                  0x20000184   Data         384  co_cobhandler.o(.bss)
    .bss                                     0x20000304   Section       64  co_errctrl.o(.bss)
    hbProdTimer                              0x20000304   Data          24  co_errctrl.o(.bss)
    hbConsumer                               0x2000031c   Data          40  co_errctrl.o(.bss)
    .bss                                     0x20000344   Section      144  co_pdo.o(.bss)
    pdoTransmit                              0x20000344   Data          56  co_pdo.o(.bss)
    pdoReceive                               0x2000037c   Data          60  co_pdo.o(.bss)
    mapTablesTrPDO                           0x200003b8   Data          28  co_pdo.o(.bss)
    .bss                                     0x200003d4   Section      680  co_queue.o(.bss)
    recDataBuffer                            0x200003d4   Data         320  co_queue.o(.bss)
    trDataBuffer                             0x20000514   Data         360  co_queue.o(.bss)
    .bss                                     0x2000067c   Section       36  co_sdoserv.o(.bss)
    sdoServer                                0x2000067c   Data          36  co_sdoserv.o(.bss)
    .bss                                     0x200006a0   Section       24  co_led.o(.bss)
    ledTimer                                 0x200006a0   Data          24  co_led.o(.bss)
    STACK                                    0x200006b8   Section     1024  startup_stm32f10x_md_1.o(STACK)

    Global Symbols

    Symbol Name                              Value     Ov Type        Size  Object(Section)

    BuildAttributes$$THM_ISAv4$P$D$K$B$S$PE$A:L22UL41UL21$X:L11$S22US41US21$IEEE1$IW$USESV6$~STKCKD$USESV7$~SHL$OSPACE$EBA8$MICROLIB$REQ8$PRES8$EABIv2 0x00000000   Number         0  anon$$obj.o ABSOLUTE
    __ARM_use_no_argv                        0x00000000   Number         0  main.o ABSOLUTE
    __cpp_initialize__aeabi_                  - Undefined Weak Reference
    __cxa_finalize                            - Undefined Weak Reference
    _clock_init                               - Undefined Weak Reference
    _microlib_exit                            - Undefined Weak Reference
    __Vectors_Size                           0x000000ec   Number         0  startup_stm32f10x_md_1.o ABSOLUTE
    __Vectors                                0x08000000   Data           4  startup_stm32f10x_md_1.o(RESET)
    __Vectors_End                            0x080000ec   Data           0  startup_stm32f10x_md_1.o(RESET)
    __main                                   0x080000ed   Thumb Code     0  entry.o(.ARM.Collect$$$$00000000)
    _main_stk                                0x080000ed   Thumb Code     0  entry2.o(.ARM.Collect$$$$00000001)
    _main_scatterload                        0x080000f1   Thumb Code     0  entry5.o(.ARM.Collect$$$$00000004)
    __main_after_scatterload                 0x080000f5   Thumb Code     0  entry5.o(.ARM.Collect$$$$00000004)
    _main_clock                              0x080000f5   Thumb Code     0  entry7b.o(.ARM.Collect$$$$00000008)
    _main_cpp_init                           0x080000f5   Thumb Code     0  entry8b.o(.ARM.Collect$$$$0000000A)
    _main_init                               0x080000f5   Thumb Code     0  entry9a.o(.ARM.Collect$$$$0000000B)
    __rt_final_cpp                           0x080000fd   Thumb Code     0  entry10a.o(.ARM.Collect$$$$0000000D)
    __rt_final_exit                          0x080000fd   Thumb Code     0  entry11a.o(.ARM.Collect$$$$0000000F)
    Reset_Handler                            0x08000101   Thumb Code     8  startup_stm32f10x_md_1.o(.text)
    NMI_Handler                              0x08000109   Thumb Code     2  startup_stm32f10x_md_1.o(.text)
    HardFault_Handler                        0x0800010b   Thumb Code     2  startup_stm32f10x_md_1.o(.text)
    MemManage_Handler                        0x0800010d   Thumb Code     2  startup_stm32f10x_md_1.o(.text)
    BusFault_Handler                         0x0800010f   Thumb Code     2  startup_stm32f10x_md_1.o(.text)
    UsageFault_Handler                       0x08000111   Thumb Code     2  startup_stm32f10x_md_1.o(.text)
    SVC_Handler                              0x08000113   Thumb Code     2  startup_stm32f10x_md_1.o(.text)
    DebugMon_Handler                         0x08000115   Thumb Code     2  startup_stm32f10x_md_1.o(.text)
    PendSV_Handler                           0x08000117   Thumb Code     2  startup_stm32f10x_md_1.o(.text)
    ADC1_2_IRQHandler                        0x0800011b   Thumb Code     0  startup_stm32f10x_md_1.o(.text)
    CAN1_SCE_IRQHandler                      0x0800011b   Thumb Code     0  startup_stm32f10x_md_1.o(.text)
    DMA1_Channel1_IRQHandler                 0x0800011b   Thumb Code     0  startup_stm32f10x_md_1.o(.text)
    DMA1_Channel2_IRQHandler                 0x0800011b   Thumb Code     0  startup_stm32f10x_md_1.o(.text)
    DMA1_Channel3_IRQHandler                 0x0800011b   Thumb Code     0  startup_stm32f10x_md_1.o(.text)
    DMA1_Channel4_IRQHandler                 0x0800011b   Thumb Code     0  startup_stm32f10x_md_1.o(.text)
    DMA1_Channel5_IRQHandler                 0x0800011b   Thumb Code     0  startup_stm32f10x_md_1.o(.text)
    DMA1_Channel6_IRQHandler                 0x0800011b   Thumb Code     0  startup_stm32f10x_md_1.o(.text)
    DMA1_Channel7_IRQHandler                 0x0800011b   Thumb Code     0  startup_stm32f10x_md_1.o(.text)
    EXTI0_IRQHandler                         0x0800011b   Thumb Code     0  startup_stm32f10x_md_1.o(.text)
    EXTI15_10_IRQHandler                     0x0800011b   Thumb Code     0  startup_stm32f10x_md_1.o(.text)
    EXTI1_IRQHandler                         0x0800011b   Thumb Code     0  startup_stm32f10x_md_1.o(.text)
    EXTI2_IRQHandler                         0x0800011b   Thumb Code     0  startup_stm32f10x_md_1.o(.text)
    EXTI3_IRQHandler                         0x0800011b   Thumb Code     0  startup_stm32f10x_md_1.o(.text)
    EXTI4_IRQHandler                         0x0800011b   Thumb Code     0  startup_stm32f10x_md_1.o(.text)
    EXTI9_5_IRQHandler                       0x0800011b   Thumb Code     0  startup_stm32f10x_md_1.o(.text)
    FLASH_IRQHandler                         0x0800011b   Thumb Code     0  startup_stm32f10x_md_1.o(.text)
    I2C1_ER_IRQHandler                       0x0800011b   Thumb Code     0  startup_stm32f10x_md_1.o(.text)
    I2C1_EV_IRQHandler                       0x0800011b   Thumb Code     0  startup_stm32f10x_md_1.o(.text)
    I2C2_ER_IRQHandler                       0x0800011b   Thumb Code     0  startup_stm32f10x_md_1.o(.text)
    I2C2_EV_IRQHandler                       0x0800011b   Thumb Code     0  startup_stm32f10x_md_1.o(.text)
    PVD_IRQHandler                           0x0800011b   Thumb Code     0  startup_stm32f10x_md_1.o(.text)
    RCC_IRQHandler                           0x0800011b   Thumb Code     0  startup_stm32f10x_md_1.o(.text)
    RTCAlarm_IRQHandler                      0x0800011b   Thumb Code     0  startup_stm32f10x_md_1.o(.text)
    RTC_IRQHandler                           0x0800011b   Thumb Code     0  startup_stm32f10x_md_1.o(.text)
    SPI1_IRQHandler                          0x0800011b   Thumb Code     0  startup_stm32f10x_md_1.o(.text)
    SPI2_IRQHandler                          0x0800011b   Thumb Code     0  startup_stm32f10x_md_1.o(.text)
    TAMPER_IRQHandler                        0x0800011b   Thumb Code     0  startup_stm32f10x_md_1.o(.text)
    TIM1_BRK_IRQHandler                      0x0800011b   Thumb Code     0  startup_stm32f10x_md_1.o(.text)
    TIM1_CC_IRQHandler                       0x0800011b   Thumb Code     0  startup_stm32f10x_md_1.o(.text)
    TIM1_TRG_COM_IRQHandler                  0x0800011b   Thumb Code     0  startup_stm32f10x_md_1.o(.text)
    TIM1_UP_IRQHandler                       0x0800011b   Thumb Code     0  startup_stm32f10x_md_1.o(.text)
    TIM2_IRQHandler                          0x0800011b   Thumb Code     0  startup_stm32f10x_md_1.o(.text)
    TIM3_IRQHandler                          0x0800011b   Thumb Code     0  startup_stm32f10x_md_1.o(.text)
    TIM4_IRQHandler                          0x0800011b   Thumb Code     0  startup_stm32f10x_md_1.o(.text)
    USART1_IRQHandler                        0x0800011b   Thumb Code     0  startup_stm32f10x_md_1.o(.text)
    USART2_IRQHandler                        0x0800011b   Thumb Code     0  startup_stm32f10x_md_1.o(.text)
    USART3_IRQHandler                        0x0800011b   Thumb Code     0  startup_stm32f10x_md_1.o(.text)
    USBWakeUp_IRQHandler                     0x0800011b   Thumb Code     0  startup_stm32f10x_md_1.o(.text)
    WWDG_IRQHandler                          0x0800011b   Thumb Code     0  startup_stm32f10x_md_1.o(.text)
    __aeabi_memcpy                           0x08000125   Thumb Code    36  memcpya.o(.text)
    __aeabi_memcpy4                          0x08000125   Thumb Code     0  memcpya.o(.text)
    __aeabi_memcpy8                          0x08000125   Thumb Code     0  memcpya.o(.text)
    __aeabi_memset                           0x08000149   Thumb Code    14  memseta.o(.text)
    __aeabi_memset4                          0x08000149   Thumb Code     0  memseta.o(.text)
    __aeabi_memset8                          0x08000149   Thumb Code     0  memseta.o(.text)
    __aeabi_memclr                           0x08000157   Thumb Code     4  memseta.o(.text)
    __aeabi_memclr4                          0x08000157   Thumb Code     0  memseta.o(.text)
    __aeabi_memclr8                          0x08000157   Thumb Code     0  memseta.o(.text)
    _memset$wrapper                          0x0800015b   Thumb Code    18  memseta.o(.text)
    __scatterload                            0x0800016d   Thumb Code    28  init.o(.text)
    __scatterload_rt2                        0x0800016d   Thumb Code     0  init.o(.text)
    __decompress                             0x08000191   Thumb Code     0  __dczerorl.o(.text)
    __decompress0                            0x08000191   Thumb Code    58  __dczerorl.o(.text)
    CAN1_RX1_IRQHandler                      0x080001cb   Thumb Code     8  cpu_stm32f1_keil.o(i.CAN1_RX1_IRQHandler)
    GPIO_Init                                0x080001d3   Thumb Code   278  stm32f10x_gpio.o(i.GPIO_Init)
    GPIO_PinRemapConfig                      0x080002e9   Thumb Code   138  stm32f10x_gpio.o(i.GPIO_PinRemapConfig)
    GPIO_StructInit                          0x08000379   Thumb Code    16  stm32f10x_gpio.o(i.GPIO_StructInit)
    NVIC_Configuration                       0x08000389   Thumb Code   168  cpu_stm32f1_keil.o(i.NVIC_Configuration)
    NVIC_PriorityGroupConfig                 0x08000451   Thumb Code    10  misc.o(i.NVIC_PriorityGroupConfig)
    RCC_APB1PeriphClockCmd                   0x0800048d   Thumb Code    26  stm32f10x_rcc.o(i.RCC_APB1PeriphClockCmd)
    RCC_APB1PeriphResetCmd                   0x080004ad   Thumb Code    26  stm32f10x_rcc.o(i.RCC_APB1PeriphResetCmd)
    RCC_APB2PeriphClockCmd                   0x080004cd   Thumb Code    26  stm32f10x_rcc.o(i.RCC_APB2PeriphClockCmd)
    SysTick_Handler                          0x080005d5   Thumb Code     8  cpu_stm32f1_keil.o(i.SysTick_Handler)
    SystemCoreClockUpdate                    0x080005dd   Thumb Code   142  system_stm32f10x.o(i.SystemCoreClockUpdate)
    SystemInit                               0x08000681   Thumb Code    78  system_stm32f10x.o(i.SystemInit)
    USB_HP_CAN1_TX_IRQHandler                0x080006e1   Thumb Code     8  cpu_stm32f1_keil.o(i.USB_HP_CAN1_TX_IRQHandler)
    USB_LP_CAN1_RX0_IRQHandler               0x080006e9   Thumb Code     8  cpu_stm32f1_keil.o(i.USB_LP_CAN1_RX0_IRQHandler)
    __scatterload_copy                       0x080006f1   Thumb Code    14  handlers.o(i.__scatterload_copy)
    __scatterload_null                       0x080006ff   Thumb Code     2  handlers.o(i.__scatterload_null)
    __scatterload_zeroinit                   0x08000701   Thumb Code    14  handlers.o(i.__scatterload_zeroinit)
    coCanOpenStackInit                       0x08000945   Thumb Code   182  gen_objdict.o(i.coCanOpenStackInit)
    coCanOpenStackVarInit                    0x08000a19   Thumb Code    70  co_stackinit.o(i.coCanOpenStackVarInit)
    coCommStateEvent                         0x08000a61   Thumb Code   262  co_commtask.o(i.coCommStateEvent)
    coCommTask                               0x08000b89   Thumb Code    16  co_commtask.o(i.coCommTask)
    coCommTaskSet                            0x08000b99   Thumb Code    40  co_commtask.o(i.coCommTaskSet)
    coEmcyProducerInit                       0x08000bcd   Thumb Code    36  co_emcy.o(i.coEmcyProducerInit)
    coEmcyWriteReq                           0x08000bf5   Thumb Code   240  co_emcy.o(i.coEmcyWriteReq)
    coErrorCtrlInit                          0x08000cf5   Thumb Code   120  co_errctrl.o(i.coErrorCtrlInit)
    coEventRegister_CAN_STATE                0x08000d7d   Thumb Code    36  co_commtask.o(i.coEventRegister_CAN_STATE)
    coEventRegister_COMM_EVENT               0x08000da9   Thumb Code    36  co_commtask.o(i.coEventRegister_COMM_EVENT)
    coEventRegister_ERRCTRL                  0x08000dd5   Thumb Code    36  co_errctrl.o(i.coEventRegister_ERRCTRL)
    coEventRegister_LED_GREEN                0x08000e01   Thumb Code    46  co_led.o(i.coEventRegister_LED_GREEN)
    coEventRegister_LED_RED                  0x08000e3d   Thumb Code    46  co_led.o(i.coEventRegister_LED_RED)
    coEventRegister_NMT                      0x08000e79   Thumb Code    36  co_nmt.o(i.coEventRegister_NMT)
    coEventRegister_PDO                      0x08000ea5   Thumb Code    36  co_pdo.o(i.coEventRegister_PDO)
    coEventRegister_PDO_REC_EVENT            0x08000ed1   Thumb Code    36  co_pdo.o(i.coEventRegister_PDO_REC_EVENT)
    coEventRegister_SDO_SERVER_CHECK_WRITE   0x08000efd   Thumb Code    36  co_sdoserv.o(i.coEventRegister_SDO_SERVER_CHECK_WRITE)
    coEventRegister_SDO_SERVER_READ          0x08000f29   Thumb Code    36  co_sdoserv.o(i.coEventRegister_SDO_SERVER_READ)
    coEventRegister_SDO_SERVER_WRITE         0x08000f55   Thumb Code    36  co_sdoserv.o(i.coEventRegister_SDO_SERVER_WRITE)
    coLedInit                                0x08000f81   Thumb Code    16  co_led.o(i.coLedInit)
    coLedSetGreen                            0x08000f91   Thumb Code   110  co_led.o(i.coLedSetGreen)
    coLedSetRed                              0x08001011   Thumb Code   110  co_led.o(i.coLedSetRed)
    coLedSetState                            0x08001091   Thumb Code    98  co_led.o(i.coLedSetState)
    coNmtGetNodeId                           0x080010fd   Thumb Code     6  co_nmt.o(i.coNmtGetNodeId)
    coNmtGetState                            0x08001109   Thumb Code     6  co_nmt.o(i.coNmtGetState)
    coNmtInit                                0x08001115   Thumb Code    74  co_nmt.o(i.coNmtInit)
    coNumMemcpy                              0x08001165   Thumb Code    34  co_odaccess.o(i.coNumMemcpy)
    coNumMemcpyPack                          0x08001187   Thumb Code    50  co_odaccess.o(i.coNumMemcpyPack)
    coNumMemcpyUnpack                        0x080011b9   Thumb Code    44  co_odaccess.o(i.coNumMemcpyUnpack)
    coOdGetDefaultVal_u16                    0x080011e5   Thumb Code   114  co_odaccess.o(i.coOdGetDefaultVal_u16)
    coOdGetDefaultVal_u32                    0x0800125d   Thumb Code   158  co_odaccess.o(i.coOdGetDefaultVal_u32)
    coOdGetDefaultVal_u8                     0x08001301   Thumb Code   136  co_odaccess.o(i.coOdGetDefaultVal_u8)
    coOdGetObjAttribute                      0x0800138d   Thumb Code     6  co_odaccess.o(i.coOdGetObjAttribute)
    coOdGetObjDescPtr                        0x08001395   Thumb Code    48  co_odaccess.o(i.coOdGetObjDescPtr)
    coOdGetObjSize                           0x080013c9   Thumb Code   454  co_odaccess.o(i.coOdGetObjSize)
    coOdInitOdPtr                            0x080015f5   Thumb Code   218  co_odaccess.o(i.coOdInitOdPtr)
    coPdoReceiveInit                         0x08001751   Thumb Code   172  co_pdo.o(i.coPdoReceiveInit)
    coPdoReqNr                               0x08001805   Thumb Code   104  co_pdo.o(i.coPdoReqNr)
    coPdoTransmitInit                        0x0800186d   Thumb Code   266  co_pdo.o(i.coPdoTransmitInit)
    coQueueGetNextTransmitMessage            0x08001985   Thumb Code    44  co_queue.o(i.coQueueGetNextTransmitMessage)
    coQueueGetReceiveBuffer                  0x080019b9   Thumb Code    40  co_queue.o(i.coQueueGetReceiveBuffer)
    coQueueInit                              0x080019f1   Thumb Code    74  co_queue.o(i.coQueueInit)
    coQueueMsgTransmitted                    0x08001a59   Thumb Code     8  co_queue.o(i.coQueueMsgTransmitted)
    coQueueReceiveBufferIsFilled             0x08001a61   Thumb Code    40  co_queue.o(i.coQueueReceiveBufferIsFilled)
    coSdoServerInit                          0x08001a91   Thumb Code   140  co_sdoserv.o(i.coSdoServerInit)
    coTimerInit                              0x08001b25   Thumb Code    16  co_timer.o(i.coTimerInit)
    coTimerIsActive                          0x08001b41   Thumb Code    26  co_timer.o(i.coTimerIsActive)
    coTimerStart                             0x08001b61   Thumb Code    92  co_timer.o(i.coTimerStart)
    coTimerStop                              0x08001bc1   Thumb Code    48  co_timer.o(i.coTimerStop)
    coTimerTick                              0x08001bf5   Thumb Code    20  co_timer.o(i.coTimerTick)
    codrvCanDisable                          0x08001c0d   Thumb Code    38  codrv_bxcan.o(i.codrvCanDisable)
    codrvCanDriverHandler                    0x08001c3d   Thumb Code    12  codrv_bxcan.o(i.codrvCanDriverHandler)
    codrvCanEnable                           0x08001c49   Thumb Code    46  codrv_bxcan.o(i.codrvCanEnable)
    codrvCanEnableInterrupt                  0x08001c7d   Thumb Code    16  cpu_stm32f1_keil.o(i.codrvCanEnableInterrupt)
    codrvCanErrorGetFlags                    0x08001c8d   Thumb Code     4  codrv_error.o(i.codrvCanErrorGetFlags)
    codrvCanErrorInformStack                 0x08001d51   Thumb Code   194  codrv_error.o(i.codrvCanErrorInformStack)
    codrvCanErrorInit                        0x08001e13   Thumb Code    22  codrv_error.o(i.codrvCanErrorInit)
    codrvCanInit                             0x08001e95   Thumb Code    22  codrv_bxcan.o(i.codrvCanInit)
    codrvCanReceiveInterrupt                 0x08001fb1   Thumb Code   216  codrv_bxcan.o(i.codrvCanReceiveInterrupt)
    codrvCanSetBitRate                       0x08002091   Thumb Code    62  codrv_bxcan.o(i.codrvCanSetBitRate)
    codrvCanSetFilter                        0x080020d5   Thumb Code   118  codrv_bxcan.o(i.codrvCanSetFilter)
    codrvCanSetTxInterrupt                   0x080021d5   Thumb Code    18  cpu_stm32f1_keil.o(i.codrvCanSetTxInterrupt)
    codrvCanStartTransmission                0x080021ed   Thumb Code    28  codrv_bxcan.o(i.codrvCanStartTransmission)
    codrvCanTransmitInterrupt                0x080022a5   Thumb Code    72  codrv_bxcan.o(i.codrvCanTransmitInterrupt)
    codrvHardwareCanInit                     0x080022fd   Thumb Code   116  cpu_stm32f1_keil.o(i.codrvHardwareCanInit)
    codrvHardwareInit                        0x08002375   Thumb Code    12  cpu_stm32f1_keil.o(i.codrvHardwareInit)
    codrvTimerISR                            0x08002381   Thumb Code     8  cpu_stm32f1_keil.o(i.codrvTimerISR)
    codrvTimerSetup                          0x08002389   Thumb Code    68  cpu_stm32f1_keil.o(i.codrvTimerSetup)
    icoCheckRestrictedCobs                   0x080024cd   Thumb Code    56  co_cobhandler.o(i.icoCheckRestrictedCobs)
    icoCobCheck                              0x08002509   Thumb Code    86  co_cobhandler.o(i.icoCobCheck)
    icoCobCreate                             0x08002569   Thumb Code   136  co_cobhandler.o(i.icoCobCreate)
    icoCobDisable                            0x080025f9   Thumb Code    48  co_cobhandler.o(i.icoCobDisable)
    icoCobDisableAll                         0x08002631   Thumb Code    26  co_cobhandler.o(i.icoCobDisableAll)
    icoCobGetPointer                         0x0800270d   Thumb Code    26  co_cobhandler.o(i.icoCobGetPointer)
    icoCobHandlerVarInit                     0x08002731   Thumb Code     8  co_cobhandler.o(i.icoCobHandlerVarInit)
    icoCobSet                                0x0800273d   Thumb Code   130  co_cobhandler.o(i.icoCobSet)
    icoCobSetInhibit                         0x080027c9   Thumb Code    42  co_cobhandler.o(i.icoCobSetInhibit)
    icoCommTaskVarInit                       0x080027fd   Thumb Code    42  co_commtask.o(i.icoCommTaskVarInit)
    icoEmcyCheckObjLimitCobid                0x08002849   Thumb Code    76  co_emcy.o(i.icoEmcyCheckObjLimitCobid)
    icoEmcyCheckObjLimitHist                 0x08002899   Thumb Code    22  co_emcy.o(i.icoEmcyCheckObjLimitHist)
    icoEmcyGetObjectAddr                     0x080028b1   Thumb Code    74  co_emcy.o(i.icoEmcyGetObjectAddr)
    icoEmcyObjChanged                        0x08002911   Thumb Code    78  co_emcy.o(i.icoEmcyObjChanged)
    icoEmcyProducerSetDefaultValue           0x08002971   Thumb Code    86  co_emcy.o(i.icoEmcyProducerSetDefaultValue)
    icoEmcyReset                             0x080029d5   Thumb Code    20  co_emcy.o(i.icoEmcyReset)
    icoEmcyVarInit                           0x080029f1   Thumb Code    34  co_emcy.o(i.icoEmcyVarInit)
    icoEmcyWriteReq                          0x08002a2d   Thumb Code    58  co_emcy.o(i.icoEmcyWriteReq)
    icoErrCtrlCheckObjLimit                  0x08002a71   Thumb Code    96  co_errctrl.o(i.icoErrCtrlCheckObjLimit)
    icoErrCtrlGetObjectAddr                  0x08002ad5   Thumb Code    58  co_errctrl.o(i.icoErrCtrlGetObjectAddr)
    icoErrCtrlInd                            0x08002b1d   Thumb Code    42  co_errctrl.o(i.icoErrCtrlInd)
    icoErrCtrlObjChanged                     0x08002b51   Thumb Code    50  co_errctrl.o(i.icoErrCtrlObjChanged)
    icoErrorBehavior                         0x08002b85   Thumb Code    44  co_errctrl.o(i.icoErrorBehavior)
    icoErrorCtrlReset                        0x08002bb5   Thumb Code    76  co_errctrl.o(i.icoErrorCtrlReset)
    icoErrorCtrlSetDefaultValue              0x08002c05   Thumb Code   104  co_errctrl.o(i.icoErrorCtrlSetDefaultValue)
    icoErrorCtrlVarInit                      0x08002c79   Thumb Code    56  co_errctrl.o(i.icoErrorCtrlVarInit)
    icoEventCheck                            0x08002cc1   Thumb Code    40  co_event.o(i.icoEventCheck)
    icoEventInit                             0x08002ced   Thumb Code     8  co_event.o(i.icoEventInit)
    icoEventObjectChanged                    0x08002cf9   Thumb Code   148  co_odaccess.o(i.icoEventObjectChanged)
    icoHbProdStart                           0x08002d8d   Thumb Code    56  co_errctrl.o(i.icoHbProdStart)
    icoNmtErrorCtrlHandler                   0x08002dd1   Thumb Code   266  co_errctrl.o(i.icoNmtErrorCtrlHandler)
    icoNmtMsgHandler                         0x08002ee5   Thumb Code   170  co_nmt.o(i.icoNmtMsgHandler)
    icoNmtPersistantNodeIdGet                0x08002f95   Thumb Code    22  co_nmt.o(i.icoNmtPersistantNodeIdGet)
    icoNmtStateChange                        0x08002fb5   Thumb Code   166  co_nmt.o(i.icoNmtStateChange)
    icoNmtVarInit                            0x08003069   Thumb Code    40  co_nmt.o(i.icoNmtVarInit)
    icoOdAccessVarInit                       0x080030a9   Thumb Code   120  co_odaccess.o(i.icoOdAccessVarInit)
    icoOdCheckObjLimits                      0x08003195   Thumb Code   390  co_odaccess.o(i.icoOdCheckObjLimits)
    icoOdGetNumberOfSubs                     0x0800331d   Thumb Code    46  co_odaccess.o(i.icoOdGetNumberOfSubs)
    icoOdGetObj                              0x08003355   Thumb Code   118  co_odaccess.o(i.icoOdGetObj)
    icoOdGetObjRecMapData                    0x080033cb   Thumb Code   180  co_odaccess.o(i.icoOdGetObjRecMapData)
    icoOdGetObjTrMapData                     0x0800347f   Thumb Code   114  co_odaccess.o(i.icoOdGetObjTrMapData)
    icoOdPutObj                              0x080034f1   Thumb Code   200  co_odaccess.o(i.icoOdPutObj)
    icoOdReset                               0x080035b9   Thumb Code   780  co_odaccess.o(i.icoOdReset)
    icoPdoOperational                        0x08003925   Thumb Code    44  co_pdo.o(i.icoPdoOperational)
    icoPdoPreOperational                     0x08003959   Thumb Code    36  co_pdo.o(i.icoPdoPreOperational)
    icoPdoReceiveHandler                     0x08003985   Thumb Code   154  co_pdo.o(i.icoPdoReceiveHandler)
    icoPdoReset                              0x08003a2d   Thumb Code   154  co_pdo.o(i.icoPdoReset)
    icoPdoRtrHandler                         0x08003ad9   Thumb Code    72  co_pdo.o(i.icoPdoRtrHandler)
    icoPdoSearchTrPdoIndex                   0x08003b29   Thumb Code    44  co_pdo.o(i.icoPdoSearchTrPdoIndex)
    icoPdoSetDefaultValue                    0x08003b59   Thumb Code   454  co_pdo.o(i.icoPdoSetDefaultValue)
    icoPdoVarInit                            0x08003d31   Thumb Code    24  co_pdo.o(i.icoPdoVarInit)
    icoQueueDeleteInhibit                    0x08003d5d   Thumb Code    36  co_queue.o(i.icoQueueDeleteInhibit)
    icoQueueGetReceiveMessage                0x08003d81   Thumb Code   174  co_queue.o(i.icoQueueGetReceiveMessage)
    icoQueueHandler                          0x08003e3d   Thumb Code   150  co_queue.o(i.icoQueueHandler)
    icoQueueVarInit                          0x08003ee5   Thumb Code    32  co_queue.o(i.icoQueueVarInit)
    icoRecMapCheckObjLimitMapEntry           0x08003f1d   Thumb Code    86  co_pdo.o(i.icoRecMapCheckObjLimitMapEntry)
    icoRecMapCheckObjLimitMapTable           0x08003f73   Thumb Code   128  co_pdo.o(i.icoRecMapCheckObjLimitMapTable)
    icoRecMapGetObjectAddr                   0x08003ff3   Thumb Code    58  co_pdo.o(i.icoRecMapGetObjectAddr)
    icoRecMapGetObjectAddr_R                 0x0800402d   Thumb Code    58  co_pdo.o(i.icoRecMapGetObjectAddr_R)
    icoRecPdoCheckObjLimitCobid              0x08004067   Thumb Code    78  co_pdo.o(i.icoRecPdoCheckObjLimitCobid)
    icoRecPdoCheckObjLimit_u16               0x080040b5   Thumb Code    56  co_pdo.o(i.icoRecPdoCheckObjLimit_u16)
    icoRecPdoCheckObjLimit_u8                0x080040ed   Thumb Code    70  co_pdo.o(i.icoRecPdoCheckObjLimit_u8)
    icoRecPdoGetObjectAddr                   0x08004133   Thumb Code    74  co_pdo.o(i.icoRecPdoGetObjectAddr)
    icoRecPdoObjChanged                      0x0800417d   Thumb Code    88  co_pdo.o(i.icoRecPdoObjChanged)
    icoSdoCheckObjLimitCobId                 0x080041d5   Thumb Code   158  co_sdoserv.o(i.icoSdoCheckObjLimitCobId)
    icoSdoCheckObjLimitNode                  0x08004279   Thumb Code    30  co_sdoserv.o(i.icoSdoCheckObjLimitNode)
    icoSdoCheckUserCheckWriteInd             0x08004299   Thumb Code    98  co_sdoserv.o(i.icoSdoCheckUserCheckWriteInd)
    icoSdoCheckUserReadInd                   0x08004305   Thumb Code   112  co_sdoserv.o(i.icoSdoCheckUserReadInd)
    icoSdoCheckUserWriteInd                  0x0800437d   Thumb Code   100  co_sdoserv.o(i.icoSdoCheckUserWriteInd)
    icoSdoDeCodeMultiplexer                  0x080043e9   Thumb Code    16  co_sdoserv.o(i.icoSdoDeCodeMultiplexer)
    icoSdoGetObjectAddr                      0x080043f9   Thumb Code   100  co_sdoserv.o(i.icoSdoGetObjectAddr)
    icoSdoObjChanged                         0x08004461   Thumb Code   118  co_sdoserv.o(i.icoSdoObjChanged)
    icoSdoServerAbort                        0x080044dd   Thumb Code   108  co_sdoserv.o(i.icoSdoServerAbort)
    icoSdoServerHandler                      0x0800454d   Thumb Code   174  co_sdoserv.o(i.icoSdoServerHandler)
    icoSdoServerReset                        0x08004605   Thumb Code   140  co_sdoserv.o(i.icoSdoServerReset)
    icoSdoServerSetDefaultValue              0x08004699   Thumb Code   134  co_sdoserv.o(i.icoSdoServerSetDefaultValue)
    icoSdoServerVarInit                      0x08004729   Thumb Code    34  co_sdoserv.o(i.icoSdoServerVarInit)
    icoStoreLoadReq                          0x08004761   Thumb Code     6  co_store.o(i.icoStoreLoadReq)
    icoTimerCheck                            0x08004769   Thumb Code   126  co_timer.o(i.icoTimerCheck)
    icoTrMapCheckObjLimitMapEntry            0x080047f1   Thumb Code    76  co_pdo.o(i.icoTrMapCheckObjLimitMapEntry)
    icoTrMapCheckObjLimitMapTable            0x0800483d   Thumb Code    72  co_pdo.o(i.icoTrMapCheckObjLimitMapTable)
    icoTrMapGetObjectAddr                    0x08004885   Thumb Code    54  co_pdo.o(i.icoTrMapGetObjectAddr)
    icoTrMapGetObjectAddr_R                  0x080048bb   Thumb Code    54  co_pdo.o(i.icoTrMapGetObjectAddr_R)
    icoTrPdoCheckObjLimitCobid               0x080048f1   Thumb Code    78  co_pdo.o(i.icoTrPdoCheckObjLimitCobid)
    icoTrPdoCheckObjLimit_u16                0x0800493f   Thumb Code    52  co_pdo.o(i.icoTrPdoCheckObjLimit_u16)
    icoTrPdoCheckObjLimit_u8                 0x08004973   Thumb Code    72  co_pdo.o(i.icoTrPdoCheckObjLimit_u8)
    icoTrPdoGetObjectAddr                    0x080049bb   Thumb Code    74  co_pdo.o(i.icoTrPdoGetObjectAddr)
    icoTrPdoObjChanged                       0x08004a05   Thumb Code   148  co_pdo.o(i.icoTrPdoObjChanged)
    icoTransmitMessage                       0x08004a99   Thumb Code   332  co_queue.o(i.icoTransmitMessage)
    main                                     0x08004ced   Thumb Code   252  main.o(i.main)
    od_description                           0x08005f10   Data         336  gen_objdict.o(.constdata)
    od_assign                                0x08006060   Data         128  gen_objdict.o(.constdata)
    od_data_variables                        0x080060fc   Data         116  gen_objdict.o(.constdata)
    filterOffset                             0x08006184   Data           2  codrv_bxcan.o(.constdata)
    filterMask                               0x08006188   Data           4  codrv_bxcan.o(.constdata)
    Region$$Table$$Base                      0x08006344   Number         0  anon$$obj.o(Region$$Table)
    Region$$Table$$Limit                     0x08006364   Number         0  anon$$obj.o(Region$$Table)
    SystemCoreClock                          0x20000164   Data           4  system_stm32f10x.o(.data)
    AHBPrescTable                            0x20000168   Data          16  system_stm32f10x.o(.data)
    __initial_sp                             0x20000ab8   Data           0  startup_stm32f10x_md_1.o(STACK)



==============================================================================

Memory Map of the image

  Image Entry point : 0x080000ed

  Load Region LR_IROM1 (Base: 0x08000000, Size: 0x000064dc, Max: 0x00020000, ABSOLUTE, COMPRESSED[0x00006380])

    Execution Region ER_IROM1 (Base: 0x08000000, Size: 0x00006364, Max: 0x00020000, ABSOLUTE)

    Base Addr    Size         Type   Attr      Idx    E Section Name        Object

    0x08000000   0x000000ec   Data   RO         2579    RESET               startup_stm32f10x_md_1.o
    0x080000ec   0x00000000   Code   RO         2630  * .ARM.Collect$$$$00000000  mc_w.l(entry.o)
    0x080000ec   0x00000004   Code   RO         2639    .ARM.Collect$$$$00000001  mc_w.l(entry2.o)
    0x080000f0   0x00000004   Code   RO         2642    .ARM.Collect$$$$00000004  mc_w.l(entry5.o)
    0x080000f4   0x00000000   Code   RO         2644    .ARM.Collect$$$$00000008  mc_w.l(entry7b.o)
    0x080000f4   0x00000000   Code   RO         2646    .ARM.Collect$$$$0000000A  mc_w.l(entry8b.o)
    0x080000f4   0x00000008   Code   RO         2647    .ARM.Collect$$$$0000000B  mc_w.l(entry9a.o)
    0x080000fc   0x00000000   Code   RO         2649    .ARM.Collect$$$$0000000D  mc_w.l(entry10a.o)
    0x080000fc   0x00000000   Code   RO         2651    .ARM.Collect$$$$0000000F  mc_w.l(entry11a.o)
    0x080000fc   0x00000004   Code   RO         2640    .ARM.Collect$$$$00002712  mc_w.l(entry2.o)
    0x08000100   0x00000024   Code   RO         2580    .text               startup_stm32f10x_md_1.o
    0x08000124   0x00000024   Code   RO         2633    .text               mc_w.l(memcpya.o)
    0x08000148   0x00000024   Code   RO         2635    .text               mc_w.l(memseta.o)
    0x0800016c   0x00000024   Code   RO         2653    .text               mc_w.l(init.o)
    0x08000190   0x0000003a   Code   RO         2663    .text               mc_w.l(__dczerorl.o)
    0x080001ca   0x00000008   Code   RO          406    i.CAN1_RX1_IRQHandler  cpu_stm32f1_keil.o
    0x080001d2   0x00000116   Code   RO         2056    i.GPIO_Init         stm32f10x_gpio.o
    0x080002e8   0x00000090   Code   RO         2058    i.GPIO_PinRemapConfig  stm32f10x_gpio.o
    0x08000378   0x00000010   Code   RO         2065    i.GPIO_StructInit   stm32f10x_gpio.o
    0x08000388   0x000000b0   Code   RO          407    i.NVIC_Configuration  cpu_stm32f1_keil.o
    0x08000438   0x00000016   Code   RO          409    i.NVIC_EnableIRQ    cpu_stm32f1_keil.o
    0x0800044e   0x00000002   PAD
    0x08000450   0x00000014   Code   RO         2003    i.NVIC_PriorityGroupConfig  misc.o
    0x08000464   0x00000028   Code   RO          410    i.NVIC_SetPriority  cpu_stm32f1_keil.o
    0x0800048c   0x00000020   Code   RO         2178    i.RCC_APB1PeriphClockCmd  stm32f10x_rcc.o
    0x080004ac   0x00000020   Code   RO         2179    i.RCC_APB1PeriphResetCmd  stm32f10x_rcc.o
    0x080004cc   0x00000020   Code   RO         2180    i.RCC_APB2PeriphClockCmd  stm32f10x_rcc.o
    0x080004ec   0x00000008   Code   RO         2587    i.SetSysClock       system_stm32f10x.o
    0x080004f4   0x000000e0   Code   RO         2588    i.SetSysClockTo72   system_stm32f10x.o
    0x080005d4   0x00000008   Code   RO          411    i.SysTick_Handler   cpu_stm32f1_keil.o
    0x080005dc   0x000000a4   Code   RO         2589    i.SystemCoreClockUpdate  system_stm32f10x.o
    0x08000680   0x00000060   Code   RO         2590    i.SystemInit        system_stm32f10x.o
    0x080006e0   0x00000008   Code   RO          412    i.USB_HP_CAN1_TX_IRQHandler  cpu_stm32f1_keil.o
    0x080006e8   0x00000008   Code   RO          413    i.USB_LP_CAN1_RX0_IRQHandler  cpu_stm32f1_keil.o
    0x080006f0   0x0000000e   Code   RO         2657    i.__scatterload_copy  mc_w.l(handlers.o)
    0x080006fe   0x00000002   Code   RO         2658    i.__scatterload_null  mc_w.l(handlers.o)
    0x08000700   0x0000000e   Code   RO         2659    i.__scatterload_zeroinit  mc_w.l(handlers.o)
    0x0800070e   0x00000002   PAD
    0x08000710   0x0000006c   Code   RO         1796    i.addTimer          co_timer.o
    0x0800077c   0x00000014   Code   RO         1512    i.addToInhibitList  co_queue.o
    0x08000790   0x00000024   Code   RO         1513    i.addToTransmitList  co_queue.o
    0x080007b4   0x0000001e   Code   RO           72    i.canInd            main.o
    0x080007d2   0x000000aa   Code   RO         1229    i.checkRecPdoMappingTable  co_pdo.o
    0x0800087c   0x000000c8   Code   RO         1230    i.checkTrPdoMappingTable  co_pdo.o
    0x08000944   0x000000d4   Code   RO          217    i.coCanOpenStackInit  gen_objdict.o
    0x08000a18   0x00000046   Code   RO         1975    i.coCanOpenStackVarInit  co_stackinit.o
    0x08000a5e   0x00000002   PAD
    0x08000a60   0x00000128   Code   RO          605    i.coCommStateEvent  co_commtask.o
    0x08000b88   0x00000010   Code   RO          606    i.coCommTask        co_commtask.o
    0x08000b98   0x00000034   Code   RO          607    i.coCommTaskSet     co_commtask.o
    0x08000bcc   0x00000028   Code   RO          690    i.coEmcyProducerInit  co_emcy.o
    0x08000bf4   0x00000100   Code   RO          691    i.coEmcyWriteReq    co_emcy.o
    0x08000cf4   0x00000088   Code   RO          767    i.coErrorCtrlInit   co_errctrl.o
    0x08000d7c   0x0000002c   Code   RO          608    i.coEventRegister_CAN_STATE  co_commtask.o
    0x08000da8   0x0000002c   Code   RO          609    i.coEventRegister_COMM_EVENT  co_commtask.o
    0x08000dd4   0x0000002c   Code   RO          768    i.coEventRegister_ERRCTRL  co_errctrl.o
    0x08000e00   0x0000003c   Code   RO         1851    i.coEventRegister_LED_GREEN  co_led.o
    0x08000e3c   0x0000003c   Code   RO         1852    i.coEventRegister_LED_RED  co_led.o
    0x08000e78   0x0000002c   Code   RO          881    i.coEventRegister_NMT  co_nmt.o
    0x08000ea4   0x0000002c   Code   RO         1231    i.coEventRegister_PDO  co_pdo.o
    0x08000ed0   0x0000002c   Code   RO         1232    i.coEventRegister_PDO_REC_EVENT  co_pdo.o
    0x08000efc   0x0000002c   Code   RO         1623    i.coEventRegister_SDO_SERVER_CHECK_WRITE  co_sdoserv.o
    0x08000f28   0x0000002c   Code   RO         1624    i.coEventRegister_SDO_SERVER_READ  co_sdoserv.o
    0x08000f54   0x0000002c   Code   RO         1625    i.coEventRegister_SDO_SERVER_WRITE  co_sdoserv.o
    0x08000f80   0x00000010   Code   RO         1853    i.coLedInit         co_led.o
    0x08000f90   0x00000080   Code   RO         1854    i.coLedSetGreen     co_led.o
    0x08001010   0x00000080   Code   RO         1855    i.coLedSetRed       co_led.o
    0x08001090   0x0000006c   Code   RO         1856    i.coLedSetState     co_led.o
    0x080010fc   0x0000000c   Code   RO          882    i.coNmtGetNodeId    co_nmt.o
    0x08001108   0x0000000c   Code   RO          883    i.coNmtGetState     co_nmt.o
    0x08001114   0x00000050   Code   RO          884    i.coNmtInit         co_nmt.o
    0x08001164   0x00000022   Code   RO          970    i.coNumMemcpy       co_odaccess.o
    0x08001186   0x00000032   Code   RO          971    i.coNumMemcpyPack   co_odaccess.o
    0x080011b8   0x0000002c   Code   RO          972    i.coNumMemcpyUnpack  co_odaccess.o
    0x080011e4   0x00000078   Code   RO          974    i.coOdGetDefaultVal_u16  co_odaccess.o
    0x0800125c   0x000000a4   Code   RO          975    i.coOdGetDefaultVal_u32  co_odaccess.o
    0x08001300   0x0000008c   Code   RO          976    i.coOdGetDefaultVal_u8  co_odaccess.o
    0x0800138c   0x00000006   Code   RO          978    i.coOdGetObjAttribute  co_odaccess.o
    0x08001392   0x00000002   PAD
    0x08001394   0x00000034   Code   RO          979    i.coOdGetObjDescPtr  co_odaccess.o
    0x080013c8   0x0000022c   Code   RO          980    i.coOdGetObjSize    co_odaccess.o
    0x080015f4   0x0000015c   Code   RO          988    i.coOdInitOdPtr     co_odaccess.o
    0x08001750   0x000000b4   Code   RO         1234    i.coPdoReceiveInit  co_pdo.o
    0x08001804   0x00000068   Code   RO         1235    i.coPdoReqNr        co_pdo.o
    0x0800186c   0x00000118   Code   RO         1237    i.coPdoTransmitInit  co_pdo.o
    0x08001984   0x00000034   Code   RO         1514    i.coQueueGetNextTransmitMessage  co_queue.o
    0x080019b8   0x00000038   Code   RO         1515    i.coQueueGetReceiveBuffer  co_queue.o
    0x080019f0   0x00000068   Code   RO         1516    i.coQueueInit       co_queue.o
    0x08001a58   0x00000008   Code   RO         1517    i.coQueueMsgTransmitted  co_queue.o
    0x08001a60   0x00000030   Code   RO         1518    i.coQueueReceiveBufferIsFilled  co_queue.o
    0x08001a90   0x00000094   Code   RO         1626    i.coSdoServerInit   co_sdoserv.o
    0x08001b24   0x0000001c   Code   RO         1798    i.coTimerInit       co_timer.o
    0x08001b40   0x00000020   Code   RO         1799    i.coTimerIsActive   co_timer.o
    0x08001b60   0x00000060   Code   RO         1800    i.coTimerStart      co_timer.o
    0x08001bc0   0x00000034   Code   RO         1801    i.coTimerStop       co_timer.o
    0x08001bf4   0x00000018   Code   RO         1802    i.coTimerTick       co_timer.o
    0x08001c0c   0x00000030   Code   RO          261    i.codrvCanDisable   codrv_bxcan.o
    0x08001c3c   0x0000000c   Code   RO          262    i.codrvCanDriverHandler  codrv_bxcan.o
    0x08001c48   0x00000034   Code   RO          263    i.codrvCanEnable    codrv_bxcan.o
    0x08001c7c   0x00000010   Code   RO          415    i.codrvCanEnableInterrupt  cpu_stm32f1_keil.o
    0x08001c8c   0x00000008   Code   RO          370    i.codrvCanErrorGetFlags  codrv_error.o
    0x08001c94   0x000000bc   Code   RO          264    i.codrvCanErrorHandler  codrv_bxcan.o
    0x08001d50   0x000000c2   Code   RO          371    i.codrvCanErrorInformStack  codrv_error.o
    0x08001e12   0x00000016   Code   RO          372    i.codrvCanErrorInit  codrv_error.o
    0x08001e28   0x00000030   Code   RO          265    i.codrvCanGetBtrSettings  codrv_bxcan.o
    0x08001e58   0x0000003c   Code   RO          266    i.codrvCanGetChan   codrv_bxcan.o
    0x08001e94   0x0000001c   Code   RO          267    i.codrvCanInit      codrv_bxcan.o
    0x08001eb0   0x00000100   Code   RO          268    i.codrvCanInitController  codrv_bxcan.o
    0x08001fb0   0x000000e0   Code   RO          270    i.codrvCanReceiveInterrupt  codrv_bxcan.o
    0x08002090   0x00000044   Code   RO          271    i.codrvCanSetBitRate  codrv_bxcan.o
    0x080020d4   0x00000076   Code   RO          272    i.codrvCanSetFilter  codrv_bxcan.o
    0x0800214a   0x00000002   PAD
    0x0800214c   0x00000088   Code   RO          273    i.codrvCanSetIdFilter  codrv_bxcan.o
    0x080021d4   0x00000018   Code   RO          416    i.codrvCanSetTxInterrupt  cpu_stm32f1_keil.o
    0x080021ec   0x00000024   Code   RO          274    i.codrvCanStartTransmission  codrv_bxcan.o
    0x08002210   0x00000094   Code   RO          275    i.codrvCanTransmit  codrv_bxcan.o
    0x080022a4   0x00000058   Code   RO          276    i.codrvCanTransmitInterrupt  codrv_bxcan.o
    0x080022fc   0x00000078   Code   RO          417    i.codrvHardwareCanInit  cpu_stm32f1_keil.o
    0x08002374   0x0000000c   Code   RO          418    i.codrvHardwareInit  cpu_stm32f1_keil.o
    0x08002380   0x00000008   Code   RO          419    i.codrvTimerISR     cpu_stm32f1_keil.o
    0x08002388   0x0000004c   Code   RO          420    i.codrvTimerSetup   cpu_stm32f1_keil.o
    0x080023d4   0x00000026   Code   RO           73    i.commInd           main.o
    0x080023fa   0x00000002   PAD
    0x080023fc   0x0000003c   Code   RO         1238    i.createPdoTrMapTable  co_pdo.o
    0x08002438   0x00000004   Code   RO           74    i.exit              main.o
    0x0800243c   0x0000003c   Code   RO         1520    i.getNextTransBuf   co_queue.o
    0x08002478   0x0000002e   Code   RO          772    i.hbConsFailure     co_errctrl.o
    0x080024a6   0x00000002   PAD
    0x080024a8   0x00000020   Code   RO          773    i.hbProdSendMessage  co_errctrl.o
    0x080024c8   0x00000002   Code   RO           75    i.hbState           main.o
    0x080024ca   0x00000002   PAD
    0x080024cc   0x0000003c   Code   RO          512    i.icoCheckRestrictedCobs  co_cobhandler.o
    0x08002508   0x00000060   Code   RO          514    i.icoCobCheck       co_cobhandler.o
    0x08002568   0x00000090   Code   RO          515    i.icoCobCreate      co_cobhandler.o
    0x080025f8   0x00000038   Code   RO          516    i.icoCobDisable     co_cobhandler.o
    0x08002630   0x00000020   Code   RO          517    i.icoCobDisableAll  co_cobhandler.o
    0x08002650   0x000000bc   Code   RO          519    i.icoCobFilterSet   co_cobhandler.o
    0x0800270c   0x00000024   Code   RO          521    i.icoCobGetPointer  co_cobhandler.o
    0x08002730   0x0000000c   Code   RO          522    i.icoCobHandlerVarInit  co_cobhandler.o
    0x0800273c   0x0000008c   Code   RO          523    i.icoCobSet         co_cobhandler.o
    0x080027c8   0x00000034   Code   RO          524    i.icoCobSetInhibit  co_cobhandler.o
    0x080027fc   0x0000004c   Code   RO          610    i.icoCommTaskVarInit  co_commtask.o
    0x08002848   0x00000050   Code   RO          693    i.icoEmcyCheckObjLimitCobid  co_emcy.o
    0x08002898   0x00000016   Code   RO          694    i.icoEmcyCheckObjLimitHist  co_emcy.o
    0x080028ae   0x00000002   PAD
    0x080028b0   0x00000060   Code   RO          695    i.icoEmcyGetObjectAddr  co_emcy.o
    0x08002910   0x00000060   Code   RO          696    i.icoEmcyObjChanged  co_emcy.o
    0x08002970   0x00000064   Code   RO          697    i.icoEmcyProducerSetDefaultValue  co_emcy.o
    0x080029d4   0x0000001c   Code   RO          698    i.icoEmcyReset      co_emcy.o
    0x080029f0   0x0000003c   Code   RO          699    i.icoEmcyVarInit    co_emcy.o
    0x08002a2c   0x00000044   Code   RO          700    i.icoEmcyWriteReq   co_emcy.o
    0x08002a70   0x00000064   Code   RO          774    i.icoErrCtrlCheckObjLimit  co_errctrl.o
    0x08002ad4   0x00000048   Code   RO          775    i.icoErrCtrlGetObjectAddr  co_errctrl.o
    0x08002b1c   0x00000034   Code   RO          776    i.icoErrCtrlInd     co_errctrl.o
    0x08002b50   0x00000032   Code   RO          777    i.icoErrCtrlObjChanged  co_errctrl.o
    0x08002b82   0x00000002   PAD
    0x08002b84   0x00000030   Code   RO          778    i.icoErrorBehavior  co_errctrl.o
    0x08002bb4   0x00000050   Code   RO          779    i.icoErrorCtrlReset  co_errctrl.o
    0x08002c04   0x00000074   Code   RO          780    i.icoErrorCtrlSetDefaultValue  co_errctrl.o
    0x08002c78   0x00000048   Code   RO          781    i.icoErrorCtrlVarInit  co_errctrl.o
    0x08002cc0   0x0000002c   Code   RO         1931    i.icoEventCheck     co_event.o
    0x08002cec   0x0000000c   Code   RO         1932    i.icoEventInit      co_event.o
    0x08002cf8   0x00000094   Code   RO          998    i.icoEventObjectChanged  co_odaccess.o
    0x08002d8c   0x00000044   Code   RO          782    i.icoHbProdStart    co_errctrl.o
    0x08002dd0   0x00000114   Code   RO          783    i.icoNmtErrorCtrlHandler  co_errctrl.o
    0x08002ee4   0x000000b0   Code   RO          887    i.icoNmtMsgHandler  co_nmt.o
    0x08002f94   0x00000020   Code   RO          888    i.icoNmtPersistantNodeIdGet  co_nmt.o
    0x08002fb4   0x000000b4   Code   RO          889    i.icoNmtStateChange  co_nmt.o
    0x08003068   0x00000040   Code   RO          890    i.icoNmtVarInit     co_nmt.o
    0x080030a8   0x000000ec   Code   RO          999    i.icoOdAccessVarInit  co_odaccess.o
    0x08003194   0x00000186   Code   RO         1001    i.icoOdCheckObjLimits  co_odaccess.o
    0x0800331a   0x00000002   PAD
    0x0800331c   0x00000038   Code   RO         1002    i.icoOdGetNumberOfSubs  co_odaccess.o
    0x08003354   0x00000076   Code   RO         1003    i.icoOdGetObj       co_odaccess.o
    0x080033ca   0x000000b4   Code   RO         1004    i.icoOdGetObjRecMapData  co_odaccess.o
    0x0800347e   0x00000072   Code   RO         1005    i.icoOdGetObjTrMapData  co_odaccess.o
    0x080034f0   0x000000c8   Code   RO         1006    i.icoOdPutObj       co_odaccess.o
    0x080035b8   0x0000036c   Code   RO         1007    i.icoOdReset        co_odaccess.o
    0x08003924   0x00000034   Code   RO         1239    i.icoPdoOperational  co_pdo.o
    0x08003958   0x0000002c   Code   RO         1240    i.icoPdoPreOperational  co_pdo.o
    0x08003984   0x000000a8   Code   RO         1241    i.icoPdoReceiveHandler  co_pdo.o
    0x08003a2c   0x000000ac   Code   RO         1242    i.icoPdoReset       co_pdo.o
    0x08003ad8   0x00000050   Code   RO         1243    i.icoPdoRtrHandler  co_pdo.o
    0x08003b28   0x00000030   Code   RO         1244    i.icoPdoSearchTrPdoIndex  co_pdo.o
    0x08003b58   0x000001d8   Code   RO         1245    i.icoPdoSetDefaultValue  co_pdo.o
    0x08003d30   0x0000002c   Code   RO         1246    i.icoPdoVarInit     co_pdo.o
    0x08003d5c   0x00000024   Code   RO         1521    i.icoQueueDeleteInhibit  co_queue.o
    0x08003d80   0x000000bc   Code   RO         1522    i.icoQueueGetReceiveMessage  co_queue.o
    0x08003e3c   0x000000a8   Code   RO         1523    i.icoQueueHandler   co_queue.o
    0x08003ee4   0x00000038   Code   RO         1525    i.icoQueueVarInit   co_queue.o
    0x08003f1c   0x00000056   Code   RO         1247    i.icoRecMapCheckObjLimitMapEntry  co_pdo.o
    0x08003f72   0x00000080   Code   RO         1248    i.icoRecMapCheckObjLimitMapTable  co_pdo.o
    0x08003ff2   0x0000003a   Code   RO         1249    i.icoRecMapGetObjectAddr  co_pdo.o
    0x0800402c   0x0000003a   Code   RO         1250    i.icoRecMapGetObjectAddr_R  co_pdo.o
    0x08004066   0x0000004e   Code   RO         1251    i.icoRecPdoCheckObjLimitCobid  co_pdo.o
    0x080040b4   0x00000038   Code   RO         1252    i.icoRecPdoCheckObjLimit_u16  co_pdo.o
    0x080040ec   0x00000046   Code   RO         1253    i.icoRecPdoCheckObjLimit_u8  co_pdo.o
    0x08004132   0x0000004a   Code   RO         1254    i.icoRecPdoGetObjectAddr  co_pdo.o
    0x0800417c   0x00000058   Code   RO         1255    i.icoRecPdoObjChanged  co_pdo.o
    0x080041d4   0x000000a4   Code   RO         1627    i.icoSdoCheckObjLimitCobId  co_sdoserv.o
    0x08004278   0x0000001e   Code   RO         1628    i.icoSdoCheckObjLimitNode  co_sdoserv.o
    0x08004296   0x00000002   PAD
    0x08004298   0x0000006c   Code   RO         1629    i.icoSdoCheckUserCheckWriteInd  co_sdoserv.o
    0x08004304   0x00000078   Code   RO         1630    i.icoSdoCheckUserReadInd  co_sdoserv.o
    0x0800437c   0x0000006c   Code   RO         1631    i.icoSdoCheckUserWriteInd  co_sdoserv.o
    0x080043e8   0x00000010   Code   RO         1632    i.icoSdoDeCodeMultiplexer  co_sdoserv.o
    0x080043f8   0x00000068   Code   RO         1634    i.icoSdoGetObjectAddr  co_sdoserv.o
    0x08004460   0x0000007c   Code   RO         1635    i.icoSdoObjChanged  co_sdoserv.o
    0x080044dc   0x00000070   Code   RO         1636    i.icoSdoServerAbort  co_sdoserv.o
    0x0800454c   0x000000b8   Code   RO         1637    i.icoSdoServerHandler  co_sdoserv.o
    0x08004604   0x00000094   Code   RO         1639    i.icoSdoServerReset  co_sdoserv.o
    0x08004698   0x00000090   Code   RO         1640    i.icoSdoServerSetDefaultValue  co_sdoserv.o
    0x08004728   0x00000038   Code   RO         1641    i.icoSdoServerVarInit  co_sdoserv.o
    0x08004760   0x00000006   Code   RO         1963    i.icoStoreLoadReq   co_store.o
    0x08004766   0x00000002   PAD
    0x08004768   0x00000088   Code   RO         1803    i.icoTimerCheck     co_timer.o
    0x080047f0   0x0000004c   Code   RO         1256    i.icoTrMapCheckObjLimitMapEntry  co_pdo.o
    0x0800483c   0x00000048   Code   RO         1257    i.icoTrMapCheckObjLimitMapTable  co_pdo.o
    0x08004884   0x00000036   Code   RO         1258    i.icoTrMapGetObjectAddr  co_pdo.o
    0x080048ba   0x00000036   Code   RO         1259    i.icoTrMapGetObjectAddr_R  co_pdo.o
    0x080048f0   0x0000004e   Code   RO         1260    i.icoTrPdoCheckObjLimitCobid  co_pdo.o
    0x0800493e   0x00000034   Code   RO         1261    i.icoTrPdoCheckObjLimit_u16  co_pdo.o
    0x08004972   0x00000048   Code   RO         1262    i.icoTrPdoCheckObjLimit_u8  co_pdo.o
    0x080049ba   0x0000004a   Code   RO         1263    i.icoTrPdoGetObjectAddr  co_pdo.o
    0x08004a04   0x00000094   Code   RO         1265    i.icoTrPdoObjChanged  co_pdo.o
    0x08004a98   0x00000150   Code   RO         1526    i.icoTransmitMessage  co_queue.o
    0x08004be8   0x0000000e   Code   RO         1527    i.inhibitTimer      co_queue.o
    0x08004bf6   0x00000002   Code   RO           76    i.ledGreenInd       main.o
    0x08004bf8   0x00000028   Code   RO         1858    i.ledGreenInd       co_led.o
    0x08004c20   0x00000002   Code   RO           77    i.ledRedInd         main.o
    0x08004c22   0x00000002   PAD
    0x08004c24   0x00000028   Code   RO         1859    i.ledRedInd         co_led.o
    0x08004c4c   0x000000a0   Code   RO         1860    i.ledTimerInd       co_led.o
    0x08004cec   0x00000130   Code   RO           78    i.main              main.o
    0x08004e1c   0x0000006c   Code   RO         1528    i.moveInhibitToTransmitList  co_queue.o
    0x08004e88   0x00000006   Code   RO           79    i.nmtInd            main.o
    0x08004e8e   0x00000002   PAD
    0x08004e90   0x00000020   Code   RO          891    i.nmtReset          co_nmt.o
    0x08004eb0   0x0000001e   Code   RO          892    i.nmtResetAppl      co_nmt.o
    0x08004ece   0x00000002   PAD
    0x08004ed0   0x00000074   Code   RO          893    i.nmtResetComm      co_nmt.o
    0x08004f44   0x000000a8   Code   RO         1008    i.odCheckObjLimitsOther  co_odaccess.o
    0x08004fec   0x000002e4   Code   RO         1009    i.odGetObjAddr      co_odaccess.o
    0x080052d0   0x00000104   Code   RO         1010    i.odGetObjAddr_R    co_odaccess.o
    0x080053d4   0x000000f4   Code   RO         1011    i.odGetObjDescIdx   co_odaccess.o
    0x080054c8   0x00000010   Code   RO         1266    i.pdoEventTimer     co_pdo.o
    0x080054d8   0x00000002   Code   RO           80    i.pdoInd            main.o
    0x080054da   0x00000002   PAD
    0x080054dc   0x0000002c   Code   RO         1267    i.pdoInd            co_pdo.o
    0x08005508   0x00000002   Code   RO           81    i.pdoRecEvent       main.o
    0x0800550a   0x00000002   PAD
    0x0800550c   0x00000028   Code   RO         1268    i.pdoRecEventInd    co_pdo.o
    0x08005534   0x000000a8   Code   RO         1269    i.pdoReceiveData    co_pdo.o
    0x080055dc   0x0000000e   Code   RO         1270    i.pdoReceiveEventTimer  co_pdo.o
    0x080055ea   0x0000008c   Code   RO         1271    i.pdoTransmitData   co_pdo.o
    0x08005676   0x00000056   Code   RO          611    i.receiveMessageHandler  co_commtask.o
    0x080056cc   0x00000010   Code   RO         1642    i.sdoCodeMultiplexer  co_sdoserv.o
    0x080056dc   0x0000000a   Code   RO           82    i.sdoServerCheckWriteInd  main.o
    0x080056e6   0x00000008   Code   RO           83    i.sdoServerReadInd  main.o
    0x080056ee   0x00000090   Code   RO         1643    i.sdoServerReadIndCont  co_sdoserv.o
    0x0800577e   0x0000006e   Code   RO         1644    i.sdoServerReadInit  co_sdoserv.o
    0x080057ec   0x000000b6   Code   RO         1645    i.sdoServerReadSegment  co_sdoserv.o
    0x080058a2   0x00000008   Code   RO           84    i.sdoServerWriteInd  main.o
    0x080058aa   0x00000076   Code   RO         1646    i.sdoServerWriteIndCont  co_sdoserv.o
    0x08005920   0x000001b8   Code   RO         1647    i.sdoServerWriteInit  co_sdoserv.o
    0x08005ad8   0x000000e4   Code   RO         1648    i.sdoServerWriteSegment  co_sdoserv.o
    0x08005bbc   0x00000054   Code   RO         1529    i.searchLastMessage  co_queue.o
    0x08005c10   0x00000030   Code   RO         1272    i.searchRecPdo      co_pdo.o
    0x08005c40   0x00000034   Code   RO         1649    i.searchSdoServerIndex  co_sdoserv.o
    0x08005c74   0x00000044   Code   RO          612    i.serviceManagement  co_commtask.o
    0x08005cb8   0x00000034   Code   RO         1273    i.setPdoCob         co_pdo.o
    0x08005cec   0x0000006c   Code   RO          784    i.setupHbConsumer   co_errctrl.o
    0x08005d58   0x000000a8   Code   RO         1274    i.setupPdoTrMapTable  co_pdo.o
    0x08005e00   0x0000005c   Code   RO         1275    i.setupTrPdoTimer   co_pdo.o
    0x08005e5c   0x00000044   Code   RO         1861    i.startLedTimer     co_led.o
    0x08005ea0   0x00000020   Code   RO         1862    i.stopLedTimer      co_led.o
    0x08005ec0   0x0000000e   Code   RO         1276    i.stopRecPdoTimer   co_pdo.o
    0x08005ece   0x00000002   PAD
    0x08005ed0   0x000002b4   Data   RO          219    .constdata          gen_objdict.o
    0x08006184   0x00000058   Data   RO          277    .constdata          codrv_bxcan.o
    0x080061dc   0x00000040   Data   RO          526    .constdata          co_cobhandler.o
    0x0800621c   0x00000024   Data   RO          613    .constdata          co_commtask.o
    0x08006240   0x000000d0   Data   RO         1651    .constdata          co_sdoserv.o
    0x08006310   0x00000031   Data   RO         1864    .constdata          co_led.o
    0x08006341   0x00000003   PAD
    0x08006344   0x00000020   Data   RO         2655    Region$$Table       anon$$obj.o


    Execution Region RW_IRAM1 (Base: 0x20000000, Size: 0x00000ab8, Max: 0x00005000, ABSOLUTE, COMPRESSED[0x0000001c])

    Base Addr    Size         Type   Attr      Idx    E Section Name        Object

    0x20000000   0x00000010   Data   RW          220    .data               gen_objdict.o
    0x20000010   0x0000000e   Data   RW          278    .data               codrv_bxcan.o
    0x2000001e   0x00000006   Data   RW          373    .data               codrv_error.o
    0x20000024   0x00000002   Data   RW          527    .data               co_cobhandler.o
    0x20000026   0x00000002   PAD
    0x20000028   0x00000010   Data   RW          614    .data               co_commtask.o
    0x20000038   0x00000019   Data   RW          701    .data               co_emcy.o
    0x20000051   0x00000003   PAD
    0x20000054   0x0000000b   Data   RW          786    .data               co_errctrl.o
    0x2000005f   0x00000001   PAD
    0x20000060   0x00000014   Data   RW          894    .data               co_nmt.o
    0x20000074   0x00000080   Data   RW         1012    .data               co_odaccess.o
    0x200000f4   0x00000014   Data   RW         1278    .data               co_pdo.o
    0x20000108   0x00000011   Data   RW         1531    .data               co_queue.o
    0x20000119   0x00000003   PAD
    0x2000011c   0x00000014   Data   RW         1652    .data               co_sdoserv.o
    0x20000130   0x0000000c   Data   RW         1804    .data               co_timer.o
    0x2000013c   0x00000024   Data   RW         1865    .data               co_led.o
    0x20000160   0x00000004   Data   RW         1935    .data               co_event.o
    0x20000164   0x00000014   Data   RW         2591    .data               system_stm32f10x.o
    0x20000178   0x0000000c   Zero   RW          218    .bss                gen_objdict.o
    0x20000184   0x00000180   Zero   RW          525    .bss                co_cobhandler.o
    0x20000304   0x00000040   Zero   RW          785    .bss                co_errctrl.o
    0x20000344   0x00000090   Zero   RW         1277    .bss                co_pdo.o
    0x200003d4   0x000002a8   Zero   RW         1530    .bss                co_queue.o
    0x2000067c   0x00000024   Zero   RW         1650    .bss                co_sdoserv.o
    0x200006a0   0x00000018   Zero   RW         1863    .bss                co_led.o
    0x200006b8   0x00000400   Zero   RW         2577    STACK               startup_stm32f10x_md_1.o


==============================================================================

Image component sizes


      Code (inc. data)   RO Data    RW Data    ZI Data      Debug   Object Name

       816         74         64          2        384       8766   co_cobhandler.o
       682        116         36         16          0       8302   co_commtask.o
       846        122          0         25          0       7311   co_emcy.o
      1300        120          0         11         64      10384   co_errctrl.o
        56          8          0          4          0       1563   co_event.o
       840        140         49         36         24       7044   co_led.o
       778         94          0         20          0       6998   co_nmt.o
      5244        776          0        128          0      19676   co_odaccess.o
      4334        196          0         20        144      32001   co_pdo.o
      1374        158          0         17        680      10804   co_queue.o
      2988        136        208         20         36      19728   co_sdoserv.o
        70          0          0          0          0       1244   co_stackinit.o
         6          0          0          0          0        506   co_store.o
       476         48          0         12          0       4951   co_timer.o
      1510        128         88         14          0      11172   codrv_bxcan.o
       224          4          0          6          0       2327   codrv_error.o
       526         34          0          0          0      29989   cpu_stm32f1_keil.o
       212         30        692         16         12       1914   gen_objdict.o
       418         60          0          0          0      19035   main.o
        20         10          0          0          0        567   misc.o
         0          0          0          0          0     214928   setup.o
        36          8        236          0       1024        812   startup_stm32f10x_md_1.o
       438          6          0          0          0       3580   stm32f10x_gpio.o
        96         18          0          0          0       1875   stm32f10x_rcc.o
       492         50          0         20          0       2901   system_stm32f10x.o

    ----------------------------------------------------------------------
     23818       2336       1408        376       2368     428378   Object Totals
         0          0         32          0          0          0   (incl. Generated)
        36          0          3          9          0          0   (incl. Padding)

    ----------------------------------------------------------------------

      Code (inc. data)   RO Data    RW Data    ZI Data      Debug   Library Member Name

        58          0          0          0          0          0   __dczerorl.o
         0          0          0          0          0          0   entry.o
         0          0          0          0          0          0   entry10a.o
         0          0          0          0          0          0   entry11a.o
         8          4          0          0          0          0   entry2.o
         4          0          0          0          0          0   entry5.o
         0          0          0          0          0          0   entry7b.o
         0          0          0          0          0          0   entry8b.o
         8          4          0          0          0          0   entry9a.o
        30          0          0          0          0          0   handlers.o
        36          8          0          0          0         68   init.o
        36          0          0          0          0         68   memcpya.o
        36          0          0          0          0        108   memseta.o

    ----------------------------------------------------------------------
       218         16          0          0          0        244   Library Totals
         2          0          0          0          0          0   (incl. Padding)

    ----------------------------------------------------------------------

      Code (inc. data)   RO Data    RW Data    ZI Data      Debug   Library Name

       216         16          0          0          0        244   mc_w.l

    ----------------------------------------------------------------------
       218         16          0          0          0        244   Library Totals

    ----------------------------------------------------------------------

==============================================================================


      Code (inc. data)   RO Data    RW Data    ZI Data      Debug   

     24036       2352       1408        376       2368     416478   Grand Totals
     24036       2352       1408         28       2368     416478   ELF Image Totals (compressed)
     24036       2352       1408         28          0          0   ROM Totals

==============================================================================

    Total RO  Size (Code + RO Data)                25444 (  24.85kB)
    Total RW  Size (RW Data + ZI Data)              2744 (   2.68kB)
    Total ROM Size (Code + RO Data + RW Data)      25472 (  24.88kB)

==============================================================================

