Component: ARM Compiler 5.05 update 1 (build 106) Tool: armlink [4d0efa]

==============================================================================

Section Cross References

    setup.o(i.SetupKBD) refers to stm32f10x_rcc.o(i.RCC_APB2PeriphClockCmd) for RCC_APB2PeriphClockCmd
    setup.o(i.SetupKBD) refers to stm32f10x_gpio.o(i.GPIO_Init) for GPIO_Init
    setup.o(i.SetupLED) refers to stm32f10x_rcc.o(i.RCC_APB2PeriphClockCmd) for RCC_APB2PeriphClockCmd
    setup.o(i.SetupLED) refers to stm32f10x_gpio.o(i.GPIO_Init) for GPIO_Init
    main.o(i.canopen_task) refers to codrv_bxcan.o(i.codrvCanInit) for codrvCanInit
    main.o(i.canopen_task) refers to cpu_stm32f1_rtx_keil.o(i.codrvTimerSetup) for codrvTimerSetup
    main.o(i.canopen_task) refers to gen_objdict.o(i.coCanOpenStackInit) for coCanOpenStackInit
    main.o(i.canopen_task) refers to co_nmt.o(i.coEventRegister_NMT) for coEventRegister_NMT
    main.o(i.canopen_task) refers to co_errctrl.o(i.coEventRegister_ERRCTRL) for coEventRegister_ERRCTRL
    main.o(i.canopen_task) refers to co_sdoserv.o(i.coEventRegister_SDO_SERVER_READ) for coEventRegister_SDO_SERVER_READ
    main.o(i.canopen_task) refers to co_sdoserv.o(i.coEventRegister_SDO_SERVER_CHECK_WRITE) for coEventRegister_SDO_SERVER_CHECK_WRITE
    main.o(i.canopen_task) refers to co_sdoserv.o(i.coEventRegister_SDO_SERVER_WRITE) for coEventRegister_SDO_SERVER_WRITE
    main.o(i.canopen_task) refers to co_pdo.o(i.coEventRegister_PDO) for coEventRegister_PDO
    main.o(i.canopen_task) refers to co_pdo.o(i.coEventRegister_PDO_REC_EVENT) for coEventRegister_PDO_REC_EVENT
    main.o(i.canopen_task) refers to co_led.o(i.coEventRegister_LED_GREEN) for coEventRegister_LED_GREEN
    main.o(i.canopen_task) refers to co_led.o(i.coEventRegister_LED_RED) for coEventRegister_LED_RED
    main.o(i.canopen_task) refers to co_commtask.o(i.coEventRegister_CAN_STATE) for coEventRegister_CAN_STATE
    main.o(i.canopen_task) refers to co_commtask.o(i.coEventRegister_COMM_EVENT) for coEventRegister_COMM_EVENT
    main.o(i.canopen_task) refers to codrv_bxcan.o(i.codrvCanEnable) for codrvCanEnable
    main.o(i.canopen_task) refers to co_emcy.o(i.coEmcyWriteReq) for coEmcyWriteReq
    main.o(i.canopen_task) refers to co_queue.o(i.coQueueReceiveMessageAvailable) for coQueueReceiveMessageAvailable
    main.o(i.canopen_task) refers to rt_cmsis.o(i.osSignalWait) for osSignalWait
    main.o(i.canopen_task) refers to co_commtask.o(i.coCommTask) for coCommTask
    main.o(i.canopen_task) refers to main.o(i.nmtInd) for nmtInd
    main.o(i.canopen_task) refers to main.o(i.hbState) for hbState
    main.o(i.canopen_task) refers to main.o(i.sdoServerReadInd) for sdoServerReadInd
    main.o(i.canopen_task) refers to main.o(i.sdoServerCheckWriteInd) for sdoServerCheckWriteInd
    main.o(i.canopen_task) refers to main.o(i.sdoServerWriteInd) for sdoServerWriteInd
    main.o(i.canopen_task) refers to main.o(i.pdoInd) for pdoInd
    main.o(i.canopen_task) refers to main.o(i.pdoRecEvent) for pdoRecEvent
    main.o(i.canopen_task) refers to main.o(i.ledGreenInd) for ledGreenInd
    main.o(i.canopen_task) refers to main.o(i.ledRedInd) for ledRedInd
    main.o(i.canopen_task) refers to main.o(i.canInd) for canInd
    main.o(i.canopen_task) refers to main.o(i.commInd) for commInd
    main.o(i.main) refers to rt_cmsis.o(i.osKernelInitialize) for osKernelInitialize
    main.o(i.main) refers to cpu_stm32f1_rtx_keil.o(i.codrvHardwareInit) for codrvHardwareInit
    main.o(i.main) refers to rt_cmsis.o(i.osThreadCreate) for osThreadCreate
    main.o(i.main) refers to rt_cmsis.o(i.osMutexCreate) for osMutexCreate
    main.o(i.main) refers to rt_cmsis.o(i.osKernelStart) for osKernelStart
    main.o(i.main) refers to main.o(.constdata) for .constdata
    main.o(i.main) refers to main.o(.data) for .data
    main.o(.constdata) refers to main.o(.bss) for os_mutex_cb_canopenOdLock
    main.o(.constdata) refers to main.o(i.canopen_task) for canopen_task
    main.o(.constdata) refers to main.o(i.idle_task) for idle_task
    gen_objdict.o(i.coCanOpenStackInit) refers to memcpya.o(.text) for __aeabi_memcpy4
    gen_objdict.o(i.coCanOpenStackInit) refers to co_stackinit.o(i.coCanOpenStackVarInit) for coCanOpenStackVarInit
    gen_objdict.o(i.coCanOpenStackInit) refers to co_odaccess.o(i.coOdInitOdPtr) for coOdInitOdPtr
    gen_objdict.o(i.coCanOpenStackInit) refers to co_timer.o(i.coTimerInit) for coTimerInit
    gen_objdict.o(i.coCanOpenStackInit) refers to co_led.o(i.coLedInit) for coLedInit
    gen_objdict.o(i.coCanOpenStackInit) refers to co_sdoserv.o(i.coSdoServerInit) for coSdoServerInit
    gen_objdict.o(i.coCanOpenStackInit) refers to co_errctrl.o(i.coErrorCtrlInit) for coErrorCtrlInit
    gen_objdict.o(i.coCanOpenStackInit) refers to co_emcy.o(i.coEmcyProducerInit) for coEmcyProducerInit
    gen_objdict.o(i.coCanOpenStackInit) refers to co_pdo.o(i.coPdoTransmitInit) for coPdoTransmitInit
[...]
    pInhibitList                             0x20000110   Data           4  co_queue.o(.data)
    pTransmitList                            0x20000114   Data           4  co_queue.o(.data)
    .data                                    0x20000118   Section       16  co_sdoserv.o(.data)
    sdoServerCnt                             0x20000118   Data           1  co_sdoserv.o(.data)
    sdoServerReadTableCnt                    0x20000119   Data           1  co_sdoserv.o(.data)
    sdoServerWriteTableCnt                   0x2000011a   Data           1  co_sdoserv.o(.data)
    sdoServerCheckWriteTableCnt              0x2000011b   Data           1  co_sdoserv.o(.data)
    sdoServerReadTable                       0x2000011c   Data           4  co_sdoserv.o(.data)
    sdoServerWriteTable                      0x20000120   Data           4  co_sdoserv.o(.data)
    sdoServerCheckWriteTable                 0x20000124   Data           4  co_sdoserv.o(.data)
    .data                                    0x20000128   Section       12  co_timer.o(.data)
    timerInterVal                            0x20000128   Data           4  co_timer.o(.data)
    pCoTimer                                 0x2000012c   Data           4  co_timer.o(.data)
    actTick                                  0x20000130   Data           4  co_timer.o(.data)
    .data                                    0x20000134   Section       32  co_led.o(.data)
    ledTimerOn                               0x20000134   Data           1  co_led.o(.data)
    ledCnt                                   0x20000135   Data           1  co_led.o(.data)
    ledGreenTableCnt                         0x20000136   Data           1  co_led.o(.data)
    ledRedTableCnt                           0x20000137   Data           1  co_led.o(.data)
    saveStates                               0x20000138   Data           4  co_led.o(.data)
    ledGreenTable                            0x2000013c   Data           4  co_led.o(.data)
    ledRedTable                              0x20000140   Data           4  co_led.o(.data)
    ledGreen                                 0x20000144   Data           8  co_led.o(.data)
    ledRed                                   0x2000014c   Data           8  co_led.o(.data)
    .data                                    0x20000154   Section        4  co_event.o(.data)
    pCoEvent                                 0x20000154   Data           4  co_event.o(.data)
    .data                                    0x20000158   Section        4  rtx_conf_cm.o(.data)
    .data                                    0x2000015c   Section       16  rtx_conf_cm.o(.data)
    .data                                    0x2000016c   Section        4  rtx_conf_cm.o(.data)
    .data                                    0x20000170   Section        4  rtx_conf_cm.o(.data)
    .data                                    0x20000174   Section        8  rt_cmsis.o(.data)
    .data                                    0x2000017c   Section        8  rt_task.o(.data)
    .data                                    0x20000184   Section        8  rt_system.o(.data)
    os_lock                                  0x20000184   Data           1  rt_system.o(.data)
    os_psh_flag                              0x20000185   Data           1  rt_system.o(.data)
    pend_flags                               0x20000186   Data           1  rt_system.o(.data)
    .data                                    0x2000018c   Section        4  rt_time.o(.data)
    .data                                    0x20000190   Section        1  hal_cm.o(.data)
    .data                                    0x20000194   Section        8  rt_robin.o(.data)
    .bss                                     0x2000019c   Section       16  main.o(.bss)
    .bss                                     0x200001ac   Section       20  cpu_stm32f1_rtx_keil.o(.bss)
    .bss                                     0x200001c0   Section      384  co_cobhandler.o(.bss)
    cobData                                  0x200001c0   Data         384  co_cobhandler.o(.bss)
    .bss                                     0x20000340   Section       64  co_errctrl.o(.bss)
    hbProdTimer                              0x20000340   Data          24  co_errctrl.o(.bss)
    hbConsumer                               0x20000358   Data          40  co_errctrl.o(.bss)
    .bss                                     0x20000380   Section      152  co_pdo.o(.bss)
    pdoTransmit                              0x20000380   Data          60  co_pdo.o(.bss)
    pdoReceive                               0x200003bc   Data          64  co_pdo.o(.bss)
    mapTablesTrPDO                           0x200003fc   Data          28  co_pdo.o(.bss)
    .bss                                     0x20000418   Section      680  co_queue.o(.bss)
    recDataBuffer                            0x20000418   Data         320  co_queue.o(.bss)
    trDataBuffer                             0x20000558   Data         360  co_queue.o(.bss)
    .bss                                     0x200006c0   Section       40  co_sdoserv.o(.bss)
    sdoServer                                0x200006c0   Data          40  co_sdoserv.o(.bss)
    .bss                                     0x200006e8   Section       24  co_led.o(.bss)
    ledTimer                                 0x200006e8   Data          24  co_led.o(.bss)
    .bss                                     0x20000700   Section       32  rtx_conf_cm.o(.bss)
    .bss                                     0x20000720   Section      376  rtx_conf_cm.o(.bss)
    .bss                                     0x20000898   Section     1016  rtx_conf_cm.o(.bss)
    .bss                                     0x20000c90   Section     3312  rtx_conf_cm.o(.bss)
    .bss                                     0x20001980   Section      132  rtx_conf_cm.o(.bss)
    .bss                                     0x20001a04   Section       28  rtx_conf_cm.o(.bss)
    .bss                                     0x20001a20   Section       52  rt_task.o(.bss)
    .bss                                     0x20001a54   Section       48  rt_list.o(.bss)
    STACK                                    0x20001a88   Section     1024  startup_stm32f10x_md.o(STACK)

    Global Symbols

    Symbol Name                              Value     Ov Type        Size  Object(Section)

    BuildAttributes$$THM_ISAv4$P$D$K$B$S$PE$A:L22UL41UL21$X:L11$S22US41US21$IEEE1$IW$USESV6$~STKCKD$USESV7$~SHL$OSPACE$EBA8$MICROLIB$REQ8$PRES8$EABIv2 0x00000000   Number         0  anon$$obj.o ABSOLUTE
    __ARM_use_no_argv                        0x00000000   Number         0  main.o ABSOLUTE
    __cpp_initialize__aeabi_                  - Undefined Weak Reference
    __cxa_finalize                            - Undefined Weak Reference
    _clock_init                               - Undefined Weak Reference
    _microlib_exit                            - Undefined Weak Reference
    __Vectors_Size                           0x000000ec   Number         0  startup_stm32f10x_md.o ABSOLUTE
    __RL_RTX_VER                             0x00000473   Number         0  rt_system.o ABSOLUTE
    __Vectors                                0x08000000   Data           4  startup_stm32f10x_md.o(RESET)
    __Vectors_End                            0x080000ec   Data           0  startup_stm32f10x_md.o(RESET)
    __main                                   0x080000ed   Thumb Code     0  entry.o(.ARM.Collect$$$$00000000)
    _main_stk                                0x080000ed   Thumb Code     0  entry2.o(.ARM.Collect$$$$00000001)
    _main_scatterload                        0x080000f1   Thumb Code     0  entry5.o(.ARM.Collect$$$$00000004)
    __main_after_scatterload                 0x080000f5   Thumb Code     0  entry5.o(.ARM.Collect$$$$00000004)
    __rt_final_cpp                           0x080000f5   Thumb Code     0  entry10a.o(.ARM.Collect$$$$0000000D)
    __rt_final_exit                          0x080000f5   Thumb Code     0  entry11a.o(.ARM.Collect$$$$0000000F)
    _main_clock                              0x080000f5   Thumb Code     0  entry7b.o(.ARM.Collect$$$$00000008)
    _main_cpp_init                           0x080000f5   Thumb Code     0  entry8b.o(.ARM.Collect$$$$0000000A)
    _main_init                               0x080000f5   Thumb Code    18  rtx_conf_cm.o(.ARM.Collect$$$$000000FF)
    rt_set_PSP                               0x08000111   Thumb Code     6  hal_cm3.o(.emb_text)
    rt_get_PSP                               0x08000117   Thumb Code     6  hal_cm3.o(.emb_text)
    os_set_env                               0x0800011d   Thumb Code    24  hal_cm3.o(.emb_text)
    _alloc_box                               0x08000139   Thumb Code    28  hal_cm3.o(.emb_text)
    _free_box                                0x08000159   Thumb Code    28  hal_cm3.o(.emb_text)
    SVC_Handler                              0x08000179   Thumb Code   108  hal_cm3.o(.emb_text)
    PendSV_Handler                           0x080001f1   Thumb Code    56  hal_cm3.o(.emb_text)
    SysTick_Handler                          0x0800022d   Thumb Code     8  hal_cm3.o(.emb_text)
    OS_Tick_Handler                          0x08000235   Thumb Code    12  hal_cm3.o(.emb_text)
    Reset_Handler                            0x08000241   Thumb Code     8  startup_stm32f10x_md.o(.text)
    NMI_Handler                              0x08000249   Thumb Code     2  startup_stm32f10x_md.o(.text)
    HardFault_Handler                        0x0800024b   Thumb Code     2  startup_stm32f10x_md.o(.text)
    MemManage_Handler                        0x0800024d   Thumb Code     2  startup_stm32f10x_md.o(.text)
    BusFault_Handler                         0x0800024f   Thumb Code     2  startup_stm32f10x_md.o(.text)
    UsageFault_Handler                       0x08000251   Thumb Code     2  startup_stm32f10x_md.o(.text)
    DebugMon_Handler                         0x08000255   Thumb Code     2  startup_stm32f10x_md.o(.text)
    ADC1_2_IRQHandler                        0x0800025b   Thumb Code     0  startup_stm32f10x_md.o(.text)
    CAN1_SCE_IRQHandler                      0x0800025b   Thumb Code     0  startup_stm32f10x_md.o(.text)
    DMA1_Channel1_IRQHandler                 0x0800025b   Thumb Code     0  startup_stm32f10x_md.o(.text)
    DMA1_Channel2_IRQHandler                 0x0800025b   Thumb Code     0  startup_stm32f10x_md.o(.text)
    DMA1_Channel3_IRQHandler                 0x0800025b   Thumb Code     0  startup_stm32f10x_md.o(.text)
    DMA1_Channel4_IRQHandler                 0x0800025b   Thumb Code     0  startup_stm32f10x_md.o(.text)
    DMA1_Channel5_IRQHandler                 0x0800025b   Thumb Code     0  startup_stm32f10x_md.o(.text)
    DMA1_Channel6_IRQHandler                 0x0800025b   Thumb Code     0  startup_stm32f10x_md.o(.text)
    DMA1_Channel7_IRQHandler                 0x0800025b   Thumb Code     0  startup_stm32f10x_md.o(.text)
    EXTI0_IRQHandler                         0x0800025b   Thumb Code     0  startup_stm32f10x_md.o(.text)
    EXTI15_10_IRQHandler                     0x0800025b   Thumb Code     0  startup_stm32f10x_md.o(.text)
    EXTI1_IRQHandler                         0x0800025b   Thumb Code     0  startup_stm32f10x_md.o(.text)
    EXTI2_IRQHandler                         0x0800025b   Thumb Code     0  startup_stm32f10x_md.o(.text)
    EXTI3_IRQHandler                         0x0800025b   Thumb Code     0  startup_stm32f10x_md.o(.text)
    EXTI4_IRQHandler                         0x0800025b   Thumb Code     0  startup_stm32f10x_md.o(.text)
    EXTI9_5_IRQHandler                       0x0800025b   Thumb Code     0  startup_stm32f10x_md.o(.text)
    FLASH_IRQHandler                         0x0800025b   Thumb Code     0  startup_stm32f10x_md.o(.text)
    I2C1_ER_IRQHandler                       0x0800025b   Thumb Code     0  startup_stm32f10x_md.o(.text)
    I2C1_EV_IRQHandler                       0x0800025b   Thumb Code     0  startup_stm32f10x_md.o(.text)
    I2C2_ER_IRQHandler                       0x0800025b   Thumb Code     0  startup_stm32f10x_md.o(.text)
    I2C2_EV_IRQHandler                       0x0800025b   Thumb Code     0  startup_stm32f10x_md.o(.text)
    PVD_IRQHandler                           0x0800025b   Thumb Code     0  startup_stm32f10x_md.o(.text)
    RCC_IRQHandler                           0x0800025b   Thumb Code     0  startup_stm32f10x_md.o(.text)
    RTCAlarm_IRQHandler                      0x0800025b   Thumb Code     0  startup_stm32f10x_md.o(.text)
    RTC_IRQHandler                           0x0800025b   Thumb Code     0  startup_stm32f10x_md.o(.text)
    SPI1_IRQHandler                          0x0800025b   Thumb Code     0  startup_stm32f10x_md.o(.text)
    SPI2_IRQHandler                          0x0800025b   Thumb Code     0  startup_stm32f10x_md.o(.text)
    TAMPER_IRQHandler                        0x0800025b   Thumb Code     0  startup_stm32f10x_md.o(.text)
    TIM1_BRK_IRQHandler                      0x0800025b   Thumb Code     0  startup_stm32f10x_md.o(.text)
    TIM1_CC_IRQHandler                       0x0800025b   Thumb Code     0  startup_stm32f10x_md.o(.text)
    TIM1_TRG_COM_IRQHandler                  0x0800025b   Thumb Code     0  startup_stm32f10x_md.o(.text)
    TIM1_UP_IRQHandler                       0x0800025b   Thumb Code     0  startup_stm32f10x_md.o(.text)
    TIM2_IRQHandler                          0x0800025b   Thumb Code     0  startup_stm32f10x_md.o(.text)
    TIM3_IRQHandler                          0x0800025b   Thumb Code     0  startup_stm32f10x_md.o(.text)
    TIM4_IRQHandler                          0x0800025b   Thumb Code     0  startup_stm32f10x_md.o(.text)
    USART1_IRQHandler                        0x0800025b   Thumb Code     0  startup_stm32f10x_md.o(.text)
    USART2_IRQHandler                        0x0800025b   Thumb Code     0  startup_stm32f10x_md.o(.text)
    USART3_IRQHandler                        0x0800025b   Thumb Code     0  startup_stm32f10x_md.o(.text)
    USBWakeUp_IRQHandler                     0x0800025b   Thumb Code     0  startup_stm32f10x_md.o(.text)
    WWDG_IRQHandler                          0x0800025b   Thumb Code     0  startup_stm32f10x_md.o(.text)
    __aeabi_memcpy                           0x08000265   Thumb Code    36  memcpya.o(.text)
    __aeabi_memcpy4                          0x08000265   Thumb Code     0  memcpya.o(.text)
    __aeabi_memcpy8                          0x08000265   Thumb Code     0  memcpya.o(.text)
    __aeabi_memset                           0x08000289   Thumb Code    14  memseta.o(.text)
    __aeabi_memset4                          0x08000289   Thumb Code     0  memseta.o(.text)
    __aeabi_memset8                          0x08000289   Thumb Code     0  memseta.o(.text)
    __aeabi_memclr                           0x08000297   Thumb Code     4  memseta.o(.text)
    __aeabi_memclr4                          0x08000297   Thumb Code     0  memseta.o(.text)
    __aeabi_memclr8                          0x08000297   Thumb Code     0  memseta.o(.text)
    _memset$wrapper                          0x0800029b   Thumb Code    18  memseta.o(.text)
    __scatterload                            0x080002ad   Thumb Code    28  init.o(.text)
    __scatterload_rt2                        0x080002ad   Thumb Code     0  init.o(.text)
    __decompress                             0x080002d1   Thumb Code     0  __dczerorl.o(.text)
    __decompress0                            0x080002d1   Thumb Code    58  __dczerorl.o(.text)
    SVC_Count                                0x0800030c   Data           4  svc_table.o(SVC_TABLE)
    CAN1_RX1_IRQHandler                      0x08000311   Thumb Code     4  cpu_stm32f1_rtx_keil.o(i.CAN1_RX1_IRQHandler)
    SVC_Table                                0x08000310   Data           0  svc_table.o(SVC_TABLE)
    GPIO_Init                                0x08000315   Thumb Code   156  stm32f10x_gpio.o(i.GPIO_Init)
    GPIO_PinRemapConfig                      0x080003b1   Thumb Code    82  stm32f10x_gpio.o(i.GPIO_PinRemapConfig)
    GPIO_StructInit                          0x08000409   Thumb Code    16  stm32f10x_gpio.o(i.GPIO_StructInit)
    NVIC_Configuration                       0x08000419   Thumb Code    64  cpu_stm32f1_rtx_keil.o(i.NVIC_Configuration)
    NVIC_PriorityGroupConfig                 0x08000479   Thumb Code    10  misc.o(i.NVIC_PriorityGroupConfig)
    RCC_APB1PeriphClockCmd                   0x080004ad   Thumb Code    18  stm32f10x_rcc.o(i.RCC_APB1PeriphClockCmd)
    RCC_APB1PeriphResetCmd                   0x080004c5   Thumb Code    18  stm32f10x_rcc.o(i.RCC_APB1PeriphResetCmd)
    RCC_APB2PeriphClockCmd                   0x080004dd   Thumb Code    18  stm32f10x_rcc.o(i.RCC_APB2PeriphClockCmd)
    SystemInit                               0x0800059d   Thumb Code    64  system_stm32f10x.o(i.SystemInit)
    USB_HP_CAN1_TX_IRQHandler                0x080005ed   Thumb Code     4  cpu_stm32f1_rtx_keil.o(i.USB_HP_CAN1_TX_IRQHandler)
    USB_LP_CAN1_RX0_IRQHandler               0x080005f1   Thumb Code     4  cpu_stm32f1_rtx_keil.o(i.USB_LP_CAN1_RX0_IRQHandler)
    __scatterload_copy                       0x080005f5   Thumb Code    14  handlers.o(i.__scatterload_copy)
    __scatterload_null                       0x08000603   Thumb Code     2  handlers.o(i.__scatterload_null)
    __scatterload_zeroinit                   0x08000605   Thumb Code    14  handlers.o(i.__scatterload_zeroinit)
    _init_box                                0x08000613   Thumb Code    70  rt_membox.o(i._init_box)
    canopen_task                             0x080006e9   Thumb Code   200  main.o(i.canopen_task)
    coCanOpenStackInit                       0x08000901   Thumb Code   152  gen_objdict.o(i.coCanOpenStackInit)
    coCanOpenStackVarInit                    0x0800099d   Thumb Code    72  co_stackinit.o(i.coCanOpenStackVarInit)
    coCommStateEvent                         0x080009e5   Thumb Code   216  co_commtask.o(i.coCommStateEvent)
    coCommTask                               0x08000ac5   Thumb Code    18  co_commtask.o(i.coCommTask)
    coCommTaskSet                            0x08000ad9   Thumb Code    26  co_commtask.o(i.coCommTaskSet)
    coEmcyProducerInit                       0x08000af9   Thumb Code    32  co_emcy.o(i.coEmcyProducerInit)
    coEmcyWriteReq                           0x08000b1d   Thumb Code   158  co_emcy.o(i.coEmcyWriteReq)
    coErrorCtrlInit                          0x08000bc1   Thumb Code    98  co_errctrl.o(i.coErrorCtrlInit)
    coEventRegister_CAN_STATE                0x08000c2d   Thumb Code    24  co_commtask.o(i.coEventRegister_CAN_STATE)
    coEventRegister_COMM_EVENT               0x08000c49   Thumb Code    24  co_commtask.o(i.coEventRegister_COMM_EVENT)
    coEventRegister_ERRCTRL                  0x08000c65   Thumb Code    24  co_errctrl.o(i.coEventRegister_ERRCTRL)
    coEventRegister_LED_GREEN                0x08000c81   Thumb Code    36  co_led.o(i.coEventRegister_LED_GREEN)
    coEventRegister_LED_RED                  0x08000ca9   Thumb Code    36  co_led.o(i.coEventRegister_LED_RED)
    coEventRegister_NMT                      0x08000cd1   Thumb Code    24  co_nmt.o(i.coEventRegister_NMT)
    coEventRegister_PDO                      0x08000ced   Thumb Code    24  co_pdo.o(i.coEventRegister_PDO)
    coEventRegister_PDO_REC_EVENT            0x08000d09   Thumb Code    24  co_pdo.o(i.coEventRegister_PDO_REC_EVENT)
    coEventRegister_SDO_SERVER_CHECK_WRITE   0x08000d25   Thumb Code    24  co_sdoserv.o(i.coEventRegister_SDO_SERVER_CHECK_WRITE)
    coEventRegister_SDO_SERVER_READ          0x08000d41   Thumb Code    24  co_sdoserv.o(i.coEventRegister_SDO_SERVER_READ)
    coEventRegister_SDO_SERVER_WRITE         0x08000d5d   Thumb Code    24  co_sdoserv.o(i.coEventRegister_SDO_SERVER_WRITE)
    coLedInit                                0x08000d79   Thumb Code    18  co_led.o(i.coLedInit)
    coLedSetGreen                            0x08000d8d   Thumb Code   102  co_led.o(i.coLedSetGreen)
    coLedSetRed                              0x08000dfd   Thumb Code   102  co_led.o(i.coLedSetRed)
    coLedSetState                            0x08000e6d   Thumb Code    68  co_led.o(i.coLedSetState)
    coNmtGetNodeId                           0x08000eb9   Thumb Code     6  co_nmt.o(i.coNmtGetNodeId)
    coNmtGetState                            0x08000ec5   Thumb Code     6  co_nmt.o(i.coNmtGetState)
    coNmtInit                                0x08000ed1   Thumb Code    52  co_nmt.o(i.coNmtInit)
    coNumMemcpy                              0x08000f09   Thumb Code    12  co_odaccess.o(i.coNumMemcpy)
    coNumMemcpyPack                          0x08000f15   Thumb Code    12  co_odaccess.o(i.coNumMemcpyPack)
    coNumMemcpyUnpack                        0x08000f21   Thumb Code     4  co_odaccess.o(i.coNumMemcpyUnpack)
    coOdGetDefaultVal_u16                    0x08000f25   Thumb Code    72  co_odaccess.o(i.coOdGetDefaultVal_u16)
    coOdGetDefaultVal_u32                    0x08000f71   Thumb Code    92  co_odaccess.o(i.coOdGetDefaultVal_u32)
    coOdGetDefaultVal_u8                     0x08000fd1   Thumb Code    84  co_odaccess.o(i.coOdGetDefaultVal_u8)
    coOdGetObjAttribute                      0x08001029   Thumb Code     4  co_odaccess.o(i.coOdGetObjAttribute)
    coOdGetObjDescPtr                        0x0800102d   Thumb Code    42  co_odaccess.o(i.coOdGetObjDescPtr)
    coOdGetObjSize                           0x0800105d   Thumb Code   220  co_odaccess.o(i.coOdGetObjSize)
    coOdInitOdPtr                            0x0800113d   Thumb Code   142  co_odaccess.o(i.coOdInitOdPtr)
    coPdoReceiveInit                         0x080011d1   Thumb Code   126  co_pdo.o(i.coPdoReceiveInit)
    coPdoReqNr                               0x08001259   Thumb Code    92  co_pdo.o(i.coPdoReqNr)
    coPdoTransmitInit                        0x080012b9   Thumb Code   242  co_pdo.o(i.coPdoTransmitInit)
    coQueueGetNextTransmitMessage            0x080013b5   Thumb Code    38  co_queue.o(i.coQueueGetNextTransmitMessage)
    coQueueGetReceiveBuffer                  0x080013e1   Thumb Code    36  co_queue.o(i.coQueueGetReceiveBuffer)
    coQueueInit                              0x0800140d   Thumb Code    48  co_queue.o(i.coQueueInit)
    coQueueMsgTransmitted                    0x08001445   Thumb Code     8  co_queue.o(i.coQueueMsgTransmitted)
    coQueueReceiveBufferIsFilled             0x0800144d   Thumb Code    30  co_queue.o(i.coQueueReceiveBufferIsFilled)
    coQueueReceiveMessageAvailable           0x08001471   Thumb Code    18  co_queue.o(i.coQueueReceiveMessageAvailable)
    coSdoServerInit                          0x08001489   Thumb Code    66  co_sdoserv.o(i.coSdoServerInit)
    coTimerInit                              0x080014d5   Thumb Code    12  co_timer.o(i.coTimerInit)
    coTimerIsActive                          0x080014e5   Thumb Code    24  co_timer.o(i.coTimerIsActive)
    coTimerStart                             0x08001501   Thumb Code    82  co_timer.o(i.coTimerStart)
    coTimerStop                              0x08001559   Thumb Code    40  co_timer.o(i.coTimerStop)
    coTimerTick                              0x08001585   Thumb Code    18  co_timer.o(i.coTimerTick)
    codrvCanDisable                          0x0800159d   Thumb Code    28  codrv_bxcan.o(i.codrvCanDisable)
    codrvCanDriverHandler                    0x080015c1   Thumb Code    14  codrv_bxcan.o(i.codrvCanDriverHandler)
    codrvCanEnable                           0x080015d1   Thumb Code    34  codrv_bxcan.o(i.codrvCanEnable)
    codrvCanErrorGetFlags                    0x080015f9   Thumb Code     4  codrv_error.o(i.codrvCanErrorGetFlags)
    codrvCanErrorInformStack                 0x0800168d   Thumb Code   182  codrv_error.o(i.codrvCanErrorInformStack)
    codrvCanErrorInit                        0x08001749   Thumb Code    16  codrv_error.o(i.codrvCanErrorInit)
    codrvCanInit                             0x0800175d   Thumb Code    10  codrv_bxcan.o(i.codrvCanInit)
    codrvCanReceiveInterrupt                 0x08001829   Thumb Code   176  codrv_bxcan.o(i.codrvCanReceiveInterrupt)
    codrvCanSetBitRate                       0x080018e5   Thumb Code    80  codrv_bxcan.o(i.codrvCanSetBitRate)
    codrvCanSetFilter                        0x08001941   Thumb Code   108  codrv_bxcan.o(i.codrvCanSetFilter)
    codrvCanSetTxInterrupt                   0x08001a0d   Thumb Code    14  cpu_stm32f1_rtx_keil.o(i.codrvCanSetTxInterrupt)
    codrvCanStartTransmission                0x08001a1d   Thumb Code    26  codrv_bxcan.o(i.codrvCanStartTransmission)
    codrvCanTransmitInterrupt                0x08001aad   Thumb Code    64  codrv_bxcan.o(i.codrvCanTransmitInterrupt)
    codrvHardwareCanInit                     0x08001afd   Thumb Code   114  cpu_stm32f1_rtx_keil.o(i.codrvHardwareCanInit)
    codrvHardwareInit                        0x08001b75   Thumb Code    14  cpu_stm32f1_rtx_keil.o(i.codrvHardwareInit)
    codrvTimerISR                            0x08001b85   Thumb Code    20  cpu_stm32f1_rtx_keil.o(i.codrvTimerISR)
    codrvTimerSetup                          0x08001b9d   Thumb Code    36  cpu_stm32f1_rtx_keil.o(i.codrvTimerSetup)
    dbg_init                                 0x08001bc9   Thumb Code    34  hal_cm.o(i.dbg_init)
    dbg_task_notify                          0x08001bf9   Thumb Code    32  hal_cm.o(i.dbg_task_notify)
    dbg_task_switch                          0x08001c19   Thumb Code    16  hal_cm.o(i.dbg_task_switch)
    icoCheckRestrictedCobs                   0x08001ca5   Thumb Code    48  co_cobhandler.o(i.icoCheckRestrictedCobs)
    icoCobCheck                              0x08001cd9   Thumb Code    76  co_cobhandler.o(i.icoCobCheck)
    icoCobCreate                             0x08001d2d   Thumb Code    58  co_cobhandler.o(i.icoCobCreate)
    icoCobDisable                            0x08001d71   Thumb Code    30  co_cobhandler.o(i.icoCobDisable)
    icoCobDisableAll                         0x08001d99   Thumb Code    26  co_cobhandler.o(i.icoCobDisableAll)
    icoCobGetPointer                         0x08001e05   Thumb Code    24  co_cobhandler.o(i.icoCobGetPointer)
    icoCobHandlerVarInit                     0x08001e25   Thumb Code     8  co_cobhandler.o(i.icoCobHandlerVarInit)
    icoCobSet                                0x08001e31   Thumb Code    80  co_cobhandler.o(i.icoCobSet)
    icoCobSetInhibit                         0x08001e89   Thumb Code    36  co_cobhandler.o(i.icoCobSetInhibit)
    icoCommTaskVarInit                       0x08001eb5   Thumb Code    16  co_commtask.o(i.icoCommTaskVarInit)
    icoEmcyCheckObjLimitCobid                0x08001ec9   Thumb Code    52  co_emcy.o(i.icoEmcyCheckObjLimitCobid)
    icoEmcyCheckObjLimitHist                 0x08001f01   Thumb Code    12  co_emcy.o(i.icoEmcyCheckObjLimitHist)
    icoEmcyGetObjectAddr                     0x08001f0d   Thumb Code    70  co_emcy.o(i.icoEmcyGetObjectAddr)
    icoEmcyObjChanged                        0x08001f59   Thumb Code    58  co_emcy.o(i.icoEmcyObjChanged)
    icoEmcyProducerSetDefaultValue           0x08001f99   Thumb Code    70  co_emcy.o(i.icoEmcyProducerSetDefaultValue)
    icoEmcyReset                             0x08001fe5   Thumb Code    14  co_emcy.o(i.icoEmcyReset)
    icoEmcyVarInit                           0x08001ff9   Thumb Code    20  co_emcy.o(i.icoEmcyVarInit)
    icoEmcyWriteReq                          0x08002011   Thumb Code    56  co_emcy.o(i.icoEmcyWriteReq)
    icoErrCtrlCheckObjLimit                  0x0800204d   Thumb Code    66  co_errctrl.o(i.icoErrCtrlCheckObjLimit)
    icoErrCtrlGetObjectAddr                  0x08002095   Thumb Code    46  co_errctrl.o(i.icoErrCtrlGetObjectAddr)
    icoErrCtrlObjChanged                     0x080020cd   Thumb Code    32  co_errctrl.o(i.icoErrCtrlObjChanged)
    icoErrorBehavior                         0x080020ed   Thumb Code    40  co_errctrl.o(i.icoErrorBehavior)
    icoErrorCtrlReset                        0x08002119   Thumb Code    70  co_errctrl.o(i.icoErrorCtrlReset)
    icoErrorCtrlSetDefaultValue              0x08002165   Thumb Code    96  co_errctrl.o(i.icoErrorCtrlSetDefaultValue)
    icoErrorCtrlVarInit                      0x080021cd   Thumb Code    36  co_errctrl.o(i.icoErrorCtrlVarInit)
    icoEventCheck                            0x080021f9   Thumb Code    32  co_event.o(i.icoEventCheck)
    icoEventInit                             0x0800221d   Thumb Code     8  co_event.o(i.icoEventInit)
    icoEventObjectChanged                    0x08002229   Thumb Code    92  co_odaccess.o(i.icoEventObjectChanged)
    icoHbProdStart                           0x08002285   Thumb Code    50  co_errctrl.o(i.icoHbProdStart)
    icoNmtErrorCtrlHandler                   0x080022c5   Thumb Code   204  co_errctrl.o(i.icoNmtErrorCtrlHandler)
    icoNmtMsgHandler                         0x08002399   Thumb Code   120  co_nmt.o(i.icoNmtMsgHandler)
    icoNmtPersistantNodeIdGet                0x08002415   Thumb Code    12  co_nmt.o(i.icoNmtPersistantNodeIdGet)
    icoNmtStateChange                        0x08002425   Thumb Code   130  co_nmt.o(i.icoNmtStateChange)
    icoNmtVarInit                            0x080024ad   Thumb Code    24  co_nmt.o(i.icoNmtVarInit)
    icoOdAccessVarInit                       0x080024c9   Thumb Code    64  co_odaccess.o(i.icoOdAccessVarInit)
    icoOdCheckObjLimits                      0x0800250d   Thumb Code   388  co_odaccess.o(i.icoOdCheckObjLimits)
    icoOdGetNumberOfSubs                     0x08002691   Thumb Code    40  co_odaccess.o(i.icoOdGetNumberOfSubs)
    icoOdGetObj                              0x080026bd   Thumb Code   128  co_odaccess.o(i.icoOdGetObj)
    icoOdGetObjRecMapData                    0x08002741   Thumb Code   130  co_odaccess.o(i.icoOdGetObjRecMapData)
    icoOdGetObjTrMapData                     0x080027c3   Thumb Code    74  co_odaccess.o(i.icoOdGetObjTrMapData)
    icoOdPutObj                              0x0800280d   Thumb Code   170  co_odaccess.o(i.icoOdPutObj)
    icoOdReset                               0x080028bd   Thumb Code   406  co_odaccess.o(i.icoOdReset)
    icoPdoOperational                        0x08002a59   Thumb Code    48  co_pdo.o(i.icoPdoOperational)
    icoPdoPreOperational                     0x08002a91   Thumb Code    34  co_pdo.o(i.icoPdoPreOperational)
    icoPdoReceiveHandler                     0x08002abd   Thumb Code   130  co_pdo.o(i.icoPdoReceiveHandler)
    icoPdoReset                              0x08002b4d   Thumb Code   144  co_pdo.o(i.icoPdoReset)
    icoPdoRtrHandler                         0x08002be5   Thumb Code    58  co_pdo.o(i.icoPdoRtrHandler)
    icoPdoSetDefaultValue                    0x08002c29   Thumb Code   382  co_pdo.o(i.icoPdoSetDefaultValue)
    icoPdoVarInit                            0x08002db1   Thumb Code    16  co_pdo.o(i.icoPdoVarInit)
    icoQueueDeleteInhibit                    0x08002dc5   Thumb Code    22  co_queue.o(i.icoQueueDeleteInhibit)
    icoQueueGetReceiveMessage                0x08002ddd   Thumb Code   134  co_queue.o(i.icoQueueGetReceiveMessage)
    icoQueueHandler                          0x08002e6d   Thumb Code   106  co_queue.o(i.icoQueueHandler)
    icoQueueVarInit                          0x08002ee1   Thumb Code    20  co_queue.o(i.icoQueueVarInit)
    icoRecMapCheckObjLimitMapEntry           0x08002ef9   Thumb Code    68  co_pdo.o(i.icoRecMapCheckObjLimitMapEntry)
    icoRecMapCheckObjLimitMapTable           0x08002f41   Thumb Code   118  co_pdo.o(i.icoRecMapCheckObjLimitMapTable)
    icoRecMapGetObjectAddr                   0x08002fbd   Thumb Code    42  co_pdo.o(i.icoRecMapGetObjectAddr)
    icoRecMapGetObjectAddr_R                 0x08002fed   Thumb Code    42  co_pdo.o(i.icoRecMapGetObjectAddr_R)
    icoRecPdoCheckObjLimitCobid              0x0800301d   Thumb Code    66  co_pdo.o(i.icoRecPdoCheckObjLimitCobid)
    icoRecPdoCheckObjLimit_u16               0x08003065   Thumb Code    52  co_pdo.o(i.icoRecPdoCheckObjLimit_u16)
    icoRecPdoCheckObjLimit_u8                0x0800309d   Thumb Code    58  co_pdo.o(i.icoRecPdoCheckObjLimit_u8)
    icoRecPdoGetObjectAddr                   0x080030dd   Thumb Code    76  co_pdo.o(i.icoRecPdoGetObjectAddr)
    icoRecPdoObjChanged                      0x0800312d   Thumb Code   102  co_pdo.o(i.icoRecPdoObjChanged)
    icoSdoCheckObjLimitCobId                 0x08003199   Thumb Code   102  co_sdoserv.o(i.icoSdoCheckObjLimitCobId)
    icoSdoCheckObjLimitNode                  0x08003205   Thumb Code    24  co_sdoserv.o(i.icoSdoCheckObjLimitNode)
    icoSdoCheckUserCheckWriteInd             0x0800321d   Thumb Code    92  co_sdoserv.o(i.icoSdoCheckUserCheckWriteInd)
    icoSdoCheckUserReadInd                   0x0800327d   Thumb Code    76  co_sdoserv.o(i.icoSdoCheckUserReadInd)
    icoSdoCheckUserWriteInd                  0x080032cd   Thumb Code    82  co_sdoserv.o(i.icoSdoCheckUserWriteInd)
    icoSdoGetObjectAddr                      0x08003325   Thumb Code    76  co_sdoserv.o(i.icoSdoGetObjectAddr)
    icoSdoObjChanged                         0x08003375   Thumb Code    74  co_sdoserv.o(i.icoSdoObjChanged)
    icoSdoServerAbort                        0x080033c5   Thumb Code   118  co_sdoserv.o(i.icoSdoServerAbort)
    icoSdoServerHandler                      0x08003441   Thumb Code   142  co_sdoserv.o(i.icoSdoServerHandler)
    icoSdoServerReset                        0x080034d9   Thumb Code    76  co_sdoserv.o(i.icoSdoServerReset)
    icoSdoServerSetDefaultValue              0x0800352d   Thumb Code    84  co_sdoserv.o(i.icoSdoServerSetDefaultValue)
    icoSdoServerVarInit                      0x08003589   Thumb Code    24  co_sdoserv.o(i.icoSdoServerVarInit)
    icoStoreLoadReq                          0x080035a9   Thumb Code     4  co_store.o(i.icoStoreLoadReq)
    icoTimerCheck                            0x080035ad   Thumb Code    94  co_timer.o(i.icoTimerCheck)
    icoTrMapCheckObjLimitMapEntry            0x08003611   Thumb Code    68  co_pdo.o(i.icoTrMapCheckObjLimitMapEntry)
    icoTrMapCheckObjLimitMapTable            0x08003659   Thumb Code    76  co_pdo.o(i.icoTrMapCheckObjLimitMapTable)
    icoTrMapGetObjectAddr                    0x080036a9   Thumb Code    46  co_pdo.o(i.icoTrMapGetObjectAddr)
    icoTrMapGetObjectAddr_R                  0x080036dd   Thumb Code    46  co_pdo.o(i.icoTrMapGetObjectAddr_R)
    icoTrPdoCheckObjLimitCobid               0x08003711   Thumb Code    70  co_pdo.o(i.icoTrPdoCheckObjLimitCobid)
    icoTrPdoCheckObjLimit_u16                0x0800375d   Thumb Code    56  co_pdo.o(i.icoTrPdoCheckObjLimit_u16)
    icoTrPdoCheckObjLimit_u8                 0x08003799   Thumb Code    66  co_pdo.o(i.icoTrPdoCheckObjLimit_u8)
    icoTrPdoGetObjectAddr                    0x080037e1   Thumb Code   102  co_pdo.o(i.icoTrPdoGetObjectAddr)
    icoTrPdoObjChanged                       0x0800384d   Thumb Code   150  co_pdo.o(i.icoTrPdoObjChanged)
    icoTransmitMessage                       0x080038e9   Thumb Code   344  co_queue.o(i.icoTransmitMessage)
    isr_evt_set                              0x08003a79   Thumb Code    34  rt_event.o(i.isr_evt_set)
    isr_mbx_receive                          0x08003aa1   Thumb Code    80  rt_mailbox.o(i.isr_mbx_receive)
    isr_mbx_send                             0x08003af1   Thumb Code    14  rt_mailbox.o(i.isr_mbx_send)
    main                                     0x08003be1   Thumb Code    40  main.o(i.main)
    osKernelInitialize                       0x08003f49   Thumb Code    30  rt_cmsis.o(i.osKernelInitialize)
    osKernelStart                            0x08003f6d   Thumb Code    98  rt_cmsis.o(i.osKernelStart)
    osMessageGet                             0x08003fd9   Thumb Code    62  rt_cmsis.o(i.osMessageGet)
    osMutexCreate                            0x0800401d   Thumb Code    38  rt_cmsis.o(i.osMutexCreate)
    osMutexRelease                           0x0800404d   Thumb Code    18  rt_cmsis.o(i.osMutexRelease)
    osMutexWait                              0x08004065   Thumb Code    18  rt_cmsis.o(i.osMutexWait)
    osSignalSet                              0x0800407d   Thumb Code    48  rt_cmsis.o(i.osSignalSet)
    osSignalWait                             0x080040b1   Thumb Code    18  rt_cmsis.o(i.osSignalWait)
    osThreadCreate                           0x080040c9   Thumb Code    38  rt_cmsis.o(i.osThreadCreate)
    osThreadExit                             0x080040f9   Thumb Code    14  rt_cmsis.o(i.osThreadExit)
    osTimerCall                              0x08004111   Thumb Code     8  rt_cmsis.o(i.osTimerCall)
    osTimerCreate                            0x0800411d   Thumb Code    44  rt_cmsis.o(i.osTimerCreate)
    osTimerStart                             0x08004151   Thumb Code    18  rt_cmsis.o(i.osTimerStart)
    osTimerThread                            0x08004169   Thumb Code    38  rt_cmsis.o(i.osTimerThread)
    os_error                                 0x08004195   Thumb Code    16  rtx_conf_cm.o(i.os_error)
    os_idle_demon                            0x080041a5   Thumb Code     2  rtx_conf_cm.o(i.os_idle_demon)
    os_tick_init                             0x080041a9   Thumb Code    32  rt_system.o(i.os_tick_init)
    os_tick_irqack                           0x080041d1   Thumb Code     2  rt_system.o(i.os_tick_irqack)
    rt_alloc_box                             0x080042f7   Thumb Code    26  rt_membox.o(i.rt_alloc_box)
    rt_alloc_mem                             0x08004311   Thumb Code    60  rt_memory.o(i.rt_alloc_mem)
    rt_block                                 0x0800434d   Thumb Code    48  rt_task.o(i.rt_block)
    rt_chk_robin                             0x08004385   Thumb Code    60  rt_robin.o(i.rt_chk_robin)
    rt_dec_dly                               0x080043cd   Thumb Code   102  rt_list.o(i.rt_dec_dly)
    rt_dispatch                              0x0800443d   Thumb Code    60  rt_task.o(i.rt_dispatch)
    rt_evt_psh                               0x08004481   Thumb Code    76  rt_event.o(i.rt_evt_psh)
    rt_evt_set                               0x080044d1   Thumb Code    88  rt_event.o(i.rt_evt_set)
    rt_evt_wait                              0x0800452d   Thumb Code    56  rt_event.o(i.rt_evt_wait)
    rt_free_box                              0x08004569   Thumb Code    32  rt_membox.o(i.rt_free_box)
    rt_free_mem                              0x08004589   Thumb Code    40  rt_memory.o(i.rt_free_mem)
    rt_get_first                             0x080045b1   Thumb Code    40  rt_list.o(i.rt_get_first)
    rt_init_mem                              0x08004629   Thumb Code    26  rt_memory.o(i.rt_init_mem)
    rt_init_robin                            0x08004645   Thumb Code    14  rt_robin.o(i.rt_init_robin)
    rt_init_stack                            0x0800465d   Thumb Code    70  hal_cm.o(i.rt_init_stack)
    rt_mbx_check                             0x080046ad   Thumb Code     8  rt_mailbox.o(i.rt_mbx_check)
    rt_mbx_init                              0x080046b5   Thumb Code    28  rt_mailbox.o(i.rt_mbx_init)
    rt_mbx_psh                               0x080046d1   Thumb Code   234  rt_mailbox.o(i.rt_mbx_psh)
    rt_mbx_wait                              0x080047c1   Thumb Code   172  rt_mailbox.o(i.rt_mbx_wait)
    rt_mut_init                              0x080048ad   Thumb Code    16  rt_mutex.o(i.rt_mut_init)
    rt_mut_release                           0x080048bd   Thumb Code   208  rt_mutex.o(i.rt_mut_release)
    rt_mut_wait                              0x08004995   Thumb Code   100  rt_mutex.o(i.rt_mut_wait)
    rt_pop_req                               0x080049fd   Thumb Code   110  rt_system.o(i.rt_pop_req)
    rt_psh_req                               0x08004a79   Thumb Code    22  rt_system.o(i.rt_psh_req)
    rt_psq_enq                               0x08004a99   Thumb Code    82  rt_list.o(i.rt_psq_enq)
    rt_put_dly                               0x08004af1   Thumb Code    68  rt_list.o(i.rt_put_dly)
    rt_put_prio                              0x08004b39   Thumb Code    54  rt_list.o(i.rt_put_prio)
    rt_put_rdy_first                         0x08004b71   Thumb Code    14  rt_list.o(i.rt_put_rdy_first)
    rt_resort_prio                           0x08004b85   Thumb Code    46  rt_list.o(i.rt_resort_prio)
    rt_ret_val                               0x08004bb9   Thumb Code     6  hal_cm.o(i.rt_ret_val)
    rt_ret_val2                              0x08004bbf   Thumb Code     8  hal_cm.o(i.rt_ret_val2)
    rt_rmv_dly                               0x08004bc7   Thumb Code    40  rt_list.o(i.rt_rmv_dly)
    rt_rmv_list                              0x08004bf1   Thumb Code    44  rt_list.o(i.rt_rmv_list)
    rt_sem_psh                               0x08004c21   Thumb Code    48  rt_semaphore.o(i.rt_sem_psh)
    rt_stk_check                             0x08004c55   Thumb Code    28  rt_system.o(i.rt_stk_check)
    rt_switch_req                            0x08004c79   Thumb Code    30  rt_task.o(i.rt_switch_req)
    rt_sys_init                              0x08004ca1   Thumb Code   138  rt_task.o(i.rt_sys_init)
    rt_sys_start                             0x08004d6d   Thumb Code   108  rt_task.o(i.rt_sys_start)
    rt_systick                               0x08004de5   Thumb Code    50  rt_system.o(i.rt_systick)
    rt_tsk_create                            0x08004ead   Thumb Code   116  rt_task.o(i.rt_tsk_create)
    rt_tsk_delete                            0x08004f31   Thumb Code   342  rt_task.o(i.rt_tsk_delete)
    rt_tsk_prio                              0x080050a5   Thumb Code   108  rt_task.o(i.rt_tsk_prio)
    rt_tsk_self                              0x08005121   Thumb Code    12  rt_task.o(i.rt_tsk_self)
    svcKernelInitialize                      0x08005765   Thumb Code    80  rt_cmsis.o(i.svcKernelInitialize)
    svcKernelStart                           0x080057d5   Thumb Code    62  rt_cmsis.o(i.svcKernelStart)
    svcMessageCreate                         0x0800581d   Thumb Code    36  rt_cmsis.o(i.svcMessageCreate)
    svcMessageGet                            0x08005841   Thumb Code    58  rt_cmsis.o(i.svcMessageGet)
    svcMutexCreate                           0x0800587b   Thumb Code    28  rt_cmsis.o(i.svcMutexCreate)
    svcMutexRelease                          0x08005897   Thumb Code    34  rt_cmsis.o(i.svcMutexRelease)
    svcMutexWait                             0x080058b9   Thumb Code    54  rt_cmsis.o(i.svcMutexWait)
    svcSignalSet                             0x080058ef   Thumb Code    36  rt_cmsis.o(i.svcSignalSet)
    svcSignalWait                            0x08005915   Thumb Code    80  rt_cmsis.o(i.svcSignalWait)
    svcThreadCreate                          0x08005969   Thumb Code   100  rt_cmsis.o(i.svcThreadCreate)
    svcThreadGetId                           0x080059d9   Thumb Code    22  rt_cmsis.o(i.svcThreadGetId)
    svcThreadTerminate                       0x080059f5   Thumb Code    50  rt_cmsis.o(i.svcThreadTerminate)
    svcTimerCall                             0x08005a2d   Thumb Code    24  rt_cmsis.o(i.svcTimerCall)
    svcTimerCreate                           0x08005a45   Thumb Code    52  rt_cmsis.o(i.svcTimerCreate)
    svcTimerStart                            0x08005a7d   Thumb Code    72  rt_cmsis.o(i.svcTimerStart)
    sysTimerTick                             0x08005ac5   Thumb Code    76  rt_cmsis.o(i.sysTimerTick)
    timer_callback                           0x08005b19   Thumb Code     4  cpu_stm32f1_rtx_keil.o(i.timer_callback)
    os_mutex_def_canopenOdLock               0x08005b1c   Data           4  main.o(.constdata)
    os_thread_def_canopen_task               0x08005b20   Data          16  main.o(.constdata)
    od_description                           0x08005b70   Data         504  gen_objdict.o(.constdata)
    od_assign                                0x08005d68   Data         128  gen_objdict.o(.constdata)
    od_data_variables                        0x08005e04   Data         116  gen_objdict.o(.constdata)
    os_timer_def_coTimer                     0x08005edc   Data           8  cpu_stm32f1_rtx_keil.o(.constdata)
    priority                                 0x08005ff8   Data           7  co_led.o(.constdata)
    os_maxtaskrun                            0x0800602a   Data           2  rtx_conf_cm.o(.constdata)
    os_stackinfo                             0x0800602c   Data           4  rtx_conf_cm.o(.constdata)
    os_rrobin                                0x08006030   Data           4  rtx_conf_cm.o(.constdata)
    os_trv                                   0x08006034   Data           4  rtx_conf_cm.o(.constdata)
    os_flags                                 0x08006038   Data           1  rtx_conf_cm.o(.constdata)
    CMSIS_RTOS_API_Version                   0x0800603c   Data           4  rtx_conf_cm.o(.constdata)
    CMSIS_RTOS_RTX_Version                   0x08006040   Data           4  rtx_conf_cm.o(.constdata)
    os_clockrate                             0x08006044   Data           4  rtx_conf_cm.o(.constdata)
    os_timernum                              0x08006048   Data           4  rtx_conf_cm.o(.constdata)
    mp_tcb_size                              0x0800604c   Data           2  rtx_conf_cm.o(.constdata)
    mp_stk_size                              0x08006050   Data           4  rtx_conf_cm.o(.constdata)
    os_stack_sz                              0x08006054   Data           4  rtx_conf_cm.o(.constdata)
    os_fifo_size                             0x08006058   Data           1  rtx_conf_cm.o(.constdata)
    os_thread_def_osTimerThread              0x0800605c   Data          16  rtx_conf_cm.o(.constdata)
    os_messageQ_def_osTimerMessageQ          0x0800606c   Data           8  rtx_conf_cm.o(.constdata)
    mp_tmr_size                              0x08006074   Data           2  rtx_conf_cm.o(.constdata)
    Region$$Table$$Base                      0x08006078   Number         0  anon$$obj.o(Region$$Table)
    Region$$Table$$Limit                     0x08006098   Number         0  anon$$obj.o(Region$$Table)
    canopenTaskId                            0x20000000   Data           4  main.o(.data)
    canopenOdLockId                          0x20000004   Data           4  main.o(.data)
    m_tmr                                    0x20000158   Data           4  rtx_conf_cm.o(.data)
    os_thread_def_main                       0x2000015c   Data          16  rtx_conf_cm.o(.data)
    osThreadId_osTimerThread                 0x2000016c   Data           4  rtx_conf_cm.o(.data)
    osMessageQId_osTimerMessageQ             0x20000170   Data           4  rtx_conf_cm.o(.data)
    os_initialized                           0x20000174   Data           1  rt_cmsis.o(.data)
    os_running                               0x20000175   Data           1  rt_cmsis.o(.data)
    os_timer_head                            0x20000178   Data           4  rt_cmsis.o(.data)
    os_tsk                                   0x2000017c   Data           8  rt_task.o(.data)
    os_tick_irqn                             0x20000188   Data           4  rt_system.o(.data)
    os_time                                  0x2000018c   Data           4  rt_time.o(.data)
    dbg_msg                                  0x20000190   Data           1  hal_cm.o(.data)
    os_robin                                 0x20000194   Data           8  rt_robin.o(.data)
    os_mutex_cb_canopenOdLock                0x2000019c   Data          16  main.o(.bss)
    os_timer_cb_coTimer                      0x200001ac   Data          20  cpu_stm32f1_rtx_keil.o(.bss)
    os_messageQ_q_osTimerMessageQ            0x20000700   Data          32  rtx_conf_cm.o(.bss)
    mp_tcb                                   0x20000720   Data         376  rtx_conf_cm.o(.bss)
    mp_stk                                   0x20000898   Data        1016  rtx_conf_cm.o(.bss)
    os_stack_mem                             0x20000c90   Data        3312  rtx_conf_cm.o(.bss)
    os_fifo                                  0x20001980   Data         132  rtx_conf_cm.o(.bss)
    os_active_TCB                            0x20001a04   Data          28  rtx_conf_cm.o(.bss)
    os_idle_TCB                              0x20001a20   Data          52  rt_task.o(.bss)
    os_rdy                                   0x20001a54   Data          24  rt_list.o(.bss)
    os_dly                                   0x20001a6c   Data          24  rt_list.o(.bss)
    __initial_sp                             0x20001e88   Data           0  startup_stm32f10x_md.o(STACK)



==============================================================================

Memory Map of the image

  Image Entry point : 0x080000ed

  Load Region LR_IROM1 (Base: 0x08000000, Size: 0x00006234, Max: 0x00020000, ABSOLUTE, COMPRESSED[0x000060b0])

    Execution Region ER_IROM1 (Base: 0x08000000, Size: 0x00006098, Max: 0x00020000, ABSOLUTE)

    Base Addr    Size         Type   Attr      Idx    E Section Name        Object

    0x08000000   0x000000ec   Data   RO         2583    RESET               startup_stm32f10x_md.o
    0x080000ec   0x00000000   Code   RO         3812  * .ARM.Collect$$$$00000000  mc_w.l(entry.o)
    0x080000ec   0x00000004   Code   RO         3821    .ARM.Collect$$$$00000001  mc_w.l(entry2.o)
    0x080000f0   0x00000004   Code   RO         3824    .ARM.Collect$$$$00000004  mc_w.l(entry5.o)
    0x080000f4   0x00000000   Code   RO         3826    .ARM.Collect$$$$00000008  mc_w.l(entry7b.o)
    0x080000f4   0x00000000   Code   RO         3828    .ARM.Collect$$$$0000000A  mc_w.l(entry8b.o)
    0x080000f4   0x00000000   Code   RO         3829    .ARM.Collect$$$$0000000D  mc_w.l(entry10a.o)
    0x080000f4   0x00000000   Code   RO         3831    .ARM.Collect$$$$0000000F  mc_w.l(entry11a.o)
    0x080000f4   0x00000018   Code   RO         1944    .ARM.Collect$$$$000000FF  rtx_conf_cm.o
    0x0800010c   0x00000004   Code   RO         3822    .ARM.Collect$$$$00002712  mc_w.l(entry2.o)
    0x08000110   0x00000130   Code   RO         3799    .emb_text           RTX_CM3.lib(hal_cm3.o)
    0x08000240   0x00000024   Code   RO         2584    .text               startup_stm32f10x_md.o
    0x08000264   0x00000024   Code   RO         3815    .text               mc_w.l(memcpya.o)
    0x08000288   0x00000024   Code   RO         3817    .text               mc_w.l(memseta.o)
    0x080002ac   0x00000024   Code   RO         3833    .text               mc_w.l(init.o)
    0x080002d0   0x0000003a   Code   RO         3843    .text               mc_w.l(__dczerorl.o)
    0x0800030a   0x00000002   PAD
    0x0800030c   0x00000004   Code   RO         3809    SVC_TABLE           RTX_CM3.lib(svc_table.o)
    0x08000310   0x00000004   Code   RO          423    i.CAN1_RX1_IRQHandler  cpu_stm32f1_rtx_keil.o
    0x08000314   0x0000009c   Code   RO         2060    i.GPIO_Init         stm32f10x_gpio.o
    0x080003b0   0x00000058   Code   RO         2062    i.GPIO_PinRemapConfig  stm32f10x_gpio.o
    0x08000408   0x00000010   Code   RO         2069    i.GPIO_StructInit   stm32f10x_gpio.o
    0x08000418   0x00000048   Code   RO          424    i.NVIC_Configuration  cpu_stm32f1_rtx_keil.o
    0x08000460   0x00000016   Code   RO          426    i.NVIC_EnableIRQ    cpu_stm32f1_rtx_keil.o
    0x08000476   0x00000002   PAD
    0x08000478   0x00000014   Code   RO         2007    i.NVIC_PriorityGroupConfig  misc.o
    0x0800048c   0x00000020   Code   RO          427    i.NVIC_SetPriority  cpu_stm32f1_rtx_keil.o
    0x080004ac   0x00000018   Code   RO         2182    i.RCC_APB1PeriphClockCmd  stm32f10x_rcc.o
    0x080004c4   0x00000018   Code   RO         2183    i.RCC_APB1PeriphResetCmd  stm32f10x_rcc.o
    0x080004dc   0x00000018   Code   RO         2184    i.RCC_APB2PeriphClockCmd  stm32f10x_rcc.o
    0x080004f4   0x000000a8   Code   RO         2591    i.SetSysClockTo72   system_stm32f10x.o
    0x0800059c   0x00000050   Code   RO         2593    i.SystemInit        system_stm32f10x.o
    0x080005ec   0x00000004   Code   RO          428    i.USB_HP_CAN1_TX_IRQHandler  cpu_stm32f1_rtx_keil.o
    0x080005f0   0x00000004   Code   RO          429    i.USB_LP_CAN1_RX0_IRQHandler  cpu_stm32f1_rtx_keil.o
    0x080005f4   0x0000000e   Code   RO         3837    i.__scatterload_copy  mc_w.l(handlers.o)
    0x08000602   0x00000002   Code   RO         3838    i.__scatterload_null  mc_w.l(handlers.o)
    0x08000604   0x0000000e   Code   RO         3839    i.__scatterload_zeroinit  mc_w.l(handlers.o)
    0x08000612   0x00000046   Code   RO         3677    i._init_box         RTX_CM3.lib(rt_membox.o)
    0x08000658   0x00000054   Code   RO         1740    i.addTimer          co_timer.o
    0x080006ac   0x00000014   Code   RO         1488    i.addToInhibitList  co_queue.o
    0x080006c0   0x00000024   Code   RO         1489    i.addToTransmitList  co_queue.o
    0x080006e4   0x00000002   Code   RO           72    i.canInd            main.o
    0x080006e6   0x00000002   PAD
    0x080006e8   0x000000fc   Code   RO           73    i.canopen_task      main.o
    0x080007e4   0x00000080   Code   RO         1226    i.checkRecPdoMappingTable  co_pdo.o
    0x08000864   0x0000009c   Code   RO         1227    i.checkTrPdoMappingTable  co_pdo.o
    0x08000900   0x0000009c   Code   RO          238    i.coCanOpenStackInit  gen_objdict.o
    0x0800099c   0x00000048   Code   RO         1920    i.coCanOpenStackVarInit  co_stackinit.o
    0x080009e4   0x000000e0   Code   RO          629    i.coCommStateEvent  co_commtask.o
    0x08000ac4   0x00000012   Code   RO          630    i.coCommTask        co_commtask.o
    0x08000ad6   0x00000002   PAD
    0x08000ad8   0x00000020   Code   RO          631    i.coCommTaskSet     co_commtask.o
    0x08000af8   0x00000024   Code   RO          709    i.coEmcyProducerInit  co_emcy.o
    0x08000b1c   0x000000a4   Code   RO          710    i.coEmcyWriteReq    co_emcy.o
    0x08000bc0   0x0000006c   Code   RO          783    i.coErrorCtrlInit   co_errctrl.o
    0x08000c2c   0x0000001c   Code   RO          632    i.coEventRegister_CAN_STATE  co_commtask.o
    0x08000c48   0x0000001c   Code   RO          633    i.coEventRegister_COMM_EVENT  co_commtask.o
    0x08000c64   0x0000001c   Code   RO          784    i.coEventRegister_ERRCTRL  co_errctrl.o
    0x08000c80   0x00000028   Code   RO         1795    i.coEventRegister_LED_GREEN  co_led.o
    0x08000ca8   0x00000028   Code   RO         1796    i.coEventRegister_LED_RED  co_led.o
    0x08000cd0   0x0000001c   Code   RO          890    i.coEventRegister_NMT  co_nmt.o
    0x08000cec   0x0000001c   Code   RO         1228    i.coEventRegister_PDO  co_pdo.o
    0x08000d08   0x0000001c   Code   RO         1229    i.coEventRegister_PDO_REC_EVENT  co_pdo.o
    0x08000d24   0x0000001c   Code   RO         1588    i.coEventRegister_SDO_SERVER_CHECK_WRITE  co_sdoserv.o
    0x08000d40   0x0000001c   Code   RO         1589    i.coEventRegister_SDO_SERVER_READ  co_sdoserv.o
    0x08000d5c   0x0000001c   Code   RO         1590    i.coEventRegister_SDO_SERVER_WRITE  co_sdoserv.o
    0x08000d78   0x00000012   Code   RO         1797    i.coLedInit         co_led.o
    0x08000d8a   0x00000002   PAD
    0x08000d8c   0x00000070   Code   RO         1798    i.coLedSetGreen     co_led.o
    0x08000dfc   0x00000070   Code   RO         1799    i.coLedSetRed       co_led.o
    0x08000e6c   0x0000004c   Code   RO         1800    i.coLedSetState     co_led.o
    0x08000eb8   0x0000000c   Code   RO          891    i.coNmtGetNodeId    co_nmt.o
    0x08000ec4   0x0000000c   Code   RO          892    i.coNmtGetState     co_nmt.o
    0x08000ed0   0x00000038   Code   RO          893    i.coNmtInit         co_nmt.o
    0x08000f08   0x0000000c   Code   RO          973    i.coNumMemcpy       co_odaccess.o
    0x08000f14   0x0000000c   Code   RO          974    i.coNumMemcpyPack   co_odaccess.o
    0x08000f20   0x00000004   Code   RO          975    i.coNumMemcpyUnpack  co_odaccess.o
    0x08000f24   0x0000004c   Code   RO          977    i.coOdGetDefaultVal_u16  co_odaccess.o
    0x08000f70   0x00000060   Code   RO          978    i.coOdGetDefaultVal_u32  co_odaccess.o
    0x08000fd0   0x00000058   Code   RO          979    i.coOdGetDefaultVal_u8  co_odaccess.o
    0x08001028   0x00000004   Code   RO          981    i.coOdGetObjAttribute  co_odaccess.o
    0x0800102c   0x00000030   Code   RO          982    i.coOdGetObjDescPtr  co_odaccess.o
    0x0800105c   0x000000e0   Code   RO          983    i.coOdGetObjSize    co_odaccess.o
    0x0800113c   0x00000094   Code   RO          991    i.coOdInitOdPtr     co_odaccess.o
    0x080011d0   0x00000088   Code   RO         1231    i.coPdoReceiveInit  co_pdo.o
    0x08001258   0x00000060   Code   RO         1232    i.coPdoReqNr        co_pdo.o
    0x080012b8   0x000000fc   Code   RO         1234    i.coPdoTransmitInit  co_pdo.o
    0x080013b4   0x0000002c   Code   RO         1490    i.coQueueGetNextTransmitMessage  co_queue.o
    0x080013e0   0x0000002c   Code   RO         1491    i.coQueueGetReceiveBuffer  co_queue.o
    0x0800140c   0x00000038   Code   RO         1492    i.coQueueInit       co_queue.o
    0x08001444   0x00000008   Code   RO         1493    i.coQueueMsgTransmitted  co_queue.o
    0x0800144c   0x00000024   Code   RO         1494    i.coQueueReceiveBufferIsFilled  co_queue.o
    0x08001470   0x00000018   Code   RO         1495    i.coQueueReceiveMessageAvailable  co_queue.o
    0x08001488   0x0000004c   Code   RO         1591    i.coSdoServerInit   co_sdoserv.o
    0x080014d4   0x00000010   Code   RO         1742    i.coTimerInit       co_timer.o
    0x080014e4   0x0000001c   Code   RO         1743    i.coTimerIsActive   co_timer.o
    0x08001500   0x00000058   Code   RO         1744    i.coTimerStart      co_timer.o
    0x08001558   0x0000002c   Code   RO         1745    i.coTimerStop       co_timer.o
    0x08001584   0x00000018   Code   RO         1746    i.coTimerTick       co_timer.o
    0x0800159c   0x00000024   Code   RO          294    i.codrvCanDisable   codrv_bxcan.o
    0x080015c0   0x0000000e   Code   RO          295    i.codrvCanDriverHandler  codrv_bxcan.o
    0x080015ce   0x00000002   PAD
    0x080015d0   0x00000028   Code   RO          296    i.codrvCanEnable    codrv_bxcan.o
    0x080015f8   0x00000008   Code   RO          391    i.codrvCanErrorGetFlags  codrv_error.o
    0x08001600   0x0000008c   Code   RO          297    i.codrvCanErrorHandler  codrv_bxcan.o
    0x0800168c   0x000000bc   Code   RO          392    i.codrvCanErrorInformStack  codrv_error.o
    0x08001748   0x00000014   Code   RO          393    i.codrvCanErrorInit  codrv_error.o
    0x0800175c   0x00000010   Code   RO          298    i.codrvCanInit      codrv_bxcan.o
    0x0800176c   0x000000bc   Code   RO          299    i.codrvCanInitController  codrv_bxcan.o
    0x08001828   0x000000bc   Code   RO          301    i.codrvCanReceiveInterrupt  codrv_bxcan.o
    0x080018e4   0x0000005c   Code   RO          302    i.codrvCanSetBitRate  codrv_bxcan.o
    0x08001940   0x00000070   Code   RO          303    i.codrvCanSetFilter  codrv_bxcan.o
    0x080019b0   0x0000005c   Code   RO          304    i.codrvCanSetIdFilter  codrv_bxcan.o
    0x08001a0c   0x0000000e   Code   RO          432    i.codrvCanSetTxInterrupt  cpu_stm32f1_rtx_keil.o
    0x08001a1a   0x00000002   PAD
    0x08001a1c   0x00000020   Code   RO          305    i.codrvCanStartTransmission  codrv_bxcan.o
    0x08001a3c   0x00000070   Code   RO          306    i.codrvCanTransmit  codrv_bxcan.o
    0x08001aac   0x00000050   Code   RO          307    i.codrvCanTransmitInterrupt  codrv_bxcan.o
    0x08001afc   0x00000078   Code   RO          433    i.codrvHardwareCanInit  cpu_stm32f1_rtx_keil.o
    0x08001b74   0x0000000e   Code   RO          434    i.codrvHardwareInit  cpu_stm32f1_rtx_keil.o
    0x08001b82   0x00000002   PAD
    0x08001b84   0x00000018   Code   RO          435    i.codrvTimerISR     cpu_stm32f1_rtx_keil.o
    0x08001b9c   0x00000028   Code   RO          436    i.codrvTimerSetup   cpu_stm32f1_rtx_keil.o
    0x08001bc4   0x00000002   Code   RO           74    i.commInd           main.o
    0x08001bc6   0x00000002   PAD
    0x08001bc8   0x00000030   Code   RO         3730    i.dbg_init          RTX_CM3.lib(hal_cm.o)
    0x08001bf8   0x00000020   Code   RO         3731    i.dbg_task_notify   RTX_CM3.lib(hal_cm.o)
    0x08001c18   0x00000010   Code   RO         3732    i.dbg_task_switch   RTX_CM3.lib(hal_cm.o)
    0x08001c28   0x00000030   Code   RO          787    i.errCtrlInd        co_errctrl.o
    0x08001c58   0x0000002c   Code   RO          788    i.hbConsFailure     co_errctrl.o
    0x08001c84   0x0000001c   Code   RO          789    i.hbProdSendMessage  co_errctrl.o
    0x08001ca0   0x00000002   Code   RO           75    i.hbState           main.o
    0x08001ca2   0x00000002   PAD
    0x08001ca4   0x00000034   Code   RO          536    i.icoCheckRestrictedCobs  co_cobhandler.o
    0x08001cd8   0x00000054   Code   RO          538    i.icoCobCheck       co_cobhandler.o
    0x08001d2c   0x00000044   Code   RO          539    i.icoCobCreate      co_cobhandler.o
    0x08001d70   0x00000028   Code   RO          540    i.icoCobDisable     co_cobhandler.o
    0x08001d98   0x00000020   Code   RO          541    i.icoCobDisableAll  co_cobhandler.o
    0x08001db8   0x0000004c   Code   RO          543    i.icoCobFilterSet   co_cobhandler.o
    0x08001e04   0x00000020   Code   RO          545    i.icoCobGetPointer  co_cobhandler.o
    0x08001e24   0x0000000c   Code   RO          546    i.icoCobHandlerVarInit  co_cobhandler.o
    0x08001e30   0x00000058   Code   RO          547    i.icoCobSet         co_cobhandler.o
    0x08001e88   0x0000002c   Code   RO          548    i.icoCobSetInhibit  co_cobhandler.o
    0x08001eb4   0x00000014   Code   RO          634    i.icoCommTaskVarInit  co_commtask.o
    0x08001ec8   0x00000038   Code   RO          712    i.icoEmcyCheckObjLimitCobid  co_emcy.o
    0x08001f00   0x0000000c   Code   RO          713    i.icoEmcyCheckObjLimitHist  co_emcy.o
    0x08001f0c   0x0000004c   Code   RO          714    i.icoEmcyGetObjectAddr  co_emcy.o
    0x08001f58   0x00000040   Code   RO          715    i.icoEmcyObjChanged  co_emcy.o
    0x08001f98   0x0000004c   Code   RO          716    i.icoEmcyProducerSetDefaultValue  co_emcy.o
    0x08001fe4   0x00000014   Code   RO          717    i.icoEmcyReset      co_emcy.o
    0x08001ff8   0x00000018   Code   RO          718    i.icoEmcyVarInit    co_emcy.o
    0x08002010   0x0000003c   Code   RO          719    i.icoEmcyWriteReq   co_emcy.o
    0x0800204c   0x00000048   Code   RO          790    i.icoErrCtrlCheckObjLimit  co_errctrl.o
    0x08002094   0x00000038   Code   RO          791    i.icoErrCtrlGetObjectAddr  co_errctrl.o
    0x080020cc   0x00000020   Code   RO          792    i.icoErrCtrlObjChanged  co_errctrl.o
    0x080020ec   0x0000002c   Code   RO          793    i.icoErrorBehavior  co_errctrl.o
    0x08002118   0x0000004c   Code   RO          794    i.icoErrorCtrlReset  co_errctrl.o
    0x08002164   0x00000068   Code   RO          795    i.icoErrorCtrlSetDefaultValue  co_errctrl.o
    0x080021cc   0x0000002c   Code   RO          796    i.icoErrorCtrlVarInit  co_errctrl.o
    0x080021f8   0x00000024   Code   RO         1876    i.icoEventCheck     co_event.o
    0x0800221c   0x0000000c   Code   RO         1877    i.icoEventInit      co_event.o
    0x08002228   0x0000005c   Code   RO         1001    i.icoEventObjectChanged  co_odaccess.o
    0x08002284   0x00000040   Code   RO          797    i.icoHbProdStart    co_errctrl.o
    0x080022c4   0x000000d4   Code   RO          798    i.icoNmtErrorCtrlHandler  co_errctrl.o
    0x08002398   0x0000007c   Code   RO          896    i.icoNmtMsgHandler  co_nmt.o
    0x08002414   0x00000010   Code   RO          897    i.icoNmtPersistantNodeIdGet  co_nmt.o
    0x08002424   0x00000088   Code   RO          898    i.icoNmtStateChange  co_nmt.o
    0x080024ac   0x0000001c   Code   RO          899    i.icoNmtVarInit     co_nmt.o
    0x080024c8   0x00000044   Code   RO         1002    i.icoOdAccessVarInit  co_odaccess.o
    0x0800250c   0x00000184   Code   RO         1004    i.icoOdCheckObjLimits  co_odaccess.o
    0x08002690   0x0000002c   Code   RO         1005    i.icoOdGetNumberOfSubs  co_odaccess.o
    0x080026bc   0x00000084   Code   RO         1006    i.icoOdGetObj       co_odaccess.o
    0x08002740   0x00000082   Code   RO         1007    i.icoOdGetObjRecMapData  co_odaccess.o
    0x080027c2   0x0000004a   Code   RO         1008    i.icoOdGetObjTrMapData  co_odaccess.o
    0x0800280c   0x000000b0   Code   RO         1009    i.icoOdPutObj       co_odaccess.o
    0x080028bc   0x0000019c   Code   RO         1010    i.icoOdReset        co_odaccess.o
    0x08002a58   0x00000038   Code   RO         1235    i.icoPdoOperational  co_pdo.o
    0x08002a90   0x0000002c   Code   RO         1236    i.icoPdoPreOperational  co_pdo.o
    0x08002abc   0x00000090   Code   RO         1237    i.icoPdoReceiveHandler  co_pdo.o
    0x08002b4c   0x00000098   Code   RO         1238    i.icoPdoReset       co_pdo.o
    0x08002be4   0x00000044   Code   RO         1239    i.icoPdoRtrHandler  co_pdo.o
    0x08002c28   0x00000188   Code   RO         1240    i.icoPdoSetDefaultValue  co_pdo.o
    0x08002db0   0x00000014   Code   RO         1241    i.icoPdoVarInit     co_pdo.o
    0x08002dc4   0x00000016   Code   RO         1496    i.icoQueueDeleteInhibit  co_queue.o
    0x08002dda   0x00000002   PAD
    0x08002ddc   0x00000090   Code   RO         1497    i.icoQueueGetReceiveMessage  co_queue.o
    0x08002e6c   0x00000074   Code   RO         1498    i.icoQueueHandler   co_queue.o
    0x08002ee0   0x00000018   Code   RO         1499    i.icoQueueVarInit   co_queue.o
    0x08002ef8   0x00000048   Code   RO         1242    i.icoRecMapCheckObjLimitMapEntry  co_pdo.o
    0x08002f40   0x0000007c   Code   RO         1243    i.icoRecMapCheckObjLimitMapTable  co_pdo.o
    0x08002fbc   0x00000030   Code   RO         1244    i.icoRecMapGetObjectAddr  co_pdo.o
    0x08002fec   0x00000030   Code   RO         1245    i.icoRecMapGetObjectAddr_R  co_pdo.o
    0x0800301c   0x00000048   Code   RO         1246    i.icoRecPdoCheckObjLimitCobid  co_pdo.o
    0x08003064   0x00000038   Code   RO         1247    i.icoRecPdoCheckObjLimit_u16  co_pdo.o
    0x0800309c   0x00000040   Code   RO         1248    i.icoRecPdoCheckObjLimit_u8  co_pdo.o
    0x080030dc   0x00000050   Code   RO         1249    i.icoRecPdoGetObjectAddr  co_pdo.o
    0x0800312c   0x0000006c   Code   RO         1250    i.icoRecPdoObjChanged  co_pdo.o
    0x08003198   0x0000006c   Code   RO         1592    i.icoSdoCheckObjLimitCobId  co_sdoserv.o
    0x08003204   0x00000018   Code   RO         1593    i.icoSdoCheckObjLimitNode  co_sdoserv.o
    0x0800321c   0x00000060   Code   RO         1594    i.icoSdoCheckUserCheckWriteInd  co_sdoserv.o
    0x0800327c   0x00000050   Code   RO         1595    i.icoSdoCheckUserReadInd  co_sdoserv.o
    0x080032cc   0x00000058   Code   RO         1596    i.icoSdoCheckUserWriteInd  co_sdoserv.o
    0x08003324   0x00000050   Code   RO         1599    i.icoSdoGetObjectAddr  co_sdoserv.o
    0x08003374   0x00000050   Code   RO         1600    i.icoSdoObjChanged  co_sdoserv.o
    0x080033c4   0x0000007c   Code   RO         1601    i.icoSdoServerAbort  co_sdoserv.o
    0x08003440   0x00000098   Code   RO         1602    i.icoSdoServerHandler  co_sdoserv.o
    0x080034d8   0x00000054   Code   RO         1603    i.icoSdoServerReset  co_sdoserv.o
    0x0800352c   0x0000005c   Code   RO         1604    i.icoSdoServerSetDefaultValue  co_sdoserv.o
    0x08003588   0x00000020   Code   RO         1605    i.icoSdoServerVarInit  co_sdoserv.o
    0x080035a8   0x00000004   Code   RO         1908    i.icoStoreLoadReq   co_store.o
    0x080035ac   0x00000064   Code   RO         1747    i.icoTimerCheck     co_timer.o
    0x08003610   0x00000048   Code   RO         1251    i.icoTrMapCheckObjLimitMapEntry  co_pdo.o
    0x08003658   0x00000050   Code   RO         1252    i.icoTrMapCheckObjLimitMapTable  co_pdo.o
    0x080036a8   0x00000034   Code   RO         1253    i.icoTrMapGetObjectAddr  co_pdo.o
    0x080036dc   0x00000034   Code   RO         1254    i.icoTrMapGetObjectAddr_R  co_pdo.o
    0x08003710   0x0000004c   Code   RO         1255    i.icoTrPdoCheckObjLimitCobid  co_pdo.o
    0x0800375c   0x0000003c   Code   RO         1256    i.icoTrPdoCheckObjLimit_u16  co_pdo.o
    0x08003798   0x00000048   Code   RO         1257    i.icoTrPdoCheckObjLimit_u8  co_pdo.o
    0x080037e0   0x0000006c   Code   RO         1258    i.icoTrPdoGetObjectAddr  co_pdo.o
    0x0800384c   0x0000009c   Code   RO         1260    i.icoTrPdoObjChanged  co_pdo.o
    0x080038e8   0x00000160   Code   RO         1500    i.icoTransmitMessage  co_queue.o
    0x08003a48   0x00000004   Code   RO         1501    i.inhibitTimer      co_queue.o
    0x08003a4c   0x0000002c   Code   RO         2631    i.isrMessagePut     RTX_CM3.lib(rt_cmsis.o)
    0x08003a78   0x00000028   Code   RO         3405    i.isr_evt_set       RTX_CM3.lib(rt_event.o)
    0x08003aa0   0x00000050   Code   RO         3523    i.isr_mbx_receive   RTX_CM3.lib(rt_mailbox.o)
    0x08003af0   0x0000000e   Code   RO         3524    i.isr_mbx_send      RTX_CM3.lib(rt_mailbox.o)
    0x08003afe   0x00000002   Code   RO           77    i.ledGreenInd       main.o
    0x08003b00   0x00000024   Code   RO         1802    i.ledGreenInd       co_led.o
    0x08003b24   0x00000002   Code   RO           78    i.ledRedInd         main.o
    0x08003b26   0x00000002   PAD
    0x08003b28   0x00000024   Code   RO         1803    i.ledRedInd         co_led.o
    0x08003b4c   0x00000094   Code   RO         1804    i.ledTimerInd       co_led.o
    0x08003be0   0x00000030   Code   RO           79    i.main              main.o
    0x08003c10   0x00000054   Code   RO         1502    i.moveInhibitToTransmitList  co_queue.o
    0x08003c64   0x00000004   Code   RO           80    i.nmtInd            main.o
    0x08003c68   0x00000020   Code   RO          900    i.nmtResetAppl      co_nmt.o
    0x08003c88   0x0000006c   Code   RO          901    i.nmtResetComm      co_nmt.o
    0x08003cf4   0x00000110   Code   RO         1011    i.odGetObjAddr      co_odaccess.o
    0x08003e04   0x00000094   Code   RO         1012    i.odGetObjAddr_R    co_odaccess.o
    0x08003e98   0x000000b0   Code   RO         1013    i.odGetObjDescIdx   co_odaccess.o
    0x08003f48   0x00000024   Code   RO         2633    i.osKernelInitialize  RTX_CM3.lib(rt_cmsis.o)
    0x08003f6c   0x0000006c   Code   RO         2635    i.osKernelStart     RTX_CM3.lib(rt_cmsis.o)
    0x08003fd8   0x00000044   Code   RO         2644    i.osMessageGet      RTX_CM3.lib(rt_cmsis.o)
    0x0800401c   0x00000030   Code   RO         2646    i.osMutexCreate     RTX_CM3.lib(rt_cmsis.o)
    0x0800404c   0x00000018   Code   RO         2648    i.osMutexRelease    RTX_CM3.lib(rt_cmsis.o)
    0x08004064   0x00000018   Code   RO         2649    i.osMutexWait       RTX_CM3.lib(rt_cmsis.o)
    0x0800407c   0x00000034   Code   RO         2659    i.osSignalSet       RTX_CM3.lib(rt_cmsis.o)
    0x080040b0   0x00000018   Code   RO         2660    i.osSignalWait      RTX_CM3.lib(rt_cmsis.o)
    0x080040c8   0x00000030   Code   RO         2661    i.osThreadCreate    RTX_CM3.lib(rt_cmsis.o)
    0x080040f8   0x00000018   Code   RO         2662    i.osThreadExit      RTX_CM3.lib(rt_cmsis.o)
    0x08004110   0x0000000c   Code   RO         2668    i.osTimerCall       RTX_CM3.lib(rt_cmsis.o)
    0x0800411c   0x00000034   Code   RO         2669    i.osTimerCreate     RTX_CM3.lib(rt_cmsis.o)
    0x08004150   0x00000018   Code   RO         2671    i.osTimerStart      RTX_CM3.lib(rt_cmsis.o)
    0x08004168   0x0000002c   Code   RO         2673    i.osTimerThread     RTX_CM3.lib(rt_cmsis.o)
    0x08004194   0x00000010   Code   RO         1945    i.os_error          rtx_conf_cm.o
    0x080041a4   0x00000002   Code   RO         1946    i.os_idle_demon     rtx_conf_cm.o
    0x080041a6   0x00000002   PAD
    0x080041a8   0x00000028   Code   RO         3315    i.os_tick_init      RTX_CM3.lib(rt_system.o)
    0x080041d0   0x00000002   Code   RO         3316    i.os_tick_irqack    RTX_CM3.lib(rt_system.o)
    0x080041d2   0x00000008   Code   RO         1261    i.pdoEventTimer     co_pdo.o
    0x080041da   0x00000002   Code   RO           81    i.pdoInd            main.o
    0x080041dc   0x00000002   Code   RO           82    i.pdoRecEvent       main.o
    0x080041de   0x00000002   PAD
    0x080041e0   0x0000008c   Code   RO         1262    i.pdoReceiveData    co_pdo.o
    0x0800426c   0x00000024   Code   RO         1263    i.pdoReceiveEventTimer  co_pdo.o
    0x08004290   0x00000066   Code   RO         1264    i.pdoTransmitData   co_pdo.o
    0x080042f6   0x0000001a   Code   RO         3678    i.rt_alloc_box      RTX_CM3.lib(rt_membox.o)
    0x08004310   0x0000003c   Code   RO         3706    i.rt_alloc_mem      RTX_CM3.lib(rt_memory.o)
    0x0800434c   0x00000038   Code   RO         3230    i.rt_block          RTX_CM3.lib(rt_task.o)
    0x08004384   0x00000048   Code   RO         3778    i.rt_chk_robin      RTX_CM3.lib(rt_robin.o)
    0x080043cc   0x00000070   Code   RO         3447    i.rt_dec_dly        RTX_CM3.lib(rt_list.o)
    0x0800443c   0x00000044   Code   RO         3231    i.rt_dispatch       RTX_CM3.lib(rt_task.o)
    0x08004480   0x00000050   Code   RO         3408    i.rt_evt_psh        RTX_CM3.lib(rt_event.o)
    0x080044d0   0x0000005c   Code   RO         3409    i.rt_evt_set        RTX_CM3.lib(rt_event.o)
    0x0800452c   0x0000003c   Code   RO         3410    i.rt_evt_wait       RTX_CM3.lib(rt_event.o)
    0x08004568   0x00000020   Code   RO         3679    i.rt_free_box       RTX_CM3.lib(rt_membox.o)
    0x08004588   0x00000028   Code   RO         3707    i.rt_free_mem       RTX_CM3.lib(rt_memory.o)
    0x080045b0   0x00000028   Code   RO         3448    i.rt_get_first      RTX_CM3.lib(rt_list.o)
    0x080045d8   0x00000008   Code   RO         2678    i.rt_id2obj         RTX_CM3.lib(rt_cmsis.o)
    0x080045e0   0x00000048   Code   RO         3232    i.rt_init_context   RTX_CM3.lib(rt_task.o)
    0x08004628   0x0000001a   Code   RO         3708    i.rt_init_mem       RTX_CM3.lib(rt_memory.o)
    0x08004642   0x00000002   PAD
    0x08004644   0x00000018   Code   RO         3779    i.rt_init_robin     RTX_CM3.lib(rt_robin.o)
    0x0800465c   0x00000050   Code   RO         3733    i.rt_init_stack     RTX_CM3.lib(hal_cm.o)
    0x080046ac   0x00000008   Code   RO         3525    i.rt_mbx_check      RTX_CM3.lib(rt_mailbox.o)
    0x080046b4   0x0000001c   Code   RO         3526    i.rt_mbx_init       RTX_CM3.lib(rt_mailbox.o)
    0x080046d0   0x000000f0   Code   RO         3527    i.rt_mbx_psh        RTX_CM3.lib(rt_mailbox.o)
    0x080047c0   0x000000b0   Code   RO         3529    i.rt_mbx_wait       RTX_CM3.lib(rt_mailbox.o)
    0x08004870   0x0000003c   Code   RO         2679    i.rt_ms2tick        RTX_CM3.lib(rt_cmsis.o)
    0x080048ac   0x00000010   Code   RO         3647    i.rt_mut_init       RTX_CM3.lib(rt_mutex.o)
    0x080048bc   0x000000d8   Code   RO         3648    i.rt_mut_release    RTX_CM3.lib(rt_mutex.o)
    0x08004994   0x00000068   Code   RO         3649    i.rt_mut_wait       RTX_CM3.lib(rt_mutex.o)
    0x080049fc   0x0000007c   Code   RO         3319    i.rt_pop_req        RTX_CM3.lib(rt_system.o)
    0x08004a78   0x00000020   Code   RO         3320    i.rt_psh_req        RTX_CM3.lib(rt_system.o)
    0x08004a98   0x00000058   Code   RO         3450    i.rt_psq_enq        RTX_CM3.lib(rt_list.o)
    0x08004af0   0x00000048   Code   RO         3451    i.rt_put_dly        RTX_CM3.lib(rt_list.o)
    0x08004b38   0x00000036   Code   RO         3452    i.rt_put_prio       RTX_CM3.lib(rt_list.o)
    0x08004b6e   0x00000002   PAD
    0x08004b70   0x00000014   Code   RO         3453    i.rt_put_rdy_first  RTX_CM3.lib(rt_list.o)
    0x08004b84   0x00000034   Code   RO         3454    i.rt_resort_prio    RTX_CM3.lib(rt_list.o)
    0x08004bb8   0x00000006   Code   RO         3734    i.rt_ret_val        RTX_CM3.lib(hal_cm.o)
    0x08004bbe   0x00000008   Code   RO         3735    i.rt_ret_val2       RTX_CM3.lib(hal_cm.o)
    0x08004bc6   0x00000028   Code   RO         3455    i.rt_rmv_dly        RTX_CM3.lib(rt_list.o)
    0x08004bee   0x00000002   PAD
    0x08004bf0   0x00000030   Code   RO         3456    i.rt_rmv_list       RTX_CM3.lib(rt_list.o)
    0x08004c20   0x00000034   Code   RO         3574    i.rt_sem_psh        RTX_CM3.lib(rt_semaphore.o)
    0x08004c54   0x00000024   Code   RO         3322    i.rt_stk_check      RTX_CM3.lib(rt_system.o)
    0x08004c78   0x00000028   Code   RO         3233    i.rt_switch_req     RTX_CM3.lib(rt_task.o)
    0x08004ca0   0x000000cc   Code   RO         3234    i.rt_sys_init       RTX_CM3.lib(rt_task.o)
    0x08004d6c   0x00000078   Code   RO         3235    i.rt_sys_start      RTX_CM3.lib(rt_task.o)
    0x08004de4   0x00000040   Code   RO         3324    i.rt_systick        RTX_CM3.lib(rt_system.o)
    0x08004e24   0x00000012   Code   RO         2680    i.rt_tid2ptcb       RTX_CM3.lib(rt_cmsis.o)
    0x08004e36   0x00000002   PAD
    0x08004e38   0x00000038   Code   RO         2681    i.rt_timer_insert   RTX_CM3.lib(rt_cmsis.o)
    0x08004e70   0x0000003c   Code   RO         2682    i.rt_timer_remove   RTX_CM3.lib(rt_cmsis.o)
    0x08004eac   0x00000084   Code   RO         3236    i.rt_tsk_create     RTX_CM3.lib(rt_task.o)
    0x08004f30   0x00000174   Code   RO         3237    i.rt_tsk_delete     RTX_CM3.lib(rt_task.o)
    0x080050a4   0x0000007c   Code   RO         3239    i.rt_tsk_prio       RTX_CM3.lib(rt_task.o)
    0x08005120   0x00000010   Code   RO         3240    i.rt_tsk_self       RTX_CM3.lib(rt_task.o)
    0x08005130   0x00000004   Code   RO           83    i.sdoServerCheckWriteInd  main.o
    0x08005134   0x00000004   Code   RO           84    i.sdoServerReadInd  main.o
    0x08005138   0x000000b2   Code   RO         1606    i.sdoServerReadInit  co_sdoserv.o
    0x080051ea   0x00000086   Code   RO         1607    i.sdoServerReadSegment  co_sdoserv.o
    0x08005270   0x00000004   Code   RO           85    i.sdoServerWriteInd  main.o
    0x08005274   0x0000017c   Code   RO         1608    i.sdoServerWriteInit  co_sdoserv.o
    0x080053f0   0x000000b6   Code   RO         1609    i.sdoServerWriteSegment  co_sdoserv.o
    0x080054a6   0x00000002   PAD
    0x080054a8   0x00000044   Code   RO         1503    i.searchLastMessage  co_queue.o
    0x080054ec   0x00000024   Code   RO         1265    i.searchRecPdoIndex  co_pdo.o
    0x08005510   0x00000030   Code   RO         1610    i.searchSdoServerIndex  co_sdoserv.o
    0x08005540   0x00000024   Code   RO         1266    i.searchTrPdoIndex  co_pdo.o
    0x08005564   0x00000078   Code   RO          635    i.serviceManagement  co_commtask.o
    0x080055dc   0x00000010   Code   RO         1267    i.setPdoCob         co_pdo.o
    0x080055ec   0x00000060   Code   RO          799    i.setupHbConsumer   co_errctrl.o
    0x0800564c   0x0000007c   Code   RO         1268    i.setupPdoTrMapTable  co_pdo.o
    0x080056c8   0x00000048   Code   RO         1269    i.setupTrPdoTimer   co_pdo.o
    0x08005710   0x00000038   Code   RO         1805    i.startLedTimer     co_led.o
    0x08005748   0x0000001c   Code   RO         1806    i.stopLedTimer      co_led.o
    0x08005764   0x00000070   Code   RO         2684    i.svcKernelInitialize  RTX_CM3.lib(rt_cmsis.o)
    0x080057d4   0x00000048   Code   RO         2686    i.svcKernelStart    RTX_CM3.lib(rt_cmsis.o)
    0x0800581c   0x00000024   Code   RO         2689    i.svcMessageCreate  RTX_CM3.lib(rt_cmsis.o)
    0x08005840   0x0000003a   Code   RO         2690    i.svcMessageGet     RTX_CM3.lib(rt_cmsis.o)
    0x0800587a   0x0000001c   Code   RO         2692    i.svcMutexCreate    RTX_CM3.lib(rt_cmsis.o)
    0x08005896   0x00000022   Code   RO         2694    i.svcMutexRelease   RTX_CM3.lib(rt_cmsis.o)
    0x080058b8   0x00000036   Code   RO         2695    i.svcMutexWait      RTX_CM3.lib(rt_cmsis.o)
    0x080058ee   0x00000024   Code   RO         2702    i.svcSignalSet      RTX_CM3.lib(rt_cmsis.o)
    0x08005912   0x00000002   PAD
    0x08005914   0x00000054   Code   RO         2703    i.svcSignalWait     RTX_CM3.lib(rt_cmsis.o)
    0x08005968   0x00000070   Code   RO         2704    i.svcThreadCreate   RTX_CM3.lib(rt_cmsis.o)
    0x080059d8   0x0000001c   Code   RO         2705    i.svcThreadGetId    RTX_CM3.lib(rt_cmsis.o)
    0x080059f4   0x00000038   Code   RO         2708    i.svcThreadTerminate  RTX_CM3.lib(rt_cmsis.o)
    0x08005a2c   0x00000018   Code   RO         2710    i.svcTimerCall      RTX_CM3.lib(rt_cmsis.o)
    0x08005a44   0x00000038   Code   RO         2711    i.svcTimerCreate    RTX_CM3.lib(rt_cmsis.o)
    0x08005a7c   0x00000048   Code   RO         2713    i.svcTimerStart     RTX_CM3.lib(rt_cmsis.o)
    0x08005ac4   0x00000054   Code   RO         2719    i.sysTimerTick      RTX_CM3.lib(rt_cmsis.o)
    0x08005b18   0x00000004   Code   RO          437    i.timer_callback    cpu_stm32f1_rtx_keil.o
    0x08005b1c   0x00000014   Data   RO           87    .constdata          main.o
    0x08005b30   0x00000006   Data   RO          239    .constdata          gen_objdict.o
    0x08005b36   0x00000006   Data   RO          240    .constdata          gen_objdict.o
    0x08005b3c   0x0000002c   Data   RO          241    .constdata          gen_objdict.o
    0x08005b68   0x00000004   Data   RO          242    .constdata          gen_objdict.o
    0x08005b6c   0x00000004   Data   RO          243    .constdata          gen_objdict.o
    0x08005b70   0x0000031c   Data   RO          244    .constdata          gen_objdict.o
    0x08005e8c   0x00000050   Data   RO          310    .constdata          codrv_bxcan.o
    0x08005edc   0x00000008   Data   RO          439    .constdata          cpu_stm32f1_rtx_keil.o
    0x08005ee4   0x00000040   Data   RO          550    .constdata          co_cobhandler.o
    0x08005f24   0x00000024   Data   RO          636    .constdata          co_commtask.o
    0x08005f48   0x000000b0   Data   RO         1612    .constdata          co_sdoserv.o
    0x08005ff8   0x00000031   Data   RO         1808    .constdata          co_led.o
    0x08006029   0x00000001   PAD
    0x0800602a   0x00000002   Data   RO         1953    .constdata          rtx_conf_cm.o
    0x0800602c   0x00000004   Data   RO         1954    .constdata          rtx_conf_cm.o
    0x08006030   0x00000004   Data   RO         1955    .constdata          rtx_conf_cm.o
    0x08006034   0x00000004   Data   RO         1959    .constdata          rtx_conf_cm.o
    0x08006038   0x00000001   Data   RO         1960    .constdata          rtx_conf_cm.o
    0x08006039   0x00000003   PAD
    0x0800603c   0x00000010   Data   RO         1961    .constdata          rtx_conf_cm.o
    0x0800604c   0x00000002   Data   RO         1962    .constdata          rtx_conf_cm.o
    0x0800604e   0x00000002   PAD
    0x08006050   0x00000004   Data   RO         1963    .constdata          rtx_conf_cm.o
    0x08006054   0x00000004   Data   RO         1964    .constdata          rtx_conf_cm.o
    0x08006058   0x00000001   Data   RO         1965    .constdata          rtx_conf_cm.o
    0x08006059   0x00000003   PAD
    0x0800605c   0x00000010   Data   RO         1966    .constdata          rtx_conf_cm.o
    0x0800606c   0x00000008   Data   RO         1967    .constdata          rtx_conf_cm.o
    0x08006074   0x00000002   Data   RO         1968    .constdata          rtx_conf_cm.o
    0x08006076   0x00000002   PAD
    0x08006078   0x00000020   Data   RO         3835    Region$$Table       anon$$obj.o


    Execution Region RW_IRAM1 (Base: 0x20000000, Size: 0x00001e88, Max: 0x00005000, ABSOLUTE, COMPRESSED[0x00000018])

    Base Addr    Size         Type   Attr      Idx    E Section Name        Object

    0x20000000   0x00000008   Data   RW           90    .data               main.o
    0x20000008   0x00000004   Data   RW          245    .data               gen_objdict.o
    0x2000000c   0x00000002   Data   RW          246    .data               gen_objdict.o
    0x2000000e   0x00000002   PAD
    0x20000010   0x00000008   Data   RW          247    .data               gen_objdict.o
    0x20000018   0x00000004   Data   RW          248    .data               gen_objdict.o
    0x2000001c   0x00000004   Data   RW          249    .data               gen_objdict.o
    0x20000020   0x0000000c   Data   RW          311    .data               codrv_bxcan.o
    0x2000002c   0x00000006   Data   RW          394    .data               codrv_error.o
    0x20000032   0x00000002   Data   RW          551    .data               co_cobhandler.o
    0x20000034   0x00000010   Data   RW          637    .data               co_commtask.o
    0x20000044   0x00000014   Data   RW          720    .data               co_emcy.o
    0x20000058   0x0000000c   Data   RW          801    .data               co_errctrl.o
    0x20000064   0x00000010   Data   RW          902    .data               co_nmt.o
    0x20000074   0x00000080   Data   RW         1014    .data               co_odaccess.o
    0x200000f4   0x00000014   Data   RW         1271    .data               co_pdo.o
    0x20000108   0x00000010   Data   RW         1505    .data               co_queue.o
    0x20000118   0x00000010   Data   RW         1613    .data               co_sdoserv.o
    0x20000128   0x0000000c   Data   RW         1748    .data               co_timer.o
    0x20000134   0x00000020   Data   RW         1809    .data               co_led.o
    0x20000154   0x00000004   Data   RW         1880    .data               co_event.o
    0x20000158   0x00000004   Data   RW         1970    .data               rtx_conf_cm.o
    0x2000015c   0x00000010   Data   RW         1971    .data               rtx_conf_cm.o
    0x2000016c   0x00000004   Data   RW         1972    .data               rtx_conf_cm.o
    0x20000170   0x00000004   Data   RW         1973    .data               rtx_conf_cm.o
    0x20000174   0x00000008   Data   RW         2722    .data               RTX_CM3.lib(rt_cmsis.o)
    0x2000017c   0x00000008   Data   RW         3242    .data               RTX_CM3.lib(rt_task.o)
    0x20000184   0x00000008   Data   RW         3327    .data               RTX_CM3.lib(rt_system.o)
    0x2000018c   0x00000004   Data   RW         3617    .data               RTX_CM3.lib(rt_time.o)
    0x20000190   0x00000001   Data   RW         3736    .data               RTX_CM3.lib(hal_cm.o)
    0x20000191   0x00000003   PAD
    0x20000194   0x00000008   Data   RW         3780    .data               RTX_CM3.lib(rt_robin.o)
    0x2000019c   0x00000010   Zero   RW           86    .bss                main.o
    0x200001ac   0x00000014   Zero   RW          438    .bss                cpu_stm32f1_rtx_keil.o
    0x200001c0   0x00000180   Zero   RW          549    .bss                co_cobhandler.o
    0x20000340   0x00000040   Zero   RW          800    .bss                co_errctrl.o
    0x20000380   0x00000098   Zero   RW         1270    .bss                co_pdo.o
    0x20000418   0x000002a8   Zero   RW         1504    .bss                co_queue.o
    0x200006c0   0x00000028   Zero   RW         1611    .bss                co_sdoserv.o
    0x200006e8   0x00000018   Zero   RW         1807    .bss                co_led.o
    0x20000700   0x00000020   Zero   RW         1947    .bss                rtx_conf_cm.o
    0x20000720   0x00000178   Zero   RW         1948    .bss                rtx_conf_cm.o
    0x20000898   0x000003f8   Zero   RW         1949    .bss                rtx_conf_cm.o
    0x20000c90   0x00000cf0   Zero   RW         1950    .bss                rtx_conf_cm.o
    0x20001980   0x00000084   Zero   RW         1951    .bss                rtx_conf_cm.o
    0x20001a04   0x0000001c   Zero   RW         1952    .bss                rtx_conf_cm.o
    0x20001a20   0x00000034   Zero   RW         3241    .bss                RTX_CM3.lib(rt_task.o)
    0x20001a54   0x00000030   Zero   RW         3457    .bss                RTX_CM3.lib(rt_list.o)
    0x20001a84   0x00000004   PAD
    0x20001a88   0x00000400   Zero   RW         2581    STACK               startup_stm32f10x_md.o


==============================================================================

Image component sizes


      Code (inc. data)   RO Data    RW Data    ZI Data      Debug   Object Name

       528         70         64          2        384       8258   co_cobhandler.o
       470         38         36         16          0       5778   co_commtask.o
       588         46          0         20          0       6959   co_emcy.o
      1056         92          0         12         64       9976   co_errctrl.o
        48          8          0          4          0       1587   co_event.o
       702         76         49         32         24       7319   co_led.o
       552         42          0         16          0       6508   co_nmt.o
      2824        264          0        128          0      17448   co_odaccess.o
      3670        244          0         20        152      28728   co_pdo.o
      1082         88          0         16        680      10465   co_queue.o
      2122        100        176         16         40      16700   co_sdoserv.o
        72          0          0          0          0       1248   co_stackinit.o
         4          0          0          0          0        482   co_store.o
       384         36          0         12          0       4615   co_timer.o
      1142        110         80         12          0       9974   codrv_bxcan.o
       216         14          0          6          0       2423   codrv_error.o
       354         22          8          0         20      29561   cpu_stm32f1_rtx_keil.o
       156          4        860         22          0       1846   gen_objdict.o
       330         60         20          8         16      23137   main.o
        20         10          0          0          0        547   misc.o
        42          6         68         28       4896       8432   rtx_conf_cm.o
         0          0          0          0          0     214932   setup.o
        36          8        236          0       1024        816   startup_stm32f10x_md.o
       260          6          0          0          0       3260   stm32f10x_gpio.o
        72         18          0          0          0       1803   stm32f10x_rcc.o
       248         24          0          0          0       1621   system_stm32f10x.o

    ----------------------------------------------------------------------
     17006       1386       1640        372       7300     424423   Object Totals
         0          0         32          0          0          0   (incl. Generated)
        28          0         11          2          0          0   (incl. Padding)

    ----------------------------------------------------------------------

      Code (inc. data)   RO Data    RW Data    ZI Data      Debug   Library Member Name

       190         24          0          1          0       2404   hal_cm.o
       304         36          0          0          0        684   hal_cm3.o
      1780        200          0          8          0      33962   rt_cmsis.o
       272         18          0          0          0       1990   rt_event.o
       526         36          0          0         48       6513   rt_list.o
       546         10          0          0          0       2937   rt_mailbox.o
       128          0          0          0          0       1441   rt_membox.o
       126          0          0          0          0       1751   rt_memory.o
       336         12          0          0          0       1613   rt_mutex.o
        96         22          0          8          0        918   rt_robin.o
        52          4          0          0          0        437   rt_semaphore.o
       298         54          0          8          0       5275   rt_system.o
      1204        176          0          8         52       7829   rt_task.o
         0          0          0          4          0        138   rt_time.o
         4          4          0          0          0        124   svc_table.o
        58          0          0          0          0          0   __dczerorl.o
         0          0          0          0          0          0   entry.o
         0          0          0          0          0          0   entry10a.o
         0          0          0          0          0          0   entry11a.o
         8          4          0          0          0          0   entry2.o
         4          0          0          0          0          0   entry5.o
         0          0          0          0          0          0   entry7b.o
         0          0          0          0          0          0   entry8b.o
        30          0          0          0          0          0   handlers.o
        36          8          0          0          0         68   init.o
        36          0          0          0          0         68   memcpya.o
        36          0          0          0          0        108   memseta.o

    ----------------------------------------------------------------------
      6082        608          0         40        104      68260   Library Totals
        12          0          0          3          4          0   (incl. Padding)

    ----------------------------------------------------------------------

      Code (inc. data)   RO Data    RW Data    ZI Data      Debug   Library Name

      5862        596          0         37        100      68016   RTX_CM3.lib
       208         12          0          0          0        244   mc_w.l

    ----------------------------------------------------------------------
      6082        608          0         40        104      68260   Library Totals

    ----------------------------------------------------------------------

==============================================================================


      Code (inc. data)   RO Data    RW Data    ZI Data      Debug   

     23088       1994       1640        412       7404     476587   Grand Totals
     23088       1994       1640         24       7404     476587   ELF Image Totals (compressed)
     23088       1994       1640         24          0          0   ROM Totals

==============================================================================

    Total RO  Size (Code + RO Data)                24728 (  24.15kB)
    Total RW  Size (RW Data + ZI Data)              7816 (   7.63kB)
    Total ROM Size (Code + RO Data + RW Data)      24752 (  24.17kB)

==============================================================================

